Archive member included to satisfy reference by file (symbol)

c:/software/altera/18.1/nios2eds/bin/gnu/h-x86_64-mingw32/bin/../lib/gcc/nios2-elf/5.3.0\libgcc.a(lib2-divmod.o)
                              obj/default/hello_world.o (__divsi3)
c:/software/altera/18.1/nios2eds/bin/gnu/h-x86_64-mingw32/bin/../lib/gcc/nios2-elf/5.3.0/../../../../../H-x86_64-mingw32/nios2-elf/lib\libc.a(lib_a-getc.o)
                              obj/default/uart_nios2.o (getc)
c:/software/altera/18.1/nios2eds/bin/gnu/h-x86_64-mingw32/bin/../lib/gcc/nios2-elf/5.3.0/../../../../../H-x86_64-mingw32/nios2-elf/lib\libc.a(lib_a-impure.o)
                              obj/default/uart_nios2.o (_impure_ptr)
c:/software/altera/18.1/nios2eds/bin/gnu/h-x86_64-mingw32/bin/../lib/gcc/nios2-elf/5.3.0/../../../../../H-x86_64-mingw32/nios2-elf/lib\libc.a(lib_a-memset.o)
                              obj/default/hello_world.o (memset)
c:/software/altera/18.1/nios2eds/bin/gnu/h-x86_64-mingw32/bin/../lib/gcc/nios2-elf/5.3.0/../../../../../H-x86_64-mingw32/nios2-elf/lib\libc.a(lib_a-printf.o)
                              obj/default/hello_world.o (printf)
c:/software/altera/18.1/nios2eds/bin/gnu/h-x86_64-mingw32/bin/../lib/gcc/nios2-elf/5.3.0/../../../../../H-x86_64-mingw32/nios2-elf/lib\libc.a(lib_a-putchar.o)
                              obj/default/uart_nios2.o (putchar)
c:/software/altera/18.1/nios2eds/bin/gnu/h-x86_64-mingw32/bin/../lib/gcc/nios2-elf/5.3.0/../../../../../H-x86_64-mingw32/nios2-elf/lib\libc.a(lib_a-rget.o)
                              c:/software/altera/18.1/nios2eds/bin/gnu/h-x86_64-mingw32/bin/../lib/gcc/nios2-elf/5.3.0/../../../../../H-x86_64-mingw32/nios2-elf/lib\libc.a(lib_a-getc.o) (__srget_r)
c:/software/altera/18.1/nios2eds/bin/gnu/h-x86_64-mingw32/bin/../lib/gcc/nios2-elf/5.3.0/../../../../../H-x86_64-mingw32/nios2-elf/lib\libc.a(lib_a-strcpy.o)
                              obj/default/hello_world.o (strcpy)
c:/software/altera/18.1/nios2eds/bin/gnu/h-x86_64-mingw32/bin/../lib/gcc/nios2-elf/5.3.0/../../../../../H-x86_64-mingw32/nios2-elf/lib\libc.a(lib_a-strlen.o)
                              obj/default/hello_world.o (strlen)
c:/software/altera/18.1/nios2eds/bin/gnu/h-x86_64-mingw32/bin/../lib/gcc/nios2-elf/5.3.0/../../../../../H-x86_64-mingw32/nios2-elf/lib\libc.a(lib_a-vfprintf.o)
                              c:/software/altera/18.1/nios2eds/bin/gnu/h-x86_64-mingw32/bin/../lib/gcc/nios2-elf/5.3.0/../../../../../H-x86_64-mingw32/nios2-elf/lib\libc.a(lib_a-printf.o) (___vfprintf_internal_r)
c:/software/altera/18.1/nios2eds/bin/gnu/h-x86_64-mingw32/bin/../lib/gcc/nios2-elf/5.3.0/../../../../../H-x86_64-mingw32/nios2-elf/lib\libc.a(lib_a-wsetup.o)
                              c:/software/altera/18.1/nios2eds/bin/gnu/h-x86_64-mingw32/bin/../lib/gcc/nios2-elf/5.3.0/../../../../../H-x86_64-mingw32/nios2-elf/lib\libc.a(lib_a-vfprintf.o) (__swsetup_r)
c:/software/altera/18.1/nios2eds/bin/gnu/h-x86_64-mingw32/bin/../lib/gcc/nios2-elf/5.3.0/../../../../../H-x86_64-mingw32/nios2-elf/lib\libc.a(lib_a-dtoa.o)
                              c:/software/altera/18.1/nios2eds/bin/gnu/h-x86_64-mingw32/bin/../lib/gcc/nios2-elf/5.3.0/../../../../../H-x86_64-mingw32/nios2-elf/lib\libc.a(lib_a-vfprintf.o) (_dtoa_r)
c:/software/altera/18.1/nios2eds/bin/gnu/h-x86_64-mingw32/bin/../lib/gcc/nios2-elf/5.3.0/../../../../../H-x86_64-mingw32/nios2-elf/lib\libc.a(lib_a-fflush.o)
                              c:/software/altera/18.1/nios2eds/bin/gnu/h-x86_64-mingw32/bin/../lib/gcc/nios2-elf/5.3.0/../../../../../H-x86_64-mingw32/nios2-elf/lib\libc.a(lib_a-vfprintf.o) (_fflush_r)
c:/software/altera/18.1/nios2eds/bin/gnu/h-x86_64-mingw32/bin/../lib/gcc/nios2-elf/5.3.0/../../../../../H-x86_64-mingw32/nios2-elf/lib\libc.a(lib_a-findfp.o)
                              c:/software/altera/18.1/nios2eds/bin/gnu/h-x86_64-mingw32/bin/../lib/gcc/nios2-elf/5.3.0/../../../../../H-x86_64-mingw32/nios2-elf/lib\libc.a(lib_a-getc.o) (__sinit)
c:/software/altera/18.1/nios2eds/bin/gnu/h-x86_64-mingw32/bin/../lib/gcc/nios2-elf/5.3.0/../../../../../H-x86_64-mingw32/nios2-elf/lib\libc.a(lib_a-freer.o)
                              c:/software/altera/18.1/nios2eds/bin/gnu/h-x86_64-mingw32/bin/../lib/gcc/nios2-elf/5.3.0/../../../../../H-x86_64-mingw32/nios2-elf/lib\libc.a(lib_a-wsetup.o) (_free_r)
c:/software/altera/18.1/nios2eds/bin/gnu/h-x86_64-mingw32/bin/../lib/gcc/nios2-elf/5.3.0/../../../../../H-x86_64-mingw32/nios2-elf/lib\libc.a(lib_a-fwalk.o)
                              c:/software/altera/18.1/nios2eds/bin/gnu/h-x86_64-mingw32/bin/../lib/gcc/nios2-elf/5.3.0/../../../../../H-x86_64-mingw32/nios2-elf/lib\libc.a(lib_a-findfp.o) (_fwalk)
c:/software/altera/18.1/nios2eds/bin/gnu/h-x86_64-mingw32/bin/../lib/gcc/nios2-elf/5.3.0/../../../../../H-x86_64-mingw32/nios2-elf/lib\libc.a(lib_a-locale.o)
[...]
Memory Configuration

Name             Origin             Length             Attributes
reset            0x0000000000800000 0x0000000000000020
sdram_0          0x0000000000800020 0x00000000007fffe0
*default*        0x0000000000000000 0xffffffffffffffff

Linker script and memory map

LOAD ../Lab2_CLI_bsp//obj/HAL/src/crt0.o
LOAD obj/default/fatfs.o
LOAD obj/default/fatfs_diskio.o
LOAD obj/default/fatfs_nios2_de0_nano_spi.o
LOAD obj/default/fatfs_nios2_de1_pio.o
LOAD obj/default/fatfs_nios2_de1_spi.o
LOAD obj/default/ff.o
LOAD obj/default/hello_world.o
LOAD obj/default/monitor.o
LOAD obj/default/uart_nios2.o
LOAD c:/software/altera/18.1/nios2eds/bin/gnu/h-x86_64-mingw32/bin/../lib/gcc/nios2-elf/5.3.0/../../../../../H-x86_64-mingw32/nios2-elf/lib\libstdc++.a
LOAD c:/software/altera/18.1/nios2eds/bin/gnu/h-x86_64-mingw32/bin/../lib/gcc/nios2-elf/5.3.0/../../../../../H-x86_64-mingw32/nios2-elf/lib\libm.a
LOAD c:/software/altera/18.1/nios2eds/bin/gnu/h-x86_64-mingw32/bin/../lib/gcc/nios2-elf/5.3.0\libgcc.a
START GROUP
LOAD c:/software/altera/18.1/nios2eds/bin/gnu/h-x86_64-mingw32/bin/../lib/gcc/nios2-elf/5.3.0/../../../../../H-x86_64-mingw32/nios2-elf/lib\libc.a
LOAD c:/software/altera/18.1/nios2eds/bin/gnu/h-x86_64-mingw32/bin/../lib/gcc/nios2-elf/5.3.0\libgcc.a
LOAD ../Lab2_CLI_bsp/\libhal_bsp.a
LOAD c:/software/altera/18.1/nios2eds/bin/gnu/h-x86_64-mingw32/bin/../lib/gcc/nios2-elf/5.3.0/../../../../../H-x86_64-mingw32/nios2-elf/lib\libm.a
END GROUP
LOAD c:/software/altera/18.1/nios2eds/bin/gnu/h-x86_64-mingw32/bin/../lib/gcc/nios2-elf/5.3.0\libgcc.a
                0x0000000000800000                __alt_mem_sdram_0 = 0x800000

.entry          0x0000000000800000       0x20
 *(.entry)
 .entry         0x0000000000800000       0x20 ../Lab2_CLI_bsp//obj/HAL/src/crt0.o
                0x0000000000800000                __reset

.exceptions     0x0000000000800020      0x228
                0x0000000000800020                PROVIDE (__ram_exceptions_start, ABSOLUTE (.))
                0x0000000000800020                . = ALIGN (0x20)
 *(.irq)
 *(.exceptions.entry.label)
 .exceptions.entry.label
                0x0000000000800020        0x0 ../Lab2_CLI_bsp/\libhal_bsp.a(alt_irq_entry.o)
                0x0000000000800020                alt_irq_entry
 .exceptions.entry.label
                0x0000000000800020        0x0 ../Lab2_CLI_bsp/\libhal_bsp.a(alt_exception_entry.o)
                0x0000000000800020                alt_exception
 *(.exceptions.entry.user)
 *(.exceptions.entry.ecc_fatal)
 *(.exceptions.entry)
 .exceptions.entry
                0x0000000000800020       0x54 ../Lab2_CLI_bsp/\libhal_bsp.a(alt_exception_entry.o)
 *(.exceptions.irqtest.user)
 *(.exceptions.irqtest)
 .exceptions.irqtest
                0x0000000000800074       0x10 ../Lab2_CLI_bsp/\libhal_bsp.a(alt_irq_entry.o)
 *(.exceptions.irqhandler.user)
 *(.exceptions.irqhandler)
 .exceptions.irqhandler
                0x0000000000800084        0x4 ../Lab2_CLI_bsp/\libhal_bsp.a(alt_irq_entry.o)
 *(.exceptions.irqreturn.user)
 *(.exceptions.irqreturn)
 .exceptions.irqreturn
                0x0000000000800088        0x4 ../Lab2_CLI_bsp/\libhal_bsp.a(alt_irq_entry.o)
 *(.exceptions.notirq.label)
 .exceptions.notirq.label
                0x000000000080008c        0x0 ../Lab2_CLI_bsp/\libhal_bsp.a(alt_irq_entry.o)
 *(.exceptions.notirq.user)
 *(.exceptions.notirq)
 .exceptions.notirq
                0x000000000080008c        0x8 ../Lab2_CLI_bsp/\libhal_bsp.a(alt_exception_entry.o)
 *(.exceptions.soft.user)
 *(.exceptions.soft)
 *(.exceptions.unknown.user)
 *(.exceptions.unknown)
 .exceptions.unknown
                0x0000000000800094       0x14 ../Lab2_CLI_bsp/\libhal_bsp.a(alt_exception_entry.o)
 *(.exceptions.exit.label)
 .exceptions.exit.label
                0x00000000008000a8        0x0 ../Lab2_CLI_bsp/\libhal_bsp.a(alt_irq_entry.o)
 .exceptions.exit.label
                0x00000000008000a8        0x0 ../Lab2_CLI_bsp/\libhal_bsp.a(alt_exception_entry.o)
 *(.exceptions.exit.user)
 *(.exceptions.exit)
 .exceptions.exit
                0x00000000008000a8       0x54 ../Lab2_CLI_bsp/\libhal_bsp.a(alt_exception_entry.o)
 *(.exceptions)
 .exceptions    0x00000000008000fc       0xd8 ../Lab2_CLI_bsp/\libhal_bsp.a(alt_irq_handler.o)
                0x00000000008000fc                alt_irq_handler
 .exceptions    0x00000000008001d4       0x74 ../Lab2_CLI_bsp/\libhal_bsp.a(alt_instruction_exception_entry.o)
                0x00000000008001d4                alt_instruction_exception_entry
                0x0000000000800248                PROVIDE (__ram_exceptions_end, ABSOLUTE (.))
                0x0000000000800020                PROVIDE (__flash_exceptions_start, LOADADDR (.exceptions))

.text           0x0000000000800248    0x1afd4
                [!provide]                        PROVIDE (stext, ABSOLUTE (.))
 *(.interp)
 *(.hash)
 *(.dynsym)
 *(.dynstr)
 *(.gnu.version)
 *(.gnu.version_d)
 *(.gnu.version_r)
 *(.rel.init)
 *(.rela.init)
 *(.rel.text .rel.text.* .rel.gnu.linkonce.t.*)
 *(.rela.text .rela.text.* .rela.gnu.linkonce.t.*)
 *(.rel.fini)
 *(.rela.fini)
 *(.rel.rodata .rel.rodata.* .rel.gnu.linkonce.r.*)
 *(.rela.rodata .rela.rodata.* .rela.gnu.linkonce.r.*)
 *(.rel.data .rel.data.* .rel.gnu.linkonce.d.*)
 *(.rela.data .rela.data.* .rela.gnu.linkonce.d.*)
 *(.rel.tdata .rel.tdata.* .rel.gnu.linkonce.td.*)
 *(.rela.tdata .rela.tdata.* .rela.gnu.linkonce.td.*)
 *(.rel.tbss .rel.tbss.* .rel.gnu.linkonce.tb.*)
 *(.rela.tbss .rela.tbss.* .rela.gnu.linkonce.tb.*)
 *(.rel.ctors)
 *(.rela.ctors)
 *(.rel.dtors)
 *(.rela.dtors)
 *(.rel.got)
 *(.rela.got)
 *(.rel.sdata .rel.sdata.* .rel.gnu.linkonce.s.*)
 *(.rela.sdata .rela.sdata.* .rela.gnu.linkonce.s.*)
 *(.rel.sbss .rel.sbss.* .rel.gnu.linkonce.sb.*)
 *(.rela.sbss .rela.sbss.* .rela.gnu.linkonce.sb.*)
 *(.rel.sdata2 .rel.sdata2.* .rel.gnu.linkonce.s2.*)
 *(.rela.sdata2 .rela.sdata2.* .rela.gnu.linkonce.s2.*)
 *(.rel.sbss2 .rel.sbss2.* .rel.gnu.linkonce.sb2.*)
 *(.rela.sbss2 .rela.sbss2.* .rela.gnu.linkonce.sb2.*)
 *(.rel.bss .rel.bss.* .rel.gnu.linkonce.b.*)
 *(.rela.bss .rela.bss.* .rela.gnu.linkonce.b.*)
 *(.rel.plt)
 *(.rela.plt)
 *(.rel.dyn)
 *(.init)
 *(.plt)
 *(.text .stub .text.* .gnu.linkonce.t.*)
 .text          0x0000000000800248       0x4c ../Lab2_CLI_bsp//obj/HAL/src/crt0.o
                0x0000000000800248                _start
 .text          0x0000000000800294       0x24 obj/default/fatfs.o
                0x0000000000800294                ffs_Init
 .text          0x00000000008002b8     0x12d0 obj/default/fatfs_diskio.o
                0x0000000000800a4c                ffs_DiskIOInit
                0x0000000000800a78                ffs_DiskIOTimerproc
                0x0000000000800b84                ffs_DiskIOInitialize
                0x0000000000800de0                ffs_DiskIOStatus
                0x0000000000800e08                ffs_DiskIORead
                0x0000000000800f28                ffs_DiskIOWrite
                0x0000000000801098                ffs_DiskIOIoctl
                0x000000000080155c                get_fattime
 .text          0x0000000000801588        0x0 obj/default/fatfs_nios2_de0_nano_spi.o
 .text          0x0000000000801588        0x0 obj/default/fatfs_nios2_de1_pio.o
 .text          0x0000000000801588        0x0 obj/default/fatfs_nios2_de1_spi.o
 .text          0x0000000000801588     0x6b6c obj/default/ff.o
                0x0000000000801ad8                clust2sect
                0x0000000000801b44                get_fat
                0x0000000000801dd4                put_fat
                0x0000000000803f60                f_mount
                0x0000000000803ff4                f_open
                0x0000000000804478                f_read
                0x0000000000804960                f_write
                0x0000000000804ee4                f_sync
                0x000000000080516c                f_close
                0x00000000008051b4                f_lseek
                0x00000000008056a4                f_opendir
                0x0000000000805814                f_readdir
                0x00000000008058f8                f_stat
                0x0000000000805998                f_getfree
                0x0000000000805c84                f_truncate
                0x0000000000805e6c                f_unlink
                0x0000000000806084                f_mkdir
                0x00000000008064bc                f_chmod
                0x00000000008065c8                f_utime
                0x00000000008066dc                f_rename
                0x00000000008069f0                f_mkfs
                0x00000000008078b0                f_gets
                0x0000000000807988                f_putc
                0x00000000008079fc                f_puts
                0x0000000000807a94                f_printf
 .text          0x00000000008080f4     0x1714 obj/default/hello_world.o
                0x00000000008083cc                main
 .text          0x0000000000809808      0x9a8 obj/default/monitor.o
                0x0000000000809808                xatoi
                0x0000000000809a8c                xputc
                0x0000000000809ae0                xputs
                0x0000000000809b4c                xitoa
                0x0000000000809d0c                xprintf
                0x0000000000809fd0                put_dump
                0x000000000080a0f0                get_line
 .text          0x000000000080a1b0       0xb0 obj/default/uart_nios2.o
                0x000000000080a1b0                uart0_init
                0x000000000080a1d4                uart0_put
                0x000000000080a210                uart0_get
 .text          0x000000000080a260      0x1b4 c:/software/altera/18.1/nios2eds/bin/gnu/h-x86_64-mingw32/bin/../lib/gcc/nios2-elf/5.3.0\libgcc.a(lib2-divmod.o)
                0x000000000080a260                __divsi3
                0x000000000080a2e4                __modsi3
                0x000000000080a358                __udivsi3
                0x000000000080a3bc                __umodsi3
 .text          0x000000000080a414        0x0 c:/software/altera/18.1/nios2eds/bin/gnu/h-x86_64-mingw32/bin/../lib/gcc/nios2-elf/5.3.0/../../../../../H-x86_64-mingw32/nios2-elf/lib\libc.a(lib_a-getc.o)
 .text._getc_r  0x000000000080a414       0x70 c:/software/altera/18.1/nios2eds/bin/gnu/h-x86_64-mingw32/bin/../lib/gcc/nios2-elf/5.3.0/../../../../../H-x86_64-mingw32/nios2-elf/lib\libc.a(lib_a-getc.o)
                0x000000000080a414                _getc_r
 .text.getc     0x000000000080a484       0x88 c:/software/altera/18.1/nios2eds/bin/gnu/h-x86_64-mingw32/bin/../lib/gcc/nios2-elf/5.3.0/../../../../../H-x86_64-mingw32/nios2-elf/lib\libc.a(lib_a-getc.o)
                0x000000000080a484                getc
 .text          0x000000000080a50c        0x0 c:/software/altera/18.1/nios2eds/bin/gnu/h-x86_64-mingw32/bin/../lib/gcc/nios2-elf/5.3.0/../../../../../H-x86_64-mingw32/nios2-elf/lib\libc.a(lib_a-impure.o)
 .text          0x000000000080a50c        0x0 c:/software/altera/18.1/nios2eds/bin/gnu/h-x86_64-mingw32/bin/../lib/gcc/nios2-elf/5.3.0/../../../../../H-x86_64-mingw32/nios2-elf/lib\libc.a(lib_a-memset.o)
 .text.memset   0x000000000080a50c      0x128 c:/software/altera/18.1/nios2eds/bin/gnu/h-x86_64-mingw32/bin/../lib/gcc/nios2-elf/5.3.0/../../../../../H-x86_64-mingw32/nios2-elf/lib\libc.a(lib_a-memset.o)
                0x000000000080a50c                memset
 .text          0x000000000080a634        0x0 c:/software/altera/18.1/nios2eds/bin/gnu/h-x86_64-mingw32/bin/../lib/gcc/nios2-elf/5.3.0/../../../../../H-x86_64-mingw32/nios2-elf/lib\libc.a(lib_a-printf.o)
 .text._printf_r
                0x000000000080a634       0x30 c:/software/altera/18.1/nios2eds/bin/gnu/h-x86_64-mingw32/bin/../lib/gcc/nios2-elf/5.3.0/../../../../../H-x86_64-mingw32/nios2-elf/lib\libc.a(lib_a-printf.o)
                0x000000000080a634                _printf_r
 .text.printf   0x000000000080a664       0x3c c:/software/altera/18.1/nios2eds/bin/gnu/h-x86_64-mingw32/bin/../lib/gcc/nios2-elf/5.3.0/../../../../../H-x86_64-mingw32/nios2-elf/lib\libc.a(lib_a-printf.o)
                0x000000000080a664                printf
 .text          0x000000000080a6a0        0x0 c:/software/altera/18.1/nios2eds/bin/gnu/h-x86_64-mingw32/bin/../lib/gcc/nios2-elf/5.3.0/../../../../../H-x86_64-mingw32/nios2-elf/lib\libc.a(lib_a-putchar.o)
 .text._putchar_r
                0x000000000080a6a0        0x8 c:/software/altera/18.1/nios2eds/bin/gnu/h-x86_64-mingw32/bin/../lib/gcc/nios2-elf/5.3.0/../../../../../H-x86_64-mingw32/nios2-elf/lib\libc.a(lib_a-putchar.o)
                0x000000000080a6a0                _putchar_r
 .text.putchar  0x000000000080a6a8       0x18 c:/software/altera/18.1/nios2eds/bin/gnu/h-x86_64-mingw32/bin/../lib/gcc/nios2-elf/5.3.0/../../../../../H-x86_64-mingw32/nios2-elf/lib\libc.a(lib_a-putchar.o)
                0x000000000080a6a8                putchar
 .text          0x000000000080a6c0        0x0 c:/software/altera/18.1/nios2eds/bin/gnu/h-x86_64-mingw32/bin/../lib/gcc/nios2-elf/5.3.0/../../../../../H-x86_64-mingw32/nios2-elf/lib\libc.a(lib_a-rget.o)
 .text.__srget_r
                0x000000000080a6c0       0x74 c:/software/altera/18.1/nios2eds/bin/gnu/h-x86_64-mingw32/bin/../lib/gcc/nios2-elf/5.3.0/../../../../../H-x86_64-mingw32/nios2-elf/lib\libc.a(lib_a-rget.o)
                0x000000000080a6c0                __srget_r
 .text.__srget  0x000000000080a734       0x14 c:/software/altera/18.1/nios2eds/bin/gnu/h-x86_64-mingw32/bin/../lib/gcc/nios2-elf/5.3.0/../../../../../H-x86_64-mingw32/nios2-elf/lib\libc.a(lib_a-rget.o)
                0x000000000080a734                __srget
 .text          0x000000000080a748        0x0 c:/software/altera/18.1/nios2eds/bin/gnu/h-x86_64-mingw32/bin/../lib/gcc/nios2-elf/5.3.0/../../../../../H-x86_64-mingw32/nios2-elf/lib\libc.a(lib_a-strcpy.o)
 .text.strcpy   0x000000000080a748       0x90 c:/software/altera/18.1/nios2eds/bin/gnu/h-x86_64-mingw32/bin/../lib/gcc/nios2-elf/5.3.0/../../../../../H-x86_64-mingw32/nios2-elf/lib\libc.a(lib_a-strcpy.o)
                0x000000000080a748                strcpy
 .text          0x000000000080a7d8        0x0 c:/software/altera/18.1/nios2eds/bin/gnu/h-x86_64-mingw32/bin/../lib/gcc/nios2-elf/5.3.0/../../../../../H-x86_64-mingw32/nios2-elf/lib\libc.a(lib_a-strlen.o)
 .text.strlen   0x000000000080a7d8       0x98 c:/software/altera/18.1/nios2eds/bin/gnu/h-x86_64-mingw32/bin/../lib/gcc/nios2-elf/5.3.0/../../../../../H-x86_64-mingw32/nios2-elf/lib\libc.a(lib_a-strlen.o)
                0x000000000080a7d8                strlen
 .text          0x000000000080a870        0x0 c:/software/altera/18.1/nios2eds/bin/gnu/h-x86_64-mingw32/bin/../lib/gcc/nios2-elf/5.3.0/../../../../../H-x86_64-mingw32/nios2-elf/lib\libc.a(lib_a-vfprintf.o)
 .text.___vfprintf_internal_r
                0x000000000080a870     0x21f8 c:/software/altera/18.1/nios2eds/bin/gnu/h-x86_64-mingw32/bin/../lib/gcc/nios2-elf/5.3.0/../../../../../H-x86_64-mingw32/nios2-elf/lib\libc.a(lib_a-vfprintf.o)
                0x000000000080a870                ___vfprintf_internal_r
 .text.__vfprintf_internal
                0x000000000080ca68       0x1c c:/software/altera/18.1/nios2eds/bin/gnu/h-x86_64-mingw32/bin/../lib/gcc/nios2-elf/5.3.0/../../../../../H-x86_64-mingw32/nios2-elf/lib\libc.a(lib_a-vfprintf.o)
                0x000000000080ca68                __vfprintf_internal
 .text.__sbprintf
                0x000000000080ca84       0xbc c:/software/altera/18.1/nios2eds/bin/gnu/h-x86_64-mingw32/bin/../lib/gcc/nios2-elf/5.3.0/../../../../../H-x86_64-mingw32/nios2-elf/lib\libc.a(lib_a-vfprintf.o)
 .text          0x000000000080cb40        0x0 c:/software/altera/18.1/nios2eds/bin/gnu/h-x86_64-mingw32/bin/../lib/gcc/nios2-elf/5.3.0/../../../../../H-x86_64-mingw32/nios2-elf/lib\libc.a(lib_a-wsetup.o)
 .text.__swsetup_r
                0x000000000080cb40      0x154 c:/software/altera/18.1/nios2eds/bin/gnu/h-x86_64-mingw32/bin/../lib/gcc/nios2-elf/5.3.0/../../../../../H-x86_64-mingw32/nios2-elf/lib\libc.a(lib_a-wsetup.o)
                0x000000000080cb40                __swsetup_r
 .text          0x000000000080cc94        0x0 c:/software/altera/18.1/nios2eds/bin/gnu/h-x86_64-mingw32/bin/../lib/gcc/nios2-elf/5.3.0/../../../../../H-x86_64-mingw32/nios2-elf/lib\libc.a(lib_a-dtoa.o)
 .text.quorem   0x000000000080cc94      0x200 c:/software/altera/18.1/nios2eds/bin/gnu/h-x86_64-mingw32/bin/../lib/gcc/nios2-elf/5.3.0/../../../../../H-x86_64-mingw32/nios2-elf/lib\libc.a(lib_a-dtoa.o)
 .text._dtoa_r  0x000000000080ce94     0x1688 c:/software/altera/18.1/nios2eds/bin/gnu/h-x86_64-mingw32/bin/../lib/gcc/nios2-elf/5.3.0/../../../../../H-x86_64-mingw32/nios2-elf/lib\libc.a(lib_a-dtoa.o)
                0x000000000080ce94                _dtoa_r
 .text          0x000000000080e51c        0x0 c:/software/altera/18.1/nios2eds/bin/gnu/h-x86_64-mingw32/bin/../lib/gcc/nios2-elf/5.3.0/../../../../../H-x86_64-mingw32/nios2-elf/lib\libc.a(lib_a-fflush.o)
 .text.__sflush_r
                0x000000000080e51c      0x21c c:/software/altera/18.1/nios2eds/bin/gnu/h-x86_64-mingw32/bin/../lib/gcc/nios2-elf/5.3.0/../../../../../H-x86_64-mingw32/nios2-elf/lib\libc.a(lib_a-fflush.o)
                0x000000000080e51c                __sflush_r
 .text._fflush_r
                0x000000000080e738       0x5c c:/software/altera/18.1/nios2eds/bin/gnu/h-x86_64-mingw32/bin/../lib/gcc/nios2-elf/5.3.0/../../../../../H-x86_64-mingw32/nios2-elf/lib\libc.a(lib_a-fflush.o)
                0x000000000080e738                _fflush_r
 .text.fflush   0x000000000080e794       0x30 c:/software/altera/18.1/nios2eds/bin/gnu/h-x86_64-mingw32/bin/../lib/gcc/nios2-elf/5.3.0/../../../../../H-x86_64-mingw32/nios2-elf/lib\libc.a(lib_a-fflush.o)
                0x000000000080e794                fflush
 .text          0x000000000080e7c4        0x0 c:/software/altera/18.1/nios2eds/bin/gnu/h-x86_64-mingw32/bin/../lib/gcc/nios2-elf/5.3.0/../../../../../H-x86_64-mingw32/nios2-elf/lib\libc.a(lib_a-findfp.o)
 .text.__fp_unlock
                0x000000000080e7c4        0x8 c:/software/altera/18.1/nios2eds/bin/gnu/h-x86_64-mingw32/bin/../lib/gcc/nios2-elf/5.3.0/../../../../../H-x86_64-mingw32/nios2-elf/lib\libc.a(lib_a-findfp.o)
 .text._cleanup_r
                0x000000000080e7cc        0xc c:/software/altera/18.1/nios2eds/bin/gnu/h-x86_64-mingw32/bin/../lib/gcc/nios2-elf/5.3.0/../../../../../H-x86_64-mingw32/nios2-elf/lib\libc.a(lib_a-findfp.o)
                0x000000000080e7cc                _cleanup_r
 .text.__sinit.part.1
                0x000000000080e7d8      0x19c c:/software/altera/18.1/nios2eds/bin/gnu/h-x86_64-mingw32/bin/../lib/gcc/nios2-elf/5.3.0/../../../../../H-x86_64-mingw32/nios2-elf/lib\libc.a(lib_a-findfp.o)
 .text.__fp_lock
                0x000000000080e974        0x8 c:/software/altera/18.1/nios2eds/bin/gnu/h-x86_64-mingw32/bin/../lib/gcc/nios2-elf/5.3.0/../../../../../H-x86_64-mingw32/nios2-elf/lib\libc.a(lib_a-findfp.o)
 .text.__sfmoreglue
                0x000000000080e97c       0x68 c:/software/altera/18.1/nios2eds/bin/gnu/h-x86_64-mingw32/bin/../lib/gcc/nios2-elf/5.3.0/../../../../../H-x86_64-mingw32/nios2-elf/lib\libc.a(lib_a-findfp.o)
                0x000000000080e97c                __sfmoreglue
 .text.__sfp    0x000000000080e9e4      0x118 c:/software/altera/18.1/nios2eds/bin/gnu/h-x86_64-mingw32/bin/../lib/gcc/nios2-elf/5.3.0/../../../../../H-x86_64-mingw32/nios2-elf/lib\libc.a(lib_a-findfp.o)
                0x000000000080e9e4                __sfp
 .text._cleanup
                0x000000000080eafc       0x18 c:/software/altera/18.1/nios2eds/bin/gnu/h-x86_64-mingw32/bin/../lib/gcc/nios2-elf/5.3.0/../../../../../H-x86_64-mingw32/nios2-elf/lib\libc.a(lib_a-findfp.o)
                0x000000000080eafc                _cleanup
 .text.__sinit  0x000000000080eb14       0x10 c:/software/altera/18.1/nios2eds/bin/gnu/h-x86_64-mingw32/bin/../lib/gcc/nios2-elf/5.3.0/../../../../../H-x86_64-mingw32/nios2-elf/lib\libc.a(lib_a-findfp.o)
                0x000000000080eb14                __sinit
 .text.__sfp_lock_acquire
                0x000000000080eb24        0x4 c:/software/altera/18.1/nios2eds/bin/gnu/h-x86_64-mingw32/bin/../lib/gcc/nios2-elf/5.3.0/../../../../../H-x86_64-mingw32/nios2-elf/lib\libc.a(lib_a-findfp.o)
                0x000000000080eb24                __sfp_lock_acquire
 .text.__sfp_lock_release
                0x000000000080eb28        0x4 c:/software/altera/18.1/nios2eds/bin/gnu/h-x86_64-mingw32/bin/../lib/gcc/nios2-elf/5.3.0/../../../../../H-x86_64-mingw32/nios2-elf/lib\libc.a(lib_a-findfp.o)
                0x000000000080eb28                __sfp_lock_release
 .text.__sinit_lock_acquire
                0x000000000080eb2c        0x4 c:/software/altera/18.1/nios2eds/bin/gnu/h-x86_64-mingw32/bin/../lib/gcc/nios2-elf/5.3.0/../../../../../H-x86_64-mingw32/nios2-elf/lib\libc.a(lib_a-findfp.o)
                0x000000000080eb2c                __sinit_lock_acquire
 .text.__sinit_lock_release
                0x000000000080eb30        0x4 c:/software/altera/18.1/nios2eds/bin/gnu/h-x86_64-mingw32/bin/../lib/gcc/nios2-elf/5.3.0/../../../../../H-x86_64-mingw32/nios2-elf/lib\libc.a(lib_a-findfp.o)
                0x000000000080eb30                __sinit_lock_release
 .text.__fp_lock_all
                0x000000000080eb34       0x18 c:/software/altera/18.1/nios2eds/bin/gnu/h-x86_64-mingw32/bin/../lib/gcc/nios2-elf/5.3.0/../../../../../H-x86_64-mingw32/nios2-elf/lib\libc.a(lib_a-findfp.o)
                0x000000000080eb34                __fp_lock_all
 .text.__fp_unlock_all
                0x000000000080eb4c       0x18 c:/software/altera/18.1/nios2eds/bin/gnu/h-x86_64-mingw32/bin/../lib/gcc/nios2-elf/5.3.0/../../../../../H-x86_64-mingw32/nios2-elf/lib\libc.a(lib_a-findfp.o)
                0x000000000080eb4c                __fp_unlock_all
 .text          0x000000000080eb64        0x0 c:/software/altera/18.1/nios2eds/bin/gnu/h-x86_64-mingw32/bin/../lib/gcc/nios2-elf/5.3.0/../../../../../H-x86_64-mingw32/nios2-elf/lib\libc.a(lib_a-freer.o)
 .text._malloc_trim_r
                0x000000000080eb64      0x124 c:/software/altera/18.1/nios2eds/bin/gnu/h-x86_64-mingw32/bin/../lib/gcc/nios2-elf/5.3.0/../../../../../H-x86_64-mingw32/nios2-elf/lib\libc.a(lib_a-freer.o)
                0x000000000080eb64                _malloc_trim_r
 .text._free_r  0x000000000080ec88      0x310 c:/software/altera/18.1/nios2eds/bin/gnu/h-x86_64-mingw32/bin/../lib/gcc/nios2-elf/5.3.0/../../../../../H-x86_64-mingw32/nios2-elf/lib\libc.a(lib_a-freer.o)
                0x000000000080ec88                _free_r
 .text          0x000000000080ef98        0x0 c:/software/altera/18.1/nios2eds/bin/gnu/h-x86_64-mingw32/bin/../lib/gcc/nios2-elf/5.3.0/../../../../../H-x86_64-mingw32/nios2-elf/lib\libc.a(lib_a-fwalk.o)
 .text._fwalk   0x000000000080ef98       0xc4 c:/software/altera/18.1/nios2eds/bin/gnu/h-x86_64-mingw32/bin/../lib/gcc/nios2-elf/5.3.0/../../../../../H-x86_64-mingw32/nios2-elf/lib\libc.a(lib_a-fwalk.o)
                0x000000000080ef98                _fwalk
 .text._fwalk_reent
                0x000000000080f05c       0xc4 c:/software/altera/18.1/nios2eds/bin/gnu/h-x86_64-mingw32/bin/../lib/gcc/nios2-elf/5.3.0/../../../../../H-x86_64-mingw32/nios2-elf/lib\libc.a(lib_a-fwalk.o)
                0x000000000080f05c                _fwalk_reent
 .text          0x000000000080f120        0x0 c:/software/altera/18.1/nios2eds/bin/gnu/h-x86_64-mingw32/bin/../lib/gcc/nios2-elf/5.3.0/../../../../../H-x86_64-mingw32/nios2-elf/lib\libc.a(lib_a-locale.o)
 .text._setlocale_r
                0x000000000080f120       0x7c c:/software/altera/18.1/nios2eds/bin/gnu/h-x86_64-mingw32/bin/../lib/gcc/nios2-elf/5.3.0/../../../../../H-x86_64-mingw32/nios2-elf/lib\libc.a(lib_a-locale.o)
                0x000000000080f120                _setlocale_r
 .text.__locale_charset
                0x000000000080f19c        0xc c:/software/altera/18.1/nios2eds/bin/gnu/h-x86_64-mingw32/bin/../lib/gcc/nios2-elf/5.3.0/../../../../../H-x86_64-mingw32/nios2-elf/lib\libc.a(lib_a-locale.o)
                0x000000000080f19c                __locale_charset
 .text.__locale_mb_cur_max
                0x000000000080f1a8       0x10 c:/software/altera/18.1/nios2eds/bin/gnu/h-x86_64-mingw32/bin/../lib/gcc/nios2-elf/5.3.0/../../../../../H-x86_64-mingw32/nios2-elf/lib\libc.a(lib_a-locale.o)
                0x000000000080f1a8                __locale_mb_cur_max
 .text.__locale_msgcharset
                0x000000000080f1b8        0xc c:/software/altera/18.1/nios2eds/bin/gnu/h-x86_64-mingw32/bin/../lib/gcc/nios2-elf/5.3.0/../../../../../H-x86_64-mingw32/nios2-elf/lib\libc.a(lib_a-locale.o)
                0x000000000080f1b8                __locale_msgcharset
 .text.__locale_cjk_lang
                0x000000000080f1c4        0x8 c:/software/altera/18.1/nios2eds/bin/gnu/h-x86_64-mingw32/bin/../lib/gcc/nios2-elf/5.3.0/../../../../../H-x86_64-mingw32/nios2-elf/lib\libc.a(lib_a-locale.o)
                0x000000000080f1c4                __locale_cjk_lang
 .text._localeconv_r
                0x000000000080f1cc        0xc c:/software/altera/18.1/nios2eds/bin/gnu/h-x86_64-mingw32/bin/../lib/gcc/nios2-elf/5.3.0/../../../../../H-x86_64-mingw32/nios2-elf/lib\libc.a(lib_a-locale.o)
                0x000000000080f1cc                _localeconv_r
 .text.setlocale
                0x000000000080f1d8       0x18 c:/software/altera/18.1/nios2eds/bin/gnu/h-x86_64-mingw32/bin/../lib/gcc/nios2-elf/5.3.0/../../../../../H-x86_64-mingw32/nios2-elf/lib\libc.a(lib_a-locale.o)
                0x000000000080f1d8                setlocale
 .text.localeconv
                0x000000000080f1f0        0xc c:/software/altera/18.1/nios2eds/bin/gnu/h-x86_64-mingw32/bin/../lib/gcc/nios2-elf/5.3.0/../../../../../H-x86_64-mingw32/nios2-elf/lib\libc.a(lib_a-locale.o)
                0x000000000080f1f0                localeconv
 .text          0x000000000080f1fc        0x0 c:/software/altera/18.1/nios2eds/bin/gnu/h-x86_64-mingw32/bin/../lib/gcc/nios2-elf/5.3.0/../../../../../H-x86_64-mingw32/nios2-elf/lib\libc.a(lib_a-makebuf.o)
 .text.__smakebuf_r
                0x000000000080f1fc      0x1bc c:/software/altera/18.1/nios2eds/bin/gnu/h-x86_64-mingw32/bin/../lib/gcc/nios2-elf/5.3.0/../../../../../H-x86_64-mingw32/nios2-elf/lib\libc.a(lib_a-makebuf.o)
                0x000000000080f1fc                __smakebuf_r
 .text          0x000000000080f3b8        0x0 c:/software/altera/18.1/nios2eds/bin/gnu/h-x86_64-mingw32/bin/../lib/gcc/nios2-elf/5.3.0/../../../../../H-x86_64-mingw32/nios2-elf/lib\libc.a(lib_a-mallocr.o)
 .text._malloc_r
                0x000000000080f3b8      0x80c c:/software/altera/18.1/nios2eds/bin/gnu/h-x86_64-mingw32/bin/../lib/gcc/nios2-elf/5.3.0/../../../../../H-x86_64-mingw32/nios2-elf/lib\libc.a(lib_a-mallocr.o)
                0x000000000080f3b8                _malloc_r
 .text          0x000000000080fbc4        0x0 c:/software/altera/18.1/nios2eds/bin/gnu/h-x86_64-mingw32/bin/../lib/gcc/nios2-elf/5.3.0/../../../../../H-x86_64-mingw32/nios2-elf/lib\libc.a(lib_a-memchr.o)
 .text.memchr   0x000000000080fbc4       0xe4 c:/software/altera/18.1/nios2eds/bin/gnu/h-x86_64-mingw32/bin/../lib/gcc/nios2-elf/5.3.0/../../../../../H-x86_64-mingw32/nios2-elf/lib\libc.a(lib_a-memchr.o)
                0x000000000080fbc4                memchr
 .text          0x000000000080fca8        0x0 c:/software/altera/18.1/nios2eds/bin/gnu/h-x86_64-mingw32/bin/../lib/gcc/nios2-elf/5.3.0/../../../../../H-x86_64-mingw32/nios2-elf/lib\libc.a(lib_a-memcpy.o)
 .text.memcpy   0x000000000080fca8      0x148 c:/software/altera/18.1/nios2eds/bin/gnu/h-x86_64-mingw32/bin/../lib/gcc/nios2-elf/5.3.0/../../../../../H-x86_64-mingw32/nios2-elf/lib\libc.a(lib_a-memcpy.o)
                0x000000000080fca8                memcpy
 .text          0x000000000080fdf0        0x0 c:/software/altera/18.1/nios2eds/bin/gnu/h-x86_64-mingw32/bin/../lib/gcc/nios2-elf/5.3.0/../../../../../H-x86_64-mingw32/nios2-elf/lib\libc.a(lib_a-mprec.o)
 .text._Balloc  0x000000000080fdf0       0xa8 c:/software/altera/18.1/nios2eds/bin/gnu/h-x86_64-mingw32/bin/../lib/gcc/nios2-elf/5.3.0/../../../../../H-x86_64-mingw32/nios2-elf/lib\libc.a(lib_a-mprec.o)
                0x000000000080fdf0                _Balloc
 .text._Bfree   0x000000000080fe98       0x28 c:/software/altera/18.1/nios2eds/bin/gnu/h-x86_64-mingw32/bin/../lib/gcc/nios2-elf/5.3.0/../../../../../H-x86_64-mingw32/nios2-elf/lib\libc.a(lib_a-mprec.o)
                0x000000000080fe98                _Bfree
 .text.__multadd
                0x000000000080fec0      0x120 c:/software/altera/18.1/nios2eds/bin/gnu/h-x86_64-mingw32/bin/../lib/gcc/nios2-elf/5.3.0/../../../../../H-x86_64-mingw32/nios2-elf/lib\libc.a(lib_a-mprec.o)
                0x000000000080fec0                __multadd
 .text.__s2b    0x000000000080ffe0      0x104 c:/software/altera/18.1/nios2eds/bin/gnu/h-x86_64-mingw32/bin/../lib/gcc/nios2-elf/5.3.0/../../../../../H-x86_64-mingw32/nios2-elf/lib\libc.a(lib_a-mprec.o)
                0x000000000080ffe0                __s2b
 .text.__hi0bits
                0x00000000008100e4       0x68 c:/software/altera/18.1/nios2eds/bin/gnu/h-x86_64-mingw32/bin/../lib/gcc/nios2-elf/5.3.0/../../../../../H-x86_64-mingw32/nios2-elf/lib\libc.a(lib_a-mprec.o)
                0x00000000008100e4                __hi0bits
 .text.__lo0bits
                0x000000000081014c       0xb0 c:/software/altera/18.1/nios2eds/bin/gnu/h-x86_64-mingw32/bin/../lib/gcc/nios2-elf/5.3.0/../../../../../H-x86_64-mingw32/nios2-elf/lib\libc.a(lib_a-mprec.o)
                0x000000000081014c                __lo0bits
 .text.__i2b    0x00000000008101fc       0x3c c:/software/altera/18.1/nios2eds/bin/gnu/h-x86_64-mingw32/bin/../lib/gcc/nios2-elf/5.3.0/../../../../../H-x86_64-mingw32/nios2-elf/lib\libc.a(lib_a-mprec.o)
                0x00000000008101fc                __i2b
 .text.__multiply
                0x0000000000810238      0x1f8 c:/software/altera/18.1/nios2eds/bin/gnu/h-x86_64-mingw32/bin/../lib/gcc/nios2-elf/5.3.0/../../../../../H-x86_64-mingw32/nios2-elf/lib\libc.a(lib_a-mprec.o)
                0x0000000000810238                __multiply
 .text.__pow5mult
                0x0000000000810430      0x140 c:/software/altera/18.1/nios2eds/bin/gnu/h-x86_64-mingw32/bin/../lib/gcc/nios2-elf/5.3.0/../../../../../H-x86_64-mingw32/nios2-elf/lib\libc.a(lib_a-mprec.o)
                0x0000000000810430                __pow5mult
 .text.__lshift
                0x0000000000810570      0x148 c:/software/altera/18.1/nios2eds/bin/gnu/h-x86_64-mingw32/bin/../lib/gcc/nios2-elf/5.3.0/../../../../../H-x86_64-mingw32/nios2-elf/lib\libc.a(lib_a-mprec.o)
                0x0000000000810570                __lshift
 .text.__mcmp   0x00000000008106b8       0x60 c:/software/altera/18.1/nios2eds/bin/gnu/h-x86_64-mingw32/bin/../lib/gcc/nios2-elf/5.3.0/../../../../../H-x86_64-mingw32/nios2-elf/lib\libc.a(lib_a-mprec.o)
                0x00000000008106b8                __mcmp
 .text.__mdiff  0x0000000000810718      0x1fc c:/software/altera/18.1/nios2eds/bin/gnu/h-x86_64-mingw32/bin/../lib/gcc/nios2-elf/5.3.0/../../../../../H-x86_64-mingw32/nios2-elf/lib\libc.a(lib_a-mprec.o)
                0x0000000000810718                __mdiff
 .text.__ulp    0x0000000000810914       0x64 c:/software/altera/18.1/nios2eds/bin/gnu/h-x86_64-mingw32/bin/../lib/gcc/nios2-elf/5.3.0/../../../../../H-x86_64-mingw32/nios2-elf/lib\libc.a(lib_a-mprec.o)
                0x0000000000810914                __ulp
 .text.__b2d    0x0000000000810978      0x10c c:/software/altera/18.1/nios2eds/bin/gnu/h-x86_64-mingw32/bin/../lib/gcc/nios2-elf/5.3.0/../../../../../H-x86_64-mingw32/nios2-elf/lib\libc.a(lib_a-mprec.o)
                0x0000000000810978                __b2d
 .text.__d2b    0x0000000000810a84      0x14c c:/software/altera/18.1/nios2eds/bin/gnu/h-x86_64-mingw32/bin/../lib/gcc/nios2-elf/5.3.0/../../../../../H-x86_64-mingw32/nios2-elf/lib\libc.a(lib_a-mprec.o)
                0x0000000000810a84                __d2b
 .text.__ratio  0x0000000000810bd0       0xa4 c:/software/altera/18.1/nios2eds/bin/gnu/h-x86_64-mingw32/bin/../lib/gcc/nios2-elf/5.3.0/../../../../../H-x86_64-mingw32/nios2-elf/lib\libc.a(lib_a-mprec.o)
                0x0000000000810bd0                __ratio
 .text._mprec_log10
                0x0000000000810c74       0x74 c:/software/altera/18.1/nios2eds/bin/gnu/h-x86_64-mingw32/bin/../lib/gcc/nios2-elf/5.3.0/../../../../../H-x86_64-mingw32/nios2-elf/lib\libc.a(lib_a-mprec.o)
                0x0000000000810c74                _mprec_log10
 .text.__copybits
                0x0000000000810ce8       0x78 c:/software/altera/18.1/nios2eds/bin/gnu/h-x86_64-mingw32/bin/../lib/gcc/nios2-elf/5.3.0/../../../../../H-x86_64-mingw32/nios2-elf/lib\libc.a(lib_a-mprec.o)
                0x0000000000810ce8                __copybits
 .text.__any_on
                0x0000000000810d60       0x8c c:/software/altera/18.1/nios2eds/bin/gnu/h-x86_64-mingw32/bin/../lib/gcc/nios2-elf/5.3.0/../../../../../H-x86_64-mingw32/nios2-elf/lib\libc.a(lib_a-mprec.o)
                0x0000000000810d60                __any_on
 .text          0x0000000000810dec        0x0 c:/software/altera/18.1/nios2eds/bin/gnu/h-x86_64-mingw32/bin/../lib/gcc/nios2-elf/5.3.0/../../../../../H-x86_64-mingw32/nios2-elf/lib\libc.a(lib_a-putc.o)
 .text._putc_r  0x0000000000810dec       0xa0 c:/software/altera/18.1/nios2eds/bin/gnu/h-x86_64-mingw32/bin/../lib/gcc/nios2-elf/5.3.0/../../../../../H-x86_64-mingw32/nios2-elf/lib\libc.a(lib_a-putc.o)
                0x0000000000810dec                _putc_r
 .text.putc     0x0000000000810e8c       0xc8 c:/software/altera/18.1/nios2eds/bin/gnu/h-x86_64-mingw32/bin/../lib/gcc/nios2-elf/5.3.0/../../../../../H-x86_64-mingw32/nios2-elf/lib\libc.a(lib_a-putc.o)
                0x0000000000810e8c                putc
 .text          0x0000000000810f54        0x0 c:/software/altera/18.1/nios2eds/bin/gnu/h-x86_64-mingw32/bin/../lib/gcc/nios2-elf/5.3.0/../../../../../H-x86_64-mingw32/nios2-elf/lib\libc.a(lib_a-refill.o)
 .text.lflush   0x0000000000810f54       0x1c c:/software/altera/18.1/nios2eds/bin/gnu/h-x86_64-mingw32/bin/../lib/gcc/nios2-elf/5.3.0/../../../../../H-x86_64-mingw32/nios2-elf/lib\libc.a(lib_a-refill.o)
 .text.__srefill_r
                0x0000000000810f70      0x1d4 c:/software/altera/18.1/nios2eds/bin/gnu/h-x86_64-mingw32/bin/../lib/gcc/nios2-elf/5.3.0/../../../../../H-x86_64-mingw32/nios2-elf/lib\libc.a(lib_a-refill.o)
                0x0000000000810f70                __srefill_r
 .text          0x0000000000811144        0x0 c:/software/altera/18.1/nios2eds/bin/gnu/h-x86_64-mingw32/bin/../lib/gcc/nios2-elf/5.3.0/../../../../../H-x86_64-mingw32/nios2-elf/lib\libc.a(lib_a-s_fpclassify.o)
 .text.__fpclassifyd
                0x0000000000811144       0x74 c:/software/altera/18.1/nios2eds/bin/gnu/h-x86_64-mingw32/bin/../lib/gcc/nios2-elf/5.3.0/../../../../../H-x86_64-mingw32/nios2-elf/lib\libc.a(lib_a-s_fpclassify.o)
                0x0000000000811144                __fpclassifyd
 .text          0x00000000008111b8        0x0 c:/software/altera/18.1/nios2eds/bin/gnu/h-x86_64-mingw32/bin/../lib/gcc/nios2-elf/5.3.0/../../../../../H-x86_64-mingw32/nios2-elf/lib\libc.a(lib_a-sbrkr.o)
 .text._sbrk_r  0x00000000008111b8       0x54 c:/software/altera/18.1/nios2eds/bin/gnu/h-x86_64-mingw32/bin/../lib/gcc/nios2-elf/5.3.0/../../../../../H-x86_64-mingw32/nios2-elf/lib\libc.a(lib_a-sbrkr.o)
                0x00000000008111b8                _sbrk_r
 .text          0x000000000081120c        0x0 c:/software/altera/18.1/nios2eds/bin/gnu/h-x86_64-mingw32/bin/../lib/gcc/nios2-elf/5.3.0/../../../../../H-x86_64-mingw32/nios2-elf/lib\libc.a(lib_a-stdio.o)
 .text.__sread  0x000000000081120c       0x54 c:/software/altera/18.1/nios2eds/bin/gnu/h-x86_64-mingw32/bin/../lib/gcc/nios2-elf/5.3.0/../../../../../H-x86_64-mingw32/nios2-elf/lib\libc.a(lib_a-stdio.o)
                0x000000000081120c                __sread
 .text.__seofread
                0x0000000000811260        0x8 c:/software/altera/18.1/nios2eds/bin/gnu/h-x86_64-mingw32/bin/../lib/gcc/nios2-elf/5.3.0/../../../../../H-x86_64-mingw32/nios2-elf/lib\libc.a(lib_a-stdio.o)
                0x0000000000811260                __seofread
 .text.__swrite
                0x0000000000811268       0x7c c:/software/altera/18.1/nios2eds/bin/gnu/h-x86_64-mingw32/bin/../lib/gcc/nios2-elf/5.3.0/../../../../../H-x86_64-mingw32/nios2-elf/lib\libc.a(lib_a-stdio.o)
                0x0000000000811268                __swrite
 .text.__sseek  0x00000000008112e4       0x5c c:/software/altera/18.1/nios2eds/bin/gnu/h-x86_64-mingw32/bin/../lib/gcc/nios2-elf/5.3.0/../../../../../H-x86_64-mingw32/nios2-elf/lib\libc.a(lib_a-stdio.o)
                0x00000000008112e4                __sseek
 .text.__sclose
                0x0000000000811340        0x8 c:/software/altera/18.1/nios2eds/bin/gnu/h-x86_64-mingw32/bin/../lib/gcc/nios2-elf/5.3.0/../../../../../H-x86_64-mingw32/nios2-elf/lib\libc.a(lib_a-stdio.o)
                0x0000000000811340                __sclose
 .text          0x0000000000811348        0x0 c:/software/altera/18.1/nios2eds/bin/gnu/h-x86_64-mingw32/bin/../lib/gcc/nios2-elf/5.3.0/../../../../../H-x86_64-mingw32/nios2-elf/lib\libc.a(lib_a-strcmp.o)
 .text.strcmp   0x0000000000811348       0xdc c:/software/altera/18.1/nios2eds/bin/gnu/h-x86_64-mingw32/bin/../lib/gcc/nios2-elf/5.3.0/../../../../../H-x86_64-mingw32/nios2-elf/lib\libc.a(lib_a-strcmp.o)
                0x0000000000811348                strcmp
 .text          0x0000000000811424        0x0 c:/software/altera/18.1/nios2eds/bin/gnu/h-x86_64-mingw32/bin/../lib/gcc/nios2-elf/5.3.0/../../../../../H-x86_64-mingw32/nios2-elf/lib\libc.a(lib_a-vfiprintf.o)
 .text.__sprint_r.part.0
                0x0000000000811424       0xfc c:/software/altera/18.1/nios2eds/bin/gnu/h-x86_64-mingw32/bin/../lib/gcc/nios2-elf/5.3.0/../../../../../H-x86_64-mingw32/nios2-elf/lib\libc.a(lib_a-vfiprintf.o)
 .text.__sprint_r
                0x0000000000811520       0x18 c:/software/altera/18.1/nios2eds/bin/gnu/h-x86_64-mingw32/bin/../lib/gcc/nios2-elf/5.3.0/../../../../../H-x86_64-mingw32/nios2-elf/lib\libc.a(lib_a-vfiprintf.o)
                0x0000000000811520                __sprint_r
 .text.___vfiprintf_internal_r
                0x0000000000811538     0x145c c:/software/altera/18.1/nios2eds/bin/gnu/h-x86_64-mingw32/bin/../lib/gcc/nios2-elf/5.3.0/../../../../../H-x86_64-mingw32/nios2-elf/lib\libc.a(lib_a-vfiprintf.o)
                0x0000000000811538                ___vfiprintf_internal_r
 .text.__vfiprintf_internal
                0x0000000000812994       0x1c c:/software/altera/18.1/nios2eds/bin/gnu/h-x86_64-mingw32/bin/../lib/gcc/nios2-elf/5.3.0/../../../../../H-x86_64-mingw32/nios2-elf/lib\libc.a(lib_a-vfiprintf.o)
                0x0000000000812994                __vfiprintf_internal
 .text.__sbprintf
                0x00000000008129b0       0xbc c:/software/altera/18.1/nios2eds/bin/gnu/h-x86_64-mingw32/bin/../lib/gcc/nios2-elf/5.3.0/../../../../../H-x86_64-mingw32/nios2-elf/lib\libc.a(lib_a-vfiprintf.o)
 .text          0x0000000000812a6c        0x0 c:/software/altera/18.1/nios2eds/bin/gnu/h-x86_64-mingw32/bin/../lib/gcc/nios2-elf/5.3.0/../../../../../H-x86_64-mingw32/nios2-elf/lib\libc.a(lib_a-wbuf.o)
 .text.__swbuf_r
                0x0000000000812a6c      0x140 c:/software/altera/18.1/nios2eds/bin/gnu/h-x86_64-mingw32/bin/../lib/gcc/nios2-elf/5.3.0/../../../../../H-x86_64-mingw32/nios2-elf/lib\libc.a(lib_a-wbuf.o)
                0x0000000000812a6c                __swbuf_r
 .text.__swbuf  0x0000000000812bac       0x18 c:/software/altera/18.1/nios2eds/bin/gnu/h-x86_64-mingw32/bin/../lib/gcc/nios2-elf/5.3.0/../../../../../H-x86_64-mingw32/nios2-elf/lib\libc.a(lib_a-wbuf.o)
                0x0000000000812bac                __swbuf
 .text          0x0000000000812bc4        0x0 c:/software/altera/18.1/nios2eds/bin/gnu/h-x86_64-mingw32/bin/../lib/gcc/nios2-elf/5.3.0/../../../../../H-x86_64-mingw32/nios2-elf/lib\libc.a(lib_a-writer.o)
 .text._write_r
                0x0000000000812bc4       0x60 c:/software/altera/18.1/nios2eds/bin/gnu/h-x86_64-mingw32/bin/../lib/gcc/nios2-elf/5.3.0/../../../../../H-x86_64-mingw32/nios2-elf/lib\libc.a(lib_a-writer.o)
                0x0000000000812bc4                _write_r
 .text          0x0000000000812c24        0x0 c:/software/altera/18.1/nios2eds/bin/gnu/h-x86_64-mingw32/bin/../lib/gcc/nios2-elf/5.3.0/../../../../../H-x86_64-mingw32/nios2-elf/lib\libc.a(closer.o)
 .text._close_r
                0x0000000000812c24       0x54 c:/software/altera/18.1/nios2eds/bin/gnu/h-x86_64-mingw32/bin/../lib/gcc/nios2-elf/5.3.0/../../../../../H-x86_64-mingw32/nios2-elf/lib\libc.a(closer.o)
                0x0000000000812c24                _close_r
 .text          0x0000000000812c78        0x0 c:/software/altera/18.1/nios2eds/bin/gnu/h-x86_64-mingw32/bin/../lib/gcc/nios2-elf/5.3.0/../../../../../H-x86_64-mingw32/nios2-elf/lib\libc.a(lib_a-callocr.o)
 .text._calloc_r
                0x0000000000812c78       0xc4 c:/software/altera/18.1/nios2eds/bin/gnu/h-x86_64-mingw32/bin/../lib/gcc/nios2-elf/5.3.0/../../../../../H-x86_64-mingw32/nios2-elf/lib\libc.a(lib_a-callocr.o)
                0x0000000000812c78                _calloc_r
 .text          0x0000000000812d3c        0x0 c:/software/altera/18.1/nios2eds/bin/gnu/h-x86_64-mingw32/bin/../lib/gcc/nios2-elf/5.3.0/../../../../../H-x86_64-mingw32/nios2-elf/lib\libc.a(lib_a-fclose.o)
 .text._fclose_r
                0x0000000000812d3c       0xf0 c:/software/altera/18.1/nios2eds/bin/gnu/h-x86_64-mingw32/bin/../lib/gcc/nios2-elf/5.3.0/../../../../../H-x86_64-mingw32/nios2-elf/lib\libc.a(lib_a-fclose.o)
                0x0000000000812d3c                _fclose_r
 .text.fclose   0x0000000000812e2c       0x14 c:/software/altera/18.1/nios2eds/bin/gnu/h-x86_64-mingw32/bin/../lib/gcc/nios2-elf/5.3.0/../../../../../H-x86_64-mingw32/nios2-elf/lib\libc.a(lib_a-fclose.o)
                0x0000000000812e2c                fclose
 .text          0x0000000000812e40        0x0 c:/software/altera/18.1/nios2eds/bin/gnu/h-x86_64-mingw32/bin/../lib/gcc/nios2-elf/5.3.0/../../../../../H-x86_64-mingw32/nios2-elf/lib\libc.a(lib_a-fputwc.o)
 .text.__fputwc
                0x0000000000812e40      0x164 c:/software/altera/18.1/nios2eds/bin/gnu/h-x86_64-mingw32/bin/../lib/gcc/nios2-elf/5.3.0/../../../../../H-x86_64-mingw32/nios2-elf/lib\libc.a(lib_a-fputwc.o)
                0x0000000000812e40                __fputwc
 .text._fputwc_r
                0x0000000000812fa4       0x24 c:/software/altera/18.1/nios2eds/bin/gnu/h-x86_64-mingw32/bin/../lib/gcc/nios2-elf/5.3.0/../../../../../H-x86_64-mingw32/nios2-elf/lib\libc.a(lib_a-fputwc.o)
                0x0000000000812fa4                _fputwc_r
 .text.fputwc   0x0000000000812fc8       0x80 c:/software/altera/18.1/nios2eds/bin/gnu/h-x86_64-mingw32/bin/../lib/gcc/nios2-elf/5.3.0/../../../../../H-x86_64-mingw32/nios2-elf/lib\libc.a(lib_a-fputwc.o)
                0x0000000000812fc8                fputwc
 .text          0x0000000000813048        0x0 c:/software/altera/18.1/nios2eds/bin/gnu/h-x86_64-mingw32/bin/../lib/gcc/nios2-elf/5.3.0/../../../../../H-x86_64-mingw32/nios2-elf/lib\libc.a(lib_a-fstatr.o)
 .text._fstat_r
                0x0000000000813048       0x5c c:/software/altera/18.1/nios2eds/bin/gnu/h-x86_64-mingw32/bin/../lib/gcc/nios2-elf/5.3.0/../../../../../H-x86_64-mingw32/nios2-elf/lib\libc.a(lib_a-fstatr.o)
                0x0000000000813048                _fstat_r
 .text          0x00000000008130a4        0x0 c:/software/altera/18.1/nios2eds/bin/gnu/h-x86_64-mingw32/bin/../lib/gcc/nios2-elf/5.3.0/../../../../../H-x86_64-mingw32/nios2-elf/lib\libc.a(lib_a-fvwrite.o)
 .text.__sfvwrite_r
                0x00000000008130a4      0x4bc c:/software/altera/18.1/nios2eds/bin/gnu/h-x86_64-mingw32/bin/../lib/gcc/nios2-elf/5.3.0/../../../../../H-x86_64-mingw32/nios2-elf/lib\libc.a(lib_a-fvwrite.o)
                0x00000000008130a4                __sfvwrite_r
 .text          0x0000000000813560        0x0 c:/software/altera/18.1/nios2eds/bin/gnu/h-x86_64-mingw32/bin/../lib/gcc/nios2-elf/5.3.0/../../../../../H-x86_64-mingw32/nios2-elf/lib\libc.a(lib_a-int_errno.o)
 .text          0x0000000000813560        0x0 c:/software/altera/18.1/nios2eds/bin/gnu/h-x86_64-mingw32/bin/../lib/gcc/nios2-elf/5.3.0/../../../../../H-x86_64-mingw32/nios2-elf/lib\libc.a(lib_a-isattyr.o)
 .text._isatty_r
                0x0000000000813560       0x54 c:/software/altera/18.1/nios2eds/bin/gnu/h-x86_64-mingw32/bin/../lib/gcc/nios2-elf/5.3.0/../../../../../H-x86_64-mingw32/nios2-elf/lib\libc.a(lib_a-isattyr.o)
                0x0000000000813560                _isatty_r
 .text          0x00000000008135b4        0x0 c:/software/altera/18.1/nios2eds/bin/gnu/h-x86_64-mingw32/bin/../lib/gcc/nios2-elf/5.3.0/../../../../../H-x86_64-mingw32/nios2-elf/lib\libc.a(lib_a-lseekr.o)
 .text._lseek_r
                0x00000000008135b4       0x60 c:/software/altera/18.1/nios2eds/bin/gnu/h-x86_64-mingw32/bin/../lib/gcc/nios2-elf/5.3.0/../../../../../H-x86_64-mingw32/nios2-elf/lib\libc.a(lib_a-lseekr.o)
                0x00000000008135b4                _lseek_r
 .text          0x0000000000813614        0x0 c:/software/altera/18.1/nios2eds/bin/gnu/h-x86_64-mingw32/bin/../lib/gcc/nios2-elf/5.3.0/../../../../../H-x86_64-mingw32/nios2-elf/lib\libc.a(lib_a-memmove.o)
 .text.memmove  0x0000000000813614      0x15c c:/software/altera/18.1/nios2eds/bin/gnu/h-x86_64-mingw32/bin/../lib/gcc/nios2-elf/5.3.0/../../../../../H-x86_64-mingw32/nios2-elf/lib\libc.a(lib_a-memmove.o)
                0x0000000000813614                memmove
 .text          0x0000000000813770        0x0 c:/software/altera/18.1/nios2eds/bin/gnu/h-x86_64-mingw32/bin/../lib/gcc/nios2-elf/5.3.0/../../../../../H-x86_64-mingw32/nios2-elf/lib\libc.a(lib_a-readr.o)
 .text._read_r  0x0000000000813770       0x60 c:/software/altera/18.1/nios2eds/bin/gnu/h-x86_64-mingw32/bin/../lib/gcc/nios2-elf/5.3.0/../../../../../H-x86_64-mingw32/nios2-elf/lib\libc.a(lib_a-readr.o)
                0x0000000000813770                _read_r
 .text          0x00000000008137d0        0x0 c:/software/altera/18.1/nios2eds/bin/gnu/h-x86_64-mingw32/bin/../lib/gcc/nios2-elf/5.3.0/../../../../../H-x86_64-mingw32/nios2-elf/lib\libc.a(lib_a-reallocr.o)
 .text._realloc_r
                0x00000000008137d0      0x564 c:/software/altera/18.1/nios2eds/bin/gnu/h-x86_64-mingw32/bin/../lib/gcc/nios2-elf/5.3.0/../../../../../H-x86_64-mingw32/nios2-elf/lib\libc.a(lib_a-reallocr.o)
                0x00000000008137d0                _realloc_r
 .text          0x0000000000813d34        0x0 c:/software/altera/18.1/nios2eds/bin/gnu/h-x86_64-mingw32/bin/../lib/gcc/nios2-elf/5.3.0/../../../../../H-x86_64-mingw32/nios2-elf/lib\libc.a(lib_a-wcrtomb.o)
 .text._wcrtomb_r
                0x0000000000813d34       0x9c c:/software/altera/18.1/nios2eds/bin/gnu/h-x86_64-mingw32/bin/../lib/gcc/nios2-elf/5.3.0/../../../../../H-x86_64-mingw32/nios2-elf/lib\libc.a(lib_a-wcrtomb.o)
                0x0000000000813d34                _wcrtomb_r
 .text.wcrtomb  0x0000000000813dd0       0xc0 c:/software/altera/18.1/nios2eds/bin/gnu/h-x86_64-mingw32/bin/../lib/gcc/nios2-elf/5.3.0/../../../../../H-x86_64-mingw32/nios2-elf/lib\libc.a(lib_a-wcrtomb.o)
                0x0000000000813dd0                wcrtomb
 .text          0x0000000000813e90        0x0 c:/software/altera/18.1/nios2eds/bin/gnu/h-x86_64-mingw32/bin/../lib/gcc/nios2-elf/5.3.0/../../../../../H-x86_64-mingw32/nios2-elf/lib\libc.a(lib_a-wctomb_r.o)
 .text.__ascii_wctomb
                0x0000000000813e90       0x30 c:/software/altera/18.1/nios2eds/bin/gnu/h-x86_64-mingw32/bin/../lib/gcc/nios2-elf/5.3.0/../../../../../H-x86_64-mingw32/nios2-elf/lib\libc.a(lib_a-wctomb_r.o)
                0x0000000000813e90                __ascii_wctomb
 .text._wctomb_r
                0x0000000000813ec0       0x5c c:/software/altera/18.1/nios2eds/bin/gnu/h-x86_64-mingw32/bin/../lib/gcc/nios2-elf/5.3.0/../../../../../H-x86_64-mingw32/nios2-elf/lib\libc.a(lib_a-wctomb_r.o)
                0x0000000000813ec0                _wctomb_r
 .text          0x0000000000813f1c      0x578 c:/software/altera/18.1/nios2eds/bin/gnu/h-x86_64-mingw32/bin/../lib/gcc/nios2-elf/5.3.0\libgcc.a(_udivdi3.o)
                0x0000000000813f1c                __udivdi3
 .text          0x0000000000814494      0x538 c:/software/altera/18.1/nios2eds/bin/gnu/h-x86_64-mingw32/bin/../lib/gcc/nios2-elf/5.3.0\libgcc.a(_umoddi3.o)
                0x0000000000814494                __umoddi3
 .text          0x00000000008149cc      0x8ac c:/software/altera/18.1/nios2eds/bin/gnu/h-x86_64-mingw32/bin/../lib/gcc/nios2-elf/5.3.0\libgcc.a(adddf3.o)
                0x00000000008149cc                __adddf3
 .text          0x0000000000815278      0x8e8 c:/software/altera/18.1/nios2eds/bin/gnu/h-x86_64-mingw32/bin/../lib/gcc/nios2-elf/5.3.0\libgcc.a(divdf3.o)
                0x0000000000815278                __divdf3
 .text          0x0000000000815b60       0x88 c:/software/altera/18.1/nios2eds/bin/gnu/h-x86_64-mingw32/bin/../lib/gcc/nios2-elf/5.3.0\libgcc.a(eqdf2.o)
                0x0000000000815b60                __nedf2
                0x0000000000815b60                __eqdf2
 .text          0x0000000000815be8       0xdc c:/software/altera/18.1/nios2eds/bin/gnu/h-x86_64-mingw32/bin/../lib/gcc/nios2-elf/5.3.0\libgcc.a(gedf2.o)
                0x0000000000815be8                __gedf2
                0x0000000000815be8                __gtdf2
 .text          0x0000000000815cc4       0xf4 c:/software/altera/18.1/nios2eds/bin/gnu/h-x86_64-mingw32/bin/../lib/gcc/nios2-elf/5.3.0\libgcc.a(ledf2.o)
                0x0000000000815cc4                __ledf2
                0x0000000000815cc4                __ltdf2
 .text          0x0000000000815db8      0x718 c:/software/altera/18.1/nios2eds/bin/gnu/h-x86_64-mingw32/bin/../lib/gcc/nios2-elf/5.3.0\libgcc.a(muldf3.o)
                0x0000000000815db8                __muldf3
 .text          0x00000000008164d0      0x8fc c:/software/altera/18.1/nios2eds/bin/gnu/h-x86_64-mingw32/bin/../lib/gcc/nios2-elf/5.3.0\libgcc.a(subdf3.o)
                0x00000000008164d0                __subdf3
 .text          0x0000000000816dcc       0x80 c:/software/altera/18.1/nios2eds/bin/gnu/h-x86_64-mingw32/bin/../lib/gcc/nios2-elf/5.3.0\libgcc.a(fixdfsi.o)
                0x0000000000816dcc                __fixdfsi
 .text          0x0000000000816e4c       0xdc c:/software/altera/18.1/nios2eds/bin/gnu/h-x86_64-mingw32/bin/../lib/gcc/nios2-elf/5.3.0\libgcc.a(floatsidf.o)
                0x0000000000816e4c                __floatsidf
 .text          0x0000000000816f28       0xa8 c:/software/altera/18.1/nios2eds/bin/gnu/h-x86_64-mingw32/bin/../lib/gcc/nios2-elf/5.3.0\libgcc.a(floatunsidf.o)
                0x0000000000816f28                __floatunsidf
 .text          0x0000000000816fd0        0x0 c:/software/altera/18.1/nios2eds/bin/gnu/h-x86_64-mingw32/bin/../lib/gcc/nios2-elf/5.3.0\libgcc.a(_clz.o)
 .text          0x0000000000816fd0       0x64 c:/software/altera/18.1/nios2eds/bin/gnu/h-x86_64-mingw32/bin/../lib/gcc/nios2-elf/5.3.0\libgcc.a(_clzsi2.o)
                0x0000000000816fd0                __clzsi2
 .text          0x0000000000817034      0x12c ../Lab2_CLI_bsp/\libhal_bsp.a(alt_alarm_start.o)
                0x0000000000817034                alt_alarm_start
 .text          0x0000000000817160      0x10c ../Lab2_CLI_bsp/\libhal_bsp.a(alt_close.o)
                0x000000000081719c                close
 .text          0x000000000081726c       0x2c ../Lab2_CLI_bsp/\libhal_bsp.a(alt_dev.o)
 .text          0x0000000000817298        0x0 ../Lab2_CLI_bsp/\libhal_bsp.a(alt_errno.o)
 .text          0x0000000000817298       0xec ../Lab2_CLI_bsp/\libhal_bsp.a(alt_fstat.o)
                0x00000000008172d4                fstat
 .text          0x0000000000817384       0xe0 ../Lab2_CLI_bsp/\libhal_bsp.a(alt_isatty.o)
                0x00000000008173c0                isatty
 .text          0x0000000000817464       0xec ../Lab2_CLI_bsp/\libhal_bsp.a(alt_load.o)
                0x00000000008174cc                alt_load
 .text          0x0000000000817550      0x110 ../Lab2_CLI_bsp/\libhal_bsp.a(alt_lseek.o)
                0x000000000081758c                lseek
 .text          0x0000000000817660       0x7c ../Lab2_CLI_bsp/\libhal_bsp.a(alt_main.o)
                0x0000000000817660                alt_main
 .text          0x00000000008176dc       0x48 ../Lab2_CLI_bsp/\libhal_bsp.a(alt_malloc_lock.o)
                0x00000000008176dc                __malloc_lock
                0x0000000000817700                __malloc_unlock
 .text          0x0000000000817724      0x22c ../Lab2_CLI_bsp/\libhal_bsp.a(alt_printf.o)
                0x0000000000817724                alt_printf
 .text          0x0000000000817950       0x3c ../Lab2_CLI_bsp/\libhal_bsp.a(alt_putchar.o)
                0x0000000000817950                alt_putchar
 .text          0x000000000081798c      0x138 ../Lab2_CLI_bsp/\libhal_bsp.a(alt_read.o)
                0x00000000008179c8                read
 .text          0x0000000000817ac4       0x64 ../Lab2_CLI_bsp/\libhal_bsp.a(alt_release_fd.o)
                0x0000000000817ac4                alt_release_fd
 .text          0x0000000000817b28       0xb0 ../Lab2_CLI_bsp/\libhal_bsp.a(alt_sbrk.o)
                0x0000000000817b28                sbrk
 .text          0x0000000000817bd8      0x1a4 ../Lab2_CLI_bsp/\libhal_bsp.a(alt_tick.o)
                0x0000000000817bd8                alt_alarm_stop
                0x0000000000817c74                alt_tick
 .text          0x0000000000817d7c      0x134 ../Lab2_CLI_bsp/\libhal_bsp.a(alt_write.o)
                0x0000000000817db8                write
 .text          0x0000000000817eb0      0x10c ../Lab2_CLI_bsp/\libhal_bsp.a(alt_sys_init.o)
                0x0000000000817ee4                alt_irq_init
                0x0000000000817f1c                alt_sys_init
 .text          0x0000000000817fbc       0xc0 ../Lab2_CLI_bsp/\libhal_bsp.a(altera_avalon_jtag_uart_fd.o)
                0x0000000000817fbc                altera_avalon_jtag_uart_read_fd
                0x000000000081801c                altera_avalon_jtag_uart_write_fd
 .text          0x000000000081807c       0xec ../Lab2_CLI_bsp/\libhal_bsp.a(altera_avalon_jtag_uart_read.o)
                0x000000000081807c                altera_avalon_jtag_uart_read
 .text          0x0000000000818168       0x94 ../Lab2_CLI_bsp/\libhal_bsp.a(altera_avalon_jtag_uart_write.o)
                0x0000000000818168                altera_avalon_jtag_uart_write
 .text          0x00000000008181fc      0xe7c ../Lab2_CLI_bsp/\libhal_bsp.a(altera_avalon_lcd_16207.o)
                0x00000000008189c0                altera_avalon_lcd_16207_write
                0x0000000000818f44                altera_avalon_lcd_16207_init
 .text          0x0000000000819078       0x60 ../Lab2_CLI_bsp/\libhal_bsp.a(altera_avalon_lcd_16207_fd.o)
                0x0000000000819078                altera_avalon_lcd_16207_write_fd
 .text          0x00000000008190d8       0xf0 ../Lab2_CLI_bsp/\libhal_bsp.a(altera_avalon_timer_sc.o)
                0x0000000000819154                alt_avalon_timer_sc_init
 .text          0x00000000008191c8      0x110 ../Lab2_CLI_bsp/\libhal_bsp.a(altera_avalon_uart_fd.o)
                0x00000000008191c8                altera_avalon_uart_read_fd
                0x0000000000819228                altera_avalon_uart_write_fd
                0x0000000000819288                altera_avalon_uart_close_fd
 .text          0x00000000008192d8      0x3c4 ../Lab2_CLI_bsp/\libhal_bsp.a(altera_avalon_uart_init.o)
                0x00000000008192d8                altera_avalon_uart_init
                0x0000000000819648                altera_avalon_uart_close
 .text          0x000000000081969c      0x218 ../Lab2_CLI_bsp/\libhal_bsp.a(altera_avalon_uart_read.o)
                0x00000000008196d8                altera_avalon_uart_read
 .text          0x00000000008198b4      0x1e8 ../Lab2_CLI_bsp/\libhal_bsp.a(altera_avalon_uart_write.o)
                0x00000000008198f0                altera_avalon_uart_write
 .text          0x0000000000819a9c      0x7a8 ../Lab2_CLI_bsp/\libhal_bsp.a(altera_up_avalon_audio.o)
                0x0000000000819a9c                alt_up_audio_open_dev
                0x0000000000819ad8                alt_up_audio_enable_read_interrupt
                0x0000000000819b2c                alt_up_audio_disable_read_interrupt
                0x0000000000819b84                alt_up_audio_enable_write_interrupt
                0x0000000000819bd8                alt_up_audio_disable_write_interrupt
                0x0000000000819c30                alt_up_audio_read_interrupt_pending
                0x0000000000819c70                alt_up_audio_write_interrupt_pending
                0x0000000000819cb0                alt_up_audio_reset_audio_core
                0x0000000000819d44                alt_up_audio_read_fifo_avail
                0x0000000000819da4                alt_up_audio_record_r
                0x0000000000819e0c                alt_up_audio_record_l
                0x0000000000819e74                alt_up_audio_write_fifo_space
                0x0000000000819ed4                alt_up_audio_play_r
                0x0000000000819f3c                alt_up_audio_play_l
                0x0000000000819fa4                alt_up_audio_read_fifo
                0x000000000081a084                alt_up_audio_write_fifo
                0x000000000081a18c                alt_up_audio_read_fifo_head
                0x000000000081a1dc                alt_up_audio_write_fifo_head
 .text          0x000000000081a244       0x48 ../Lab2_CLI_bsp/\libhal_bsp.a(alt_dcache_flush_all.o)
                0x000000000081a244                alt_dcache_flush_all
 .text          0x000000000081a28c       0xe0 ../Lab2_CLI_bsp/\libhal_bsp.a(alt_dev_llist_insert.o)
                0x000000000081a2c8                alt_dev_llist_insert
 .text          0x000000000081a36c       0x60 ../Lab2_CLI_bsp/\libhal_bsp.a(alt_do_ctors.o)
                0x000000000081a36c                _do_ctors
 .text          0x000000000081a3cc       0x60 ../Lab2_CLI_bsp/\libhal_bsp.a(alt_do_dtors.o)
                0x000000000081a3cc                _do_dtors
 .text          0x000000000081a42c       0x90 ../Lab2_CLI_bsp/\libhal_bsp.a(alt_find_dev.o)
                0x000000000081a42c                alt_find_dev
 .text          0x000000000081a4bc       0x34 ../Lab2_CLI_bsp/\libhal_bsp.a(alt_icache_flush_all.o)
                0x000000000081a4bc                alt_icache_flush_all
 .text          0x000000000081a4f0      0x140 ../Lab2_CLI_bsp/\libhal_bsp.a(alt_io_redirect.o)
                0x000000000081a5b4                alt_io_redirect
 .text          0x000000000081a630      0x180 ../Lab2_CLI_bsp/\libhal_bsp.a(alt_irq_register.o)
                0x000000000081a630                alt_irq_register
 .text          0x000000000081a7b0        0x0 ../Lab2_CLI_bsp/\libhal_bsp.a(alt_irq_vars.o)
 .text          0x000000000081a7b0      0x254 ../Lab2_CLI_bsp/\libhal_bsp.a(alt_open.o)
                0x000000000081a8b0                open
 .text          0x000000000081aa04       0x30 ../Lab2_CLI_bsp/\libhal_bsp.a(alt_usleep.o)
                0x000000000081aa04                usleep
 .text          0x000000000081aa34       0x24 ../Lab2_CLI_bsp/\libhal_bsp.a(altera_nios2_gen2_irq.o)
                0x000000000081aa34                altera_nios2_gen2_irq_init
 .text          0x000000000081aa58      0x158 ../Lab2_CLI_bsp/\libhal_bsp.a(alt_busy_sleep.o)
                0x000000000081aa58                alt_busy_sleep
 .text          0x000000000081abb0      0x108 ../Lab2_CLI_bsp/\libhal_bsp.a(alt_find_file.o)
                0x000000000081abb0                alt_find_file
 .text          0x000000000081acb8       0xa4 ../Lab2_CLI_bsp/\libhal_bsp.a(alt_get_fd.o)
                0x000000000081acb8                alt_get_fd
 .text          0x000000000081ad5c       0x90 ../Lab2_CLI_bsp/\libhal_bsp.a(alt_icache_flush.o)
                0x000000000081ad5c                alt_icache_flush
 .text          0x000000000081adec        0x0 ../Lab2_CLI_bsp/\libhal_bsp.a(alt_irq_entry.o)
 .text          0x000000000081adec        0x0 ../Lab2_CLI_bsp/\libhal_bsp.a(alt_irq_handler.o)
 .text          0x000000000081adec        0x0 ../Lab2_CLI_bsp/\libhal_bsp.a(alt_exception_entry.o)
 .text          0x000000000081adec       0x9c ../Lab2_CLI_bsp/\libhal_bsp.a(alt_instruction_exception_entry.o)
                0x000000000081adec                alt_exception_cause_generated_bad_addr
 .text          0x000000000081ae88        0x0 c:/software/altera/18.1/nios2eds/bin/gnu/h-x86_64-mingw32/bin/../lib/gcc/nios2-elf/5.3.0/../../../../../H-x86_64-mingw32/nios2-elf/lib\libc.a(lib_a-atexit.o)
 .text.atexit   0x000000000081ae88       0x14 c:/software/altera/18.1/nios2eds/bin/gnu/h-x86_64-mingw32/bin/../lib/gcc/nios2-elf/5.3.0/../../../../../H-x86_64-mingw32/nios2-elf/lib\libc.a(lib_a-atexit.o)
                0x000000000081ae88                atexit
 .text          0x000000000081ae9c        0x0 c:/software/altera/18.1/nios2eds/bin/gnu/h-x86_64-mingw32/bin/../lib/gcc/nios2-elf/5.3.0/../../../../../H-x86_64-mingw32/nios2-elf/lib\libc.a(lib_a-ctype_.o)
 .text          0x000000000081ae9c        0x0 c:/software/altera/18.1/nios2eds/bin/gnu/h-x86_64-mingw32/bin/../lib/gcc/nios2-elf/5.3.0/../../../../../H-x86_64-mingw32/nios2-elf/lib\libc.a(lib_a-exit.o)
 .text.exit     0x000000000081ae9c       0x38 c:/software/altera/18.1/nios2eds/bin/gnu/h-x86_64-mingw32/bin/../lib/gcc/nios2-elf/5.3.0/../../../../../H-x86_64-mingw32/nios2-elf/lib\libc.a(lib_a-exit.o)
                0x000000000081ae9c                exit
 .text          0x000000000081aed4        0x0 c:/software/altera/18.1/nios2eds/bin/gnu/h-x86_64-mingw32/bin/../lib/gcc/nios2-elf/5.3.0/../../../../../H-x86_64-mingw32/nios2-elf/lib\libc.a(lib_a-memcmp.o)
 .text.memcmp   0x000000000081aed4       0x7c c:/software/altera/18.1/nios2eds/bin/gnu/h-x86_64-mingw32/bin/../lib/gcc/nios2-elf/5.3.0/../../../../../H-x86_64-mingw32/nios2-elf/lib\libc.a(lib_a-memcmp.o)
                0x000000000081aed4                memcmp
 .text          0x000000000081af50        0x0 c:/software/altera/18.1/nios2eds/bin/gnu/h-x86_64-mingw32/bin/../lib/gcc/nios2-elf/5.3.0/../../../../../H-x86_64-mingw32/nios2-elf/lib\libc.a(lib_a-__atexit.o)
 .text.__register_exitproc
                0x000000000081af50      0x118 c:/software/altera/18.1/nios2eds/bin/gnu/h-x86_64-mingw32/bin/../lib/gcc/nios2-elf/5.3.0/../../../../../H-x86_64-mingw32/nios2-elf/lib\libc.a(lib_a-__atexit.o)
                0x000000000081af50                __register_exitproc
 .text          0x000000000081b068        0x0 c:/software/altera/18.1/nios2eds/bin/gnu/h-x86_64-mingw32/bin/../lib/gcc/nios2-elf/5.3.0/../../../../../H-x86_64-mingw32/nios2-elf/lib\libc.a(lib_a-__call_atexit.o)
 .text.__call_exitprocs
                0x000000000081b068      0x180 c:/software/altera/18.1/nios2eds/bin/gnu/h-x86_64-mingw32/bin/../lib/gcc/nios2-elf/5.3.0/../../../../../H-x86_64-mingw32/nios2-elf/lib\libc.a(lib_a-__call_atexit.o)
                0x000000000081b068                __call_exitprocs
 .text          0x000000000081b1e8       0x34 ../Lab2_CLI_bsp/\libhal_bsp.a(alt_exit.o)
                0x000000000081b1e8                _exit
 *(.gnu.warning.*)
 *(.fini)
                [!provide]                        PROVIDE (__etext, ABSOLUTE (.))
                [!provide]                        PROVIDE (_etext, ABSOLUTE (.))
                [!provide]                        PROVIDE (etext, ABSOLUTE (.))
 *(.eh_frame_hdr)
                0x000000000081b21c                . = ALIGN (0x4)
                [!provide]                        PROVIDE (__preinit_array_start, ABSOLUTE (.))
 *(.preinit_array)
                [!provide]                        PROVIDE (__preinit_array_end, ABSOLUTE (.))
                [!provide]                        PROVIDE (__init_array_start, ABSOLUTE (.))
 *(.init_array)
                [!provide]                        PROVIDE (__init_array_end, ABSOLUTE (.))
                [!provide]                        PROVIDE (__fini_array_start, ABSOLUTE (.))
 *(.fini_array)
                [!provide]                        PROVIDE (__fini_array_end, ABSOLUTE (.))
 *(.eh_frame)
 *(.gcc_except_table .gcc_except_table.*)
 *(.dynamic)
                0x000000000081b21c                PROVIDE (__CTOR_LIST__, ABSOLUTE (.))
 *(.ctors)
 *(SORT(.ctors.*))
                0x000000000081b21c                PROVIDE (__CTOR_END__, ABSOLUTE (.))
                0x000000000081b21c                PROVIDE (__DTOR_LIST__, ABSOLUTE (.))
 *(.dtors)
 *(SORT(.dtors.*))
                0x000000000081b21c                PROVIDE (__DTOR_END__, ABSOLUTE (.))
 *(.jcr)
                0x000000000081b21c                . = ALIGN (0x4)

.rodata         0x000000000081b21c      0xd24
                0x000000000081b21c                PROVIDE (__ram_rodata_start, ABSOLUTE (.))
                0x000000000081b21c                . = ALIGN (0x4)
 *(.rodata .rodata.* .gnu.linkonce.r.*)
 .rodata        0x000000000081b21c       0xf0 obj/default/ff.o
 .rodata        0x000000000081b30c      0x661 obj/default/hello_world.o
 *fill*         0x000000000081b96d        0x3 
 .rodata        0x000000000081b970        0xe obj/default/monitor.o
 *fill*         0x000000000081b97e        0x2 
 .rodata.str1.4
                0x000000000081b980        0x2 c:/software/altera/18.1/nios2eds/bin/gnu/h-x86_64-mingw32/bin/../lib/gcc/nios2-elf/5.3.0/../../../../../H-x86_64-mingw32/nios2-elf/lib\libc.a(lib_a-impure.o)
 *fill*         0x000000000081b982        0x2 
 .rodata.str1.4
                0x000000000081b984       0x42 c:/software/altera/18.1/nios2eds/bin/gnu/h-x86_64-mingw32/bin/../lib/gcc/nios2-elf/5.3.0/../../../../../H-x86_64-mingw32/nios2-elf/lib\libc.a(lib_a-vfprintf.o)
 .rodata.zeroes.4404
                0x000000000081b9c6       0x10 c:/software/altera/18.1/nios2eds/bin/gnu/h-x86_64-mingw32/bin/../lib/gcc/nios2-elf/5.3.0/../../../../../H-x86_64-mingw32/nios2-elf/lib\libc.a(lib_a-vfprintf.o)
 .rodata.blanks.4403
                0x000000000081b9d6       0x10 c:/software/altera/18.1/nios2eds/bin/gnu/h-x86_64-mingw32/bin/../lib/gcc/nios2-elf/5.3.0/../../../../../H-x86_64-mingw32/nios2-elf/lib\libc.a(lib_a-vfprintf.o)
 *fill*         0x000000000081b9e6        0x2 
 .rodata.str1.4
                0x000000000081b9e8       0x10 c:/software/altera/18.1/nios2eds/bin/gnu/h-x86_64-mingw32/bin/../lib/gcc/nios2-elf/5.3.0/../../../../../H-x86_64-mingw32/nios2-elf/lib\libc.a(lib_a-dtoa.o)
                                         0x12 (size before relaxing)
 .rodata.str1.4
                0x000000000081b9f8        0xc c:/software/altera/18.1/nios2eds/bin/gnu/h-x86_64-mingw32/bin/../lib/gcc/nios2-elf/5.3.0/../../../../../H-x86_64-mingw32/nios2-elf/lib\libc.a(lib_a-locale.o)
                                         0x12 (size before relaxing)
 .rodata.p05.2768
                0x000000000081ba04        0xc c:/software/altera/18.1/nios2eds/bin/gnu/h-x86_64-mingw32/bin/../lib/gcc/nios2-elf/5.3.0/../../../../../H-x86_64-mingw32/nios2-elf/lib\libc.a(lib_a-mprec.o)
 .rodata.__mprec_tinytens
                0x000000000081ba10       0x28 c:/software/altera/18.1/nios2eds/bin/gnu/h-x86_64-mingw32/bin/../lib/gcc/nios2-elf/5.3.0/../../../../../H-x86_64-mingw32/nios2-elf/lib\libc.a(lib_a-mprec.o)
                0x000000000081ba10                __mprec_tinytens
 .rodata.__mprec_bigtens
                0x000000000081ba38       0x28 c:/software/altera/18.1/nios2eds/bin/gnu/h-x86_64-mingw32/bin/../lib/gcc/nios2-elf/5.3.0/../../../../../H-x86_64-mingw32/nios2-elf/lib\libc.a(lib_a-mprec.o)
                0x000000000081ba38                __mprec_bigtens
 .rodata.__mprec_tens
                0x000000000081ba60       0xc8 c:/software/altera/18.1/nios2eds/bin/gnu/h-x86_64-mingw32/bin/../lib/gcc/nios2-elf/5.3.0/../../../../../H-x86_64-mingw32/nios2-elf/lib\libc.a(lib_a-mprec.o)
                0x000000000081ba60                __mprec_tens
 .rodata.str1.4
                0x000000000081bb28       0x2f c:/software/altera/18.1/nios2eds/bin/gnu/h-x86_64-mingw32/bin/../lib/gcc/nios2-elf/5.3.0/../../../../../H-x86_64-mingw32/nios2-elf/lib\libc.a(lib_a-vfiprintf.o)
 .rodata.zeroes.4349
                0x000000000081bb28       0x10 c:/software/altera/18.1/nios2eds/bin/gnu/h-x86_64-mingw32/bin/../lib/gcc/nios2-elf/5.3.0/../../../../../H-x86_64-mingw32/nios2-elf/lib\libc.a(lib_a-vfiprintf.o)
 .rodata.blanks.4348
                0x000000000081bb38       0x10 c:/software/altera/18.1/nios2eds/bin/gnu/h-x86_64-mingw32/bin/../lib/gcc/nios2-elf/5.3.0/../../../../../H-x86_64-mingw32/nios2-elf/lib\libc.a(lib_a-vfiprintf.o)
 .rodata        0x000000000081bb48      0x100 c:/software/altera/18.1/nios2eds/bin/gnu/h-x86_64-mingw32/bin/../lib/gcc/nios2-elf/5.3.0\libgcc.a(_clz.o)
                0x000000000081bb48                __clz_tab
 .rodata        0x000000000081bc48        0xa ../Lab2_CLI_bsp/\libhal_bsp.a(alt_dev.o)
 *fill*         0x000000000081bc52        0x2 
 .rodata        0x000000000081bc54       0x11 ../Lab2_CLI_bsp/\libhal_bsp.a(alt_main.o)
 *fill*         0x000000000081bc65        0x3 
 .rodata        0x000000000081bc68       0x57 ../Lab2_CLI_bsp/\libhal_bsp.a(alt_sys_init.o)
 .rodata._ctype_
                0x000000000081bcbf      0x101 c:/software/altera/18.1/nios2eds/bin/gnu/h-x86_64-mingw32/bin/../lib/gcc/nios2-elf/5.3.0/../../../../../H-x86_64-mingw32/nios2-elf/lib\libc.a(lib_a-ctype_.o)
                0x000000000081bcbf                _ctype_
 .rodata._ctype_b
                0x000000000081bdc0      0x180 c:/software/altera/18.1/nios2eds/bin/gnu/h-x86_64-mingw32/bin/../lib/gcc/nios2-elf/5.3.0/../../../../../H-x86_64-mingw32/nios2-elf/lib\libc.a(lib_a-ctype_.o)
 *(.rodata1)
                0x000000000081bf40                . = ALIGN (0x4)
                0x000000000081bf40                PROVIDE (__ram_rodata_end, ABSOLUTE (.))
                0x000000000081b21c                PROVIDE (__flash_rodata_start, LOADADDR (.rodata))

.rwdata         0x000000000081bf40      0xd0c load address 0x000000000081cc4c
                0x000000000081bf40                PROVIDE (__ram_rwdata_start, ABSOLUTE (.))
                0x000000000081bf40                . = ALIGN (0x4)
 *(.got.plt)
 *(.got)
 *(.data1)
 *(.data .data.* .gnu.linkonce.d.*)
 .data          0x000000000081bf40        0x0 ../Lab2_CLI_bsp//obj/HAL/src/crt0.o
 .data          0x000000000081bf40        0x0 obj/default/fatfs.o
 .data          0x000000000081bf40        0x0 obj/default/fatfs_diskio.o
 .data          0x000000000081bf40        0x0 obj/default/fatfs_nios2_de0_nano_spi.o
 .data          0x000000000081bf40        0x0 obj/default/fatfs_nios2_de1_pio.o
 .data          0x000000000081bf40        0x0 obj/default/fatfs_nios2_de1_spi.o
 .data          0x000000000081bf40        0x0 obj/default/ff.o
 .data          0x000000000081bf40        0x0 obj/default/hello_world.o
 .data          0x000000000081bf40        0x0 obj/default/monitor.o
 .data          0x000000000081bf40        0x0 obj/default/uart_nios2.o
 .data          0x000000000081bf40        0x0 c:/software/altera/18.1/nios2eds/bin/gnu/h-x86_64-mingw32/bin/../lib/gcc/nios2-elf/5.3.0\libgcc.a(lib2-divmod.o)
 .data          0x000000000081bf40        0x0 c:/software/altera/18.1/nios2eds/bin/gnu/h-x86_64-mingw32/bin/../lib/gcc/nios2-elf/5.3.0/../../../../../H-x86_64-mingw32/nios2-elf/lib\libc.a(lib_a-getc.o)
 .data          0x000000000081bf40        0x0 c:/software/altera/18.1/nios2eds/bin/gnu/h-x86_64-mingw32/bin/../lib/gcc/nios2-elf/5.3.0/../../../../../H-x86_64-mingw32/nios2-elf/lib\libc.a(lib_a-impure.o)
 .data.impure_data
                0x000000000081bf40      0x424 c:/software/altera/18.1/nios2eds/bin/gnu/h-x86_64-mingw32/bin/../lib/gcc/nios2-elf/5.3.0/../../../../../H-x86_64-mingw32/nios2-elf/lib\libc.a(lib_a-impure.o)
 .data          0x000000000081c364        0x0 c:/software/altera/18.1/nios2eds/bin/gnu/h-x86_64-mingw32/bin/../lib/gcc/nios2-elf/5.3.0/../../../../../H-x86_64-mingw32/nios2-elf/lib\libc.a(lib_a-memset.o)
 .data          0x000000000081c364        0x0 c:/software/altera/18.1/nios2eds/bin/gnu/h-x86_64-mingw32/bin/../lib/gcc/nios2-elf/5.3.0/../../../../../H-x86_64-mingw32/nios2-elf/lib\libc.a(lib_a-printf.o)
 .data          0x000000000081c364        0x0 c:/software/altera/18.1/nios2eds/bin/gnu/h-x86_64-mingw32/bin/../lib/gcc/nios2-elf/5.3.0/../../../../../H-x86_64-mingw32/nios2-elf/lib\libc.a(lib_a-putchar.o)
 .data          0x000000000081c364        0x0 c:/software/altera/18.1/nios2eds/bin/gnu/h-x86_64-mingw32/bin/../lib/gcc/nios2-elf/5.3.0/../../../../../H-x86_64-mingw32/nios2-elf/lib\libc.a(lib_a-rget.o)
 .data          0x000000000081c364        0x0 c:/software/altera/18.1/nios2eds/bin/gnu/h-x86_64-mingw32/bin/../lib/gcc/nios2-elf/5.3.0/../../../../../H-x86_64-mingw32/nios2-elf/lib\libc.a(lib_a-strcpy.o)
 .data          0x000000000081c364        0x0 c:/software/altera/18.1/nios2eds/bin/gnu/h-x86_64-mingw32/bin/../lib/gcc/nios2-elf/5.3.0/../../../../../H-x86_64-mingw32/nios2-elf/lib\libc.a(lib_a-strlen.o)
 .data          0x000000000081c364        0x0 c:/software/altera/18.1/nios2eds/bin/gnu/h-x86_64-mingw32/bin/../lib/gcc/nios2-elf/5.3.0/../../../../../H-x86_64-mingw32/nios2-elf/lib\libc.a(lib_a-vfprintf.o)
 .data          0x000000000081c364        0x0 c:/software/altera/18.1/nios2eds/bin/gnu/h-x86_64-mingw32/bin/../lib/gcc/nios2-elf/5.3.0/../../../../../H-x86_64-mingw32/nios2-elf/lib\libc.a(lib_a-wsetup.o)
 .data          0x000000000081c364        0x0 c:/software/altera/18.1/nios2eds/bin/gnu/h-x86_64-mingw32/bin/../lib/gcc/nios2-elf/5.3.0/../../../../../H-x86_64-mingw32/nios2-elf/lib\libc.a(lib_a-dtoa.o)
 .data          0x000000000081c364        0x0 c:/software/altera/18.1/nios2eds/bin/gnu/h-x86_64-mingw32/bin/../lib/gcc/nios2-elf/5.3.0/../../../../../H-x86_64-mingw32/nios2-elf/lib\libc.a(lib_a-fflush.o)
 .data          0x000000000081c364        0x0 c:/software/altera/18.1/nios2eds/bin/gnu/h-x86_64-mingw32/bin/../lib/gcc/nios2-elf/5.3.0/../../../../../H-x86_64-mingw32/nios2-elf/lib\libc.a(lib_a-findfp.o)
 .data          0x000000000081c364        0x0 c:/software/altera/18.1/nios2eds/bin/gnu/h-x86_64-mingw32/bin/../lib/gcc/nios2-elf/5.3.0/../../../../../H-x86_64-mingw32/nios2-elf/lib\libc.a(lib_a-freer.o)
 .data          0x000000000081c364        0x0 c:/software/altera/18.1/nios2eds/bin/gnu/h-x86_64-mingw32/bin/../lib/gcc/nios2-elf/5.3.0/../../../../../H-x86_64-mingw32/nios2-elf/lib\libc.a(lib_a-fwalk.o)
 .data          0x000000000081c364        0x0 c:/software/altera/18.1/nios2eds/bin/gnu/h-x86_64-mingw32/bin/../lib/gcc/nios2-elf/5.3.0/../../../../../H-x86_64-mingw32/nios2-elf/lib\libc.a(lib_a-locale.o)
 .data.lc_message_charset
                0x000000000081c364       0x20 c:/software/altera/18.1/nios2eds/bin/gnu/h-x86_64-mingw32/bin/../lib/gcc/nios2-elf/5.3.0/../../../../../H-x86_64-mingw32/nios2-elf/lib\libc.a(lib_a-locale.o)
 .data.lc_ctype_charset
                0x000000000081c384       0x20 c:/software/altera/18.1/nios2eds/bin/gnu/h-x86_64-mingw32/bin/../lib/gcc/nios2-elf/5.3.0/../../../../../H-x86_64-mingw32/nios2-elf/lib\libc.a(lib_a-locale.o)
 .data.lconv    0x000000000081c3a4       0x38 c:/software/altera/18.1/nios2eds/bin/gnu/h-x86_64-mingw32/bin/../lib/gcc/nios2-elf/5.3.0/../../../../../H-x86_64-mingw32/nios2-elf/lib\libc.a(lib_a-locale.o)
 .data          0x000000000081c3dc        0x0 c:/software/altera/18.1/nios2eds/bin/gnu/h-x86_64-mingw32/bin/../lib/gcc/nios2-elf/5.3.0/../../../../../H-x86_64-mingw32/nios2-elf/lib\libc.a(lib_a-makebuf.o)
 .data          0x000000000081c3dc        0x0 c:/software/altera/18.1/nios2eds/bin/gnu/h-x86_64-mingw32/bin/../lib/gcc/nios2-elf/5.3.0/../../../../../H-x86_64-mingw32/nios2-elf/lib\libc.a(lib_a-mallocr.o)
 .data.__malloc_av_
                0x000000000081c3dc      0x408 c:/software/altera/18.1/nios2eds/bin/gnu/h-x86_64-mingw32/bin/../lib/gcc/nios2-elf/5.3.0/../../../../../H-x86_64-mingw32/nios2-elf/lib\libc.a(lib_a-mallocr.o)
                0x000000000081c3dc                __malloc_av_
 .data          0x000000000081c7e4        0x0 c:/software/altera/18.1/nios2eds/bin/gnu/h-x86_64-mingw32/bin/../lib/gcc/nios2-elf/5.3.0/../../../../../H-x86_64-mingw32/nios2-elf/lib\libc.a(lib_a-memchr.o)
 .data          0x000000000081c7e4        0x0 c:/software/altera/18.1/nios2eds/bin/gnu/h-x86_64-mingw32/bin/../lib/gcc/nios2-elf/5.3.0/../../../../../H-x86_64-mingw32/nios2-elf/lib\libc.a(lib_a-memcpy.o)
 .data          0x000000000081c7e4        0x0 c:/software/altera/18.1/nios2eds/bin/gnu/h-x86_64-mingw32/bin/../lib/gcc/nios2-elf/5.3.0/../../../../../H-x86_64-mingw32/nios2-elf/lib\libc.a(lib_a-mprec.o)
 .data          0x000000000081c7e4        0x0 c:/software/altera/18.1/nios2eds/bin/gnu/h-x86_64-mingw32/bin/../lib/gcc/nios2-elf/5.3.0/../../../../../H-x86_64-mingw32/nios2-elf/lib\libc.a(lib_a-putc.o)
 .data          0x000000000081c7e4        0x0 c:/software/altera/18.1/nios2eds/bin/gnu/h-x86_64-mingw32/bin/../lib/gcc/nios2-elf/5.3.0/../../../../../H-x86_64-mingw32/nios2-elf/lib\libc.a(lib_a-refill.o)
 .data          0x000000000081c7e4        0x0 c:/software/altera/18.1/nios2eds/bin/gnu/h-x86_64-mingw32/bin/../lib/gcc/nios2-elf/5.3.0/../../../../../H-x86_64-mingw32/nios2-elf/lib\libc.a(lib_a-s_fpclassify.o)
 .data          0x000000000081c7e4        0x0 c:/software/altera/18.1/nios2eds/bin/gnu/h-x86_64-mingw32/bin/../lib/gcc/nios2-elf/5.3.0/../../../../../H-x86_64-mingw32/nios2-elf/lib\libc.a(lib_a-sbrkr.o)
 .data          0x000000000081c7e4        0x0 c:/software/altera/18.1/nios2eds/bin/gnu/h-x86_64-mingw32/bin/../lib/gcc/nios2-elf/5.3.0/../../../../../H-x86_64-mingw32/nios2-elf/lib\libc.a(lib_a-stdio.o)
 .data          0x000000000081c7e4        0x0 c:/software/altera/18.1/nios2eds/bin/gnu/h-x86_64-mingw32/bin/../lib/gcc/nios2-elf/5.3.0/../../../../../H-x86_64-mingw32/nios2-elf/lib\libc.a(lib_a-strcmp.o)
 .data          0x000000000081c7e4        0x0 c:/software/altera/18.1/nios2eds/bin/gnu/h-x86_64-mingw32/bin/../lib/gcc/nios2-elf/5.3.0/../../../../../H-x86_64-mingw32/nios2-elf/lib\libc.a(lib_a-vfiprintf.o)
 .data          0x000000000081c7e4        0x0 c:/software/altera/18.1/nios2eds/bin/gnu/h-x86_64-mingw32/bin/../lib/gcc/nios2-elf/5.3.0/../../../../../H-x86_64-mingw32/nios2-elf/lib\libc.a(lib_a-wbuf.o)
 .data          0x000000000081c7e4        0x0 c:/software/altera/18.1/nios2eds/bin/gnu/h-x86_64-mingw32/bin/../lib/gcc/nios2-elf/5.3.0/../../../../../H-x86_64-mingw32/nios2-elf/lib\libc.a(lib_a-writer.o)
 .data          0x000000000081c7e4        0x0 c:/software/altera/18.1/nios2eds/bin/gnu/h-x86_64-mingw32/bin/../lib/gcc/nios2-elf/5.3.0/../../../../../H-x86_64-mingw32/nios2-elf/lib\libc.a(closer.o)
 .data          0x000000000081c7e4        0x0 c:/software/altera/18.1/nios2eds/bin/gnu/h-x86_64-mingw32/bin/../lib/gcc/nios2-elf/5.3.0/../../../../../H-x86_64-mingw32/nios2-elf/lib\libc.a(lib_a-callocr.o)
 .data          0x000000000081c7e4        0x0 c:/software/altera/18.1/nios2eds/bin/gnu/h-x86_64-mingw32/bin/../lib/gcc/nios2-elf/5.3.0/../../../../../H-x86_64-mingw32/nios2-elf/lib\libc.a(lib_a-fclose.o)
 .data          0x000000000081c7e4        0x0 c:/software/altera/18.1/nios2eds/bin/gnu/h-x86_64-mingw32/bin/../lib/gcc/nios2-elf/5.3.0/../../../../../H-x86_64-mingw32/nios2-elf/lib\libc.a(lib_a-fputwc.o)
 .data          0x000000000081c7e4        0x0 c:/software/altera/18.1/nios2eds/bin/gnu/h-x86_64-mingw32/bin/../lib/gcc/nios2-elf/5.3.0/../../../../../H-x86_64-mingw32/nios2-elf/lib\libc.a(lib_a-fstatr.o)
 .data          0x000000000081c7e4        0x0 c:/software/altera/18.1/nios2eds/bin/gnu/h-x86_64-mingw32/bin/../lib/gcc/nios2-elf/5.3.0/../../../../../H-x86_64-mingw32/nios2-elf/lib\libc.a(lib_a-fvwrite.o)
 .data          0x000000000081c7e4        0x0 c:/software/altera/18.1/nios2eds/bin/gnu/h-x86_64-mingw32/bin/../lib/gcc/nios2-elf/5.3.0/../../../../../H-x86_64-mingw32/nios2-elf/lib\libc.a(lib_a-int_errno.o)
 .data          0x000000000081c7e4        0x0 c:/software/altera/18.1/nios2eds/bin/gnu/h-x86_64-mingw32/bin/../lib/gcc/nios2-elf/5.3.0/../../../../../H-x86_64-mingw32/nios2-elf/lib\libc.a(lib_a-isattyr.o)
 .data          0x000000000081c7e4        0x0 c:/software/altera/18.1/nios2eds/bin/gnu/h-x86_64-mingw32/bin/../lib/gcc/nios2-elf/5.3.0/../../../../../H-x86_64-mingw32/nios2-elf/lib\libc.a(lib_a-lseekr.o)
 .data          0x000000000081c7e4        0x0 c:/software/altera/18.1/nios2eds/bin/gnu/h-x86_64-mingw32/bin/../lib/gcc/nios2-elf/5.3.0/../../../../../H-x86_64-mingw32/nios2-elf/lib\libc.a(lib_a-memmove.o)
 .data          0x000000000081c7e4        0x0 c:/software/altera/18.1/nios2eds/bin/gnu/h-x86_64-mingw32/bin/../lib/gcc/nios2-elf/5.3.0/../../../../../H-x86_64-mingw32/nios2-elf/lib\libc.a(lib_a-readr.o)
 .data          0x000000000081c7e4        0x0 c:/software/altera/18.1/nios2eds/bin/gnu/h-x86_64-mingw32/bin/../lib/gcc/nios2-elf/5.3.0/../../../../../H-x86_64-mingw32/nios2-elf/lib\libc.a(lib_a-reallocr.o)
 .data          0x000000000081c7e4        0x0 c:/software/altera/18.1/nios2eds/bin/gnu/h-x86_64-mingw32/bin/../lib/gcc/nios2-elf/5.3.0/../../../../../H-x86_64-mingw32/nios2-elf/lib\libc.a(lib_a-wcrtomb.o)
 .data          0x000000000081c7e4        0x0 c:/software/altera/18.1/nios2eds/bin/gnu/h-x86_64-mingw32/bin/../lib/gcc/nios2-elf/5.3.0/../../../../../H-x86_64-mingw32/nios2-elf/lib\libc.a(lib_a-wctomb_r.o)
 .data          0x000000000081c7e4        0x0 c:/software/altera/18.1/nios2eds/bin/gnu/h-x86_64-mingw32/bin/../lib/gcc/nios2-elf/5.3.0\libgcc.a(_udivdi3.o)
 .data          0x000000000081c7e4        0x0 c:/software/altera/18.1/nios2eds/bin/gnu/h-x86_64-mingw32/bin/../lib/gcc/nios2-elf/5.3.0\libgcc.a(_umoddi3.o)
 .data          0x000000000081c7e4        0x0 c:/software/altera/18.1/nios2eds/bin/gnu/h-x86_64-mingw32/bin/../lib/gcc/nios2-elf/5.3.0\libgcc.a(adddf3.o)
 .data          0x000000000081c7e4        0x0 c:/software/altera/18.1/nios2eds/bin/gnu/h-x86_64-mingw32/bin/../lib/gcc/nios2-elf/5.3.0\libgcc.a(divdf3.o)
 .data          0x000000000081c7e4        0x0 c:/software/altera/18.1/nios2eds/bin/gnu/h-x86_64-mingw32/bin/../lib/gcc/nios2-elf/5.3.0\libgcc.a(eqdf2.o)
 .data          0x000000000081c7e4        0x0 c:/software/altera/18.1/nios2eds/bin/gnu/h-x86_64-mingw32/bin/../lib/gcc/nios2-elf/5.3.0\libgcc.a(gedf2.o)
 .data          0x000000000081c7e4        0x0 c:/software/altera/18.1/nios2eds/bin/gnu/h-x86_64-mingw32/bin/../lib/gcc/nios2-elf/5.3.0\libgcc.a(ledf2.o)
 .data          0x000000000081c7e4        0x0 c:/software/altera/18.1/nios2eds/bin/gnu/h-x86_64-mingw32/bin/../lib/gcc/nios2-elf/5.3.0\libgcc.a(muldf3.o)
 .data          0x000000000081c7e4        0x0 c:/software/altera/18.1/nios2eds/bin/gnu/h-x86_64-mingw32/bin/../lib/gcc/nios2-elf/5.3.0\libgcc.a(subdf3.o)
 .data          0x000000000081c7e4        0x0 c:/software/altera/18.1/nios2eds/bin/gnu/h-x86_64-mingw32/bin/../lib/gcc/nios2-elf/5.3.0\libgcc.a(fixdfsi.o)
 .data          0x000000000081c7e4        0x0 c:/software/altera/18.1/nios2eds/bin/gnu/h-x86_64-mingw32/bin/../lib/gcc/nios2-elf/5.3.0\libgcc.a(floatsidf.o)
 .data          0x000000000081c7e4        0x0 c:/software/altera/18.1/nios2eds/bin/gnu/h-x86_64-mingw32/bin/../lib/gcc/nios2-elf/5.3.0\libgcc.a(floatunsidf.o)
 .data          0x000000000081c7e4        0x0 c:/software/altera/18.1/nios2eds/bin/gnu/h-x86_64-mingw32/bin/../lib/gcc/nios2-elf/5.3.0\libgcc.a(_clz.o)
 .data          0x000000000081c7e4        0x0 c:/software/altera/18.1/nios2eds/bin/gnu/h-x86_64-mingw32/bin/../lib/gcc/nios2-elf/5.3.0\libgcc.a(_clzsi2.o)
 .data          0x000000000081c7e4        0x0 ../Lab2_CLI_bsp/\libhal_bsp.a(alt_alarm_start.o)
 .data          0x000000000081c7e4        0x0 ../Lab2_CLI_bsp/\libhal_bsp.a(alt_close.o)
 .data          0x000000000081c7e4      0x1a8 ../Lab2_CLI_bsp/\libhal_bsp.a(alt_dev.o)
                0x000000000081c7e4                alt_dev_null
                0x000000000081c80c                alt_fd_list
 .data          0x000000000081c98c        0x0 ../Lab2_CLI_bsp/\libhal_bsp.a(alt_errno.o)
 .data          0x000000000081c98c        0x0 ../Lab2_CLI_bsp/\libhal_bsp.a(alt_fstat.o)
 .data          0x000000000081c98c        0x0 ../Lab2_CLI_bsp/\libhal_bsp.a(alt_isatty.o)
 .data          0x000000000081c98c        0x0 ../Lab2_CLI_bsp/\libhal_bsp.a(alt_load.o)
 .data          0x000000000081c98c        0x0 ../Lab2_CLI_bsp/\libhal_bsp.a(alt_lseek.o)
 .data          0x000000000081c98c        0x0 ../Lab2_CLI_bsp/\libhal_bsp.a(alt_main.o)
 .data          0x000000000081c98c        0x0 ../Lab2_CLI_bsp/\libhal_bsp.a(alt_malloc_lock.o)
 .data          0x000000000081c98c        0x0 ../Lab2_CLI_bsp/\libhal_bsp.a(alt_printf.o)
 .data          0x000000000081c98c        0x0 ../Lab2_CLI_bsp/\libhal_bsp.a(alt_putchar.o)
 .data          0x000000000081c98c        0x0 ../Lab2_CLI_bsp/\libhal_bsp.a(alt_read.o)
 .data          0x000000000081c98c        0x0 ../Lab2_CLI_bsp/\libhal_bsp.a(alt_release_fd.o)
 .data          0x000000000081c98c        0x0 ../Lab2_CLI_bsp/\libhal_bsp.a(alt_sbrk.o)
 .data          0x000000000081c98c        0x0 ../Lab2_CLI_bsp/\libhal_bsp.a(alt_tick.o)
 .data          0x000000000081c98c        0x0 ../Lab2_CLI_bsp/\libhal_bsp.a(alt_write.o)
 .data          0x000000000081c98c      0x270 ../Lab2_CLI_bsp/\libhal_bsp.a(alt_sys_init.o)
 .data          0x000000000081cbfc        0x0 ../Lab2_CLI_bsp/\libhal_bsp.a(altera_avalon_jtag_uart_fd.o)
 .data          0x000000000081cbfc        0x0 ../Lab2_CLI_bsp/\libhal_bsp.a(altera_avalon_jtag_uart_read.o)
 .data          0x000000000081cbfc        0x0 ../Lab2_CLI_bsp/\libhal_bsp.a(altera_avalon_jtag_uart_write.o)
 .data          0x000000000081cbfc        0x0 ../Lab2_CLI_bsp/\libhal_bsp.a(altera_avalon_lcd_16207.o)
 .data          0x000000000081cbfc        0x0 ../Lab2_CLI_bsp/\libhal_bsp.a(altera_avalon_lcd_16207_fd.o)
 .data          0x000000000081cbfc        0x0 ../Lab2_CLI_bsp/\libhal_bsp.a(altera_avalon_timer_sc.o)
 .data          0x000000000081cbfc        0x0 ../Lab2_CLI_bsp/\libhal_bsp.a(altera_avalon_uart_fd.o)
 .data          0x000000000081cbfc        0x0 ../Lab2_CLI_bsp/\libhal_bsp.a(altera_avalon_uart_init.o)
 .data          0x000000000081cbfc        0x0 ../Lab2_CLI_bsp/\libhal_bsp.a(altera_avalon_uart_read.o)
 .data          0x000000000081cbfc        0x0 ../Lab2_CLI_bsp/\libhal_bsp.a(altera_avalon_uart_write.o)
 .data          0x000000000081cbfc        0x0 ../Lab2_CLI_bsp/\libhal_bsp.a(altera_up_avalon_audio.o)
 .data          0x000000000081cbfc        0x0 ../Lab2_CLI_bsp/\libhal_bsp.a(alt_dcache_flush_all.o)
 .data          0x000000000081cbfc        0x0 ../Lab2_CLI_bsp/\libhal_bsp.a(alt_dev_llist_insert.o)
 .data          0x000000000081cbfc        0x0 ../Lab2_CLI_bsp/\libhal_bsp.a(alt_do_ctors.o)
 .data          0x000000000081cbfc        0x0 ../Lab2_CLI_bsp/\libhal_bsp.a(alt_do_dtors.o)
 .data          0x000000000081cbfc        0x0 ../Lab2_CLI_bsp/\libhal_bsp.a(alt_find_dev.o)
 .data          0x000000000081cbfc        0x0 ../Lab2_CLI_bsp/\libhal_bsp.a(alt_icache_flush_all.o)
 .data          0x000000000081cbfc        0x0 ../Lab2_CLI_bsp/\libhal_bsp.a(alt_io_redirect.o)
 .data          0x000000000081cbfc        0x0 ../Lab2_CLI_bsp/\libhal_bsp.a(alt_irq_register.o)
 .data          0x000000000081cbfc        0x0 ../Lab2_CLI_bsp/\libhal_bsp.a(alt_irq_vars.o)
 .data          0x000000000081cbfc        0x0 ../Lab2_CLI_bsp/\libhal_bsp.a(alt_open.o)
 .data          0x000000000081cbfc        0x0 ../Lab2_CLI_bsp/\libhal_bsp.a(alt_usleep.o)
 .data          0x000000000081cbfc        0x0 ../Lab2_CLI_bsp/\libhal_bsp.a(altera_nios2_gen2_irq.o)
 .data          0x000000000081cbfc        0x0 ../Lab2_CLI_bsp/\libhal_bsp.a(alt_busy_sleep.o)
 .data          0x000000000081cbfc        0x0 ../Lab2_CLI_bsp/\libhal_bsp.a(alt_find_file.o)
 .data          0x000000000081cbfc        0x0 ../Lab2_CLI_bsp/\libhal_bsp.a(alt_get_fd.o)
 .data          0x000000000081cbfc        0x0 ../Lab2_CLI_bsp/\libhal_bsp.a(alt_icache_flush.o)
 .data          0x000000000081cbfc        0x0 ../Lab2_CLI_bsp/\libhal_bsp.a(alt_irq_entry.o)
 .data          0x000000000081cbfc        0x0 ../Lab2_CLI_bsp/\libhal_bsp.a(alt_irq_handler.o)
 .data          0x000000000081cbfc        0x0 ../Lab2_CLI_bsp/\libhal_bsp.a(alt_exception_entry.o)
 .data          0x000000000081cbfc        0x0 ../Lab2_CLI_bsp/\libhal_bsp.a(alt_instruction_exception_entry.o)
 .data          0x000000000081cbfc        0x0 c:/software/altera/18.1/nios2eds/bin/gnu/h-x86_64-mingw32/bin/../lib/gcc/nios2-elf/5.3.0/../../../../../H-x86_64-mingw32/nios2-elf/lib\libc.a(lib_a-atexit.o)
 .data          0x000000000081cbfc        0x0 c:/software/altera/18.1/nios2eds/bin/gnu/h-x86_64-mingw32/bin/../lib/gcc/nios2-elf/5.3.0/../../../../../H-x86_64-mingw32/nios2-elf/lib\libc.a(lib_a-ctype_.o)
 .data          0x000000000081cbfc        0x0 c:/software/altera/18.1/nios2eds/bin/gnu/h-x86_64-mingw32/bin/../lib/gcc/nios2-elf/5.3.0/../../../../../H-x86_64-mingw32/nios2-elf/lib\libc.a(lib_a-exit.o)
 .data          0x000000000081cbfc        0x0 c:/software/altera/18.1/nios2eds/bin/gnu/h-x86_64-mingw32/bin/../lib/gcc/nios2-elf/5.3.0/../../../../../H-x86_64-mingw32/nios2-elf/lib\libc.a(lib_a-memcmp.o)
 .data          0x000000000081cbfc        0x0 c:/software/altera/18.1/nios2eds/bin/gnu/h-x86_64-mingw32/bin/../lib/gcc/nios2-elf/5.3.0/../../../../../H-x86_64-mingw32/nios2-elf/lib\libc.a(lib_a-__atexit.o)
 .data          0x000000000081cbfc        0x0 c:/software/altera/18.1/nios2eds/bin/gnu/h-x86_64-mingw32/bin/../lib/gcc/nios2-elf/5.3.0/../../../../../H-x86_64-mingw32/nios2-elf/lib\libc.a(lib_a-__call_atexit.o)
 .data          0x000000000081cbfc        0x0 ../Lab2_CLI_bsp/\libhal_bsp.a(alt_exit.o)
                0x0000000000824bfc                _gp = ABSOLUTE ((. + 0x8000))
                [!provide]                        PROVIDE (gp, _gp)
 *(.rwdata .rwdata.*)
 *(.sdata .sdata.* .gnu.linkonce.s.*)
 .sdata         0x000000000081cbfc        0x1 obj/default/fatfs_diskio.o
 .sdata         0x000000000081cbfd        0x4 obj/default/hello_world.o
 *fill*         0x000000000081cc01        0x3 
 .sdata._global_impure_ptr
                0x000000000081cc04        0x4 c:/software/altera/18.1/nios2eds/bin/gnu/h-x86_64-mingw32/bin/../lib/gcc/nios2-elf/5.3.0/../../../../../H-x86_64-mingw32/nios2-elf/lib\libc.a(lib_a-impure.o)
                0x000000000081cc04                _global_impure_ptr
 .sdata._impure_ptr
                0x000000000081cc08        0x4 c:/software/altera/18.1/nios2eds/bin/gnu/h-x86_64-mingw32/bin/../lib/gcc/nios2-elf/5.3.0/../../../../../H-x86_64-mingw32/nios2-elf/lib\libc.a(lib_a-impure.o)
                0x000000000081cc08                _impure_ptr
 .sdata.__mb_cur_max
                0x000000000081cc0c        0x4 c:/software/altera/18.1/nios2eds/bin/gnu/h-x86_64-mingw32/bin/../lib/gcc/nios2-elf/5.3.0/../../../../../H-x86_64-mingw32/nios2-elf/lib\libc.a(lib_a-locale.o)
                0x000000000081cc0c                __mb_cur_max
 .sdata.__malloc_sbrk_base
                0x000000000081cc10        0x4 c:/software/altera/18.1/nios2eds/bin/gnu/h-x86_64-mingw32/bin/../lib/gcc/nios2-elf/5.3.0/../../../../../H-x86_64-mingw32/nios2-elf/lib\libc.a(lib_a-mallocr.o)
                0x000000000081cc10                __malloc_sbrk_base
 .sdata.__malloc_trim_threshold
                0x000000000081cc14        0x4 c:/software/altera/18.1/nios2eds/bin/gnu/h-x86_64-mingw32/bin/../lib/gcc/nios2-elf/5.3.0/../../../../../H-x86_64-mingw32/nios2-elf/lib\libc.a(lib_a-mallocr.o)
                0x000000000081cc14                __malloc_trim_threshold
 .sdata.__wctomb
                0x000000000081cc18        0x4 c:/software/altera/18.1/nios2eds/bin/gnu/h-x86_64-mingw32/bin/../lib/gcc/nios2-elf/5.3.0/../../../../../H-x86_64-mingw32/nios2-elf/lib\libc.a(lib_a-wctomb_r.o)
                0x000000000081cc18                __wctomb
 .sdata         0x000000000081cc1c       0x14 ../Lab2_CLI_bsp/\libhal_bsp.a(alt_dev.o)
                0x000000000081cc1c                alt_fs_list
                0x000000000081cc24                alt_dev_list
                0x000000000081cc2c                alt_max_fd
 .sdata         0x000000000081cc30        0x4 ../Lab2_CLI_bsp/\libhal_bsp.a(alt_errno.o)
                0x000000000081cc30                alt_errno
 .sdata         0x000000000081cc34        0x4 ../Lab2_CLI_bsp/\libhal_bsp.a(alt_sbrk.o)
 .sdata         0x000000000081cc38        0x8 ../Lab2_CLI_bsp/\libhal_bsp.a(alt_tick.o)
                0x000000000081cc38                alt_alarm_list
 .sdata         0x000000000081cc40        0x4 ../Lab2_CLI_bsp/\libhal_bsp.a(altera_avalon_lcd_16207.o)
 .sdata         0x000000000081cc44        0x4 ../Lab2_CLI_bsp/\libhal_bsp.a(alt_irq_vars.o)
                0x000000000081cc44                alt_priority_mask
 .sdata.__ctype_ptr__
                0x000000000081cc48        0x4 c:/software/altera/18.1/nios2eds/bin/gnu/h-x86_64-mingw32/bin/../lib/gcc/nios2-elf/5.3.0/../../../../../H-x86_64-mingw32/nios2-elf/lib\libc.a(lib_a-ctype_.o)
                0x000000000081cc48                __ctype_ptr__
 *(.sdata2 .sdata2.* .gnu.linkonce.s2.*)
                0x000000000081cc4c                . = ALIGN (0x4)
                0x000000000081cc4c                _edata = ABSOLUTE (.)
                [!provide]                        PROVIDE (edata, ABSOLUTE (.))
                0x000000000081cc4c                PROVIDE (__ram_rwdata_end, ABSOLUTE (.))
                0x000000000081cc4c                PROVIDE (__flash_rwdata_start, LOADADDR (.rwdata))

.bss            0x000000000081d958      0xb4c
                0x000000000081d958                __bss_start = ABSOLUTE (.)
                [!provide]                        PROVIDE (__sbss_start, ABSOLUTE (.))
                [!provide]                        PROVIDE (___sbss_start, ABSOLUTE (.))
 *(.dynsbss)
 *(.sbss .sbss.* .gnu.linkonce.sb.*)
 .sbss          0x000000000081d958       0x10 obj/default/fatfs_diskio.o
 .sbss          0x000000000081d968        0x6 obj/default/ff.o
 *fill*         0x000000000081d96e        0x2 
 .sbss          0x000000000081d970        0x8 obj/default/hello_world.o
 .sbss          0x000000000081d978        0x8 obj/default/hello_world.o
                0x000000000081d978                acc_dirs
                0x000000000081d97a                acc_files
                0x000000000081d97c                acc_size
 .sbss._PathLocale
                0x000000000081d980        0x4 c:/software/altera/18.1/nios2eds/bin/gnu/h-x86_64-mingw32/bin/../lib/gcc/nios2-elf/5.3.0/../../../../../H-x86_64-mingw32/nios2-elf/lib\libc.a(lib_a-locale.o)
                0x000000000081d980                _PathLocale
 .sbss.__mlocale_changed