20:57:11 **** Incremental Build of configuration Debug for project Embedded_Project ****
make -j4 all 
arm-none-eabi-gcc "../Core/Src/main.c" -mcpu=cortex-m4 -std=gnu11 -g3 -DDEBUG -DUSE_HAL_DRIVER -DSTM32F401xE -c -I../Core/Inc -I../Drivers/STM32F4xx_HAL_Driver/Inc -I../Drivers/STM32F4xx_HAL_Driver/Inc/Legacy -I../Drivers/CMSIS/Device/ST/STM32F4xx/Include -I../Drivers/CMSIS/Include -O0 -ffunction-sections -fdata-sections -Wall -fstack-usage -fcyclomatic-complexity -MMD -MP -MF"Core/Src/main.d" -MT"Core/Src/main.o" --specs=nano.specs -mfpu=fpv4-sp-d16 -mfloat-abi=hard -mthumb -o "Core/Src/main.o"
../Core/Src/main.c: In function 'main':
../Core/Src/main.c:285:17: warning: implicit declaration of function 'sprintf' [-Wimplicit-function-declaration]
  285 |                 sprintf((char*) txd_msg_buffer, "\r\nSETUP MODE\r\n");
      |                 ^~~~~~~
../Core/Src/main.c:21:1: note: include '<stdio.h>' or provide a declaration of 'sprintf'
   20 | #include "main.h"
  +++ |+#include <stdio.h>
   21 | 
../Core/Src/main.c:285:17: warning: incompatible implicit declaration of built-in function 'sprintf' [-Wbuiltin-declaration-mismatch]
  285 |                 sprintf((char*) txd_msg_buffer, "\r\nSETUP MODE\r\n");
      |                 ^~~~~~~
../Core/Src/main.c:285:17: note: include '<stdio.h>' or provide a declaration of 'sprintf'
../Core/Src/main.c:287:33: warning: implicit declaration of function 'strlen' [-Wimplicit-function-declaration]
  287 |                                 strlen((char*) txd_msg_buffer), 100);
      |                                 ^~~~~~
../Core/Src/main.c:21:1: note: include '<string.h>' or provide a declaration of 'strlen'
   20 | #include "main.h"
  +++ |+#include <string.h>
   21 | 
../Core/Src/main.c:287:33: warning: incompatible implicit declaration of built-in function 'strlen' [-Wbuiltin-declaration-mismatch]
  287 |                                 strlen((char*) txd_msg_buffer), 100);
      |                                 ^~~~~~
../Core/Src/main.c:287:33: note: include '<string.h>' or provide a declaration of 'strlen'
../Core/Src/main.c:274:13: warning: unused variable 'counter' [-Wunused-variable]
  274 |         int counter = 0;
      |             ^~~~~~~
../Core/Src/main.c:263:13: warning: unused variable 'TIM2_CH1_STEP' [-Wunused-variable]
  263 |         int TIM2_CH1_STEP = 20;
      |             ^~~~~~~~~~~~~
../Core/Src/main.c:210:18: warning: unused variable 'distance' [-Wunused-variable]
  210 |         uint16_t distance = 0;
      |                  ^~~~~~~~
../Core/Src/main.c:209:18: warning: unused variable 'time_diff' [-Wunused-variable]
  209 |         uint16_t time_diff = 0;
      |                  ^~~~~~~~~
At top level:
../Core/Src/main.c:73:6: warning: 'ADC_Select_CH' defined but not used [-Wunused-function]
   73 | void ADC_Select_CH(int CH) {
      |      ^~~~~~~~~~~~~
arm-none-eabi-gcc -o "Embedded_Project.elf" @"objects.list"   -mcpu=cortex-m4 -T"N:\ECE298\STM32_Workspace\Embedded_Project\STM32F401RETX_FLASH.ld" --specs=nosys.specs -Wl,-Map="Embedded_Project.map" -Wl,--gc-sections -static --specs=nano.specs -mfpu=fpv4-sp-d16 -mfloat-abi=hard -mthumb -Wl,--start-group -lc -lm -Wl,--end-group
Finished building target: Embedded_Project.elf
 
arm-none-eabi-size   Embedded_Project.elf 
arm-none-eabi-objdump -h -S  Embedded_Project.elf  > "Embedded_Project.list"
   text	   data	    bss	    dec	    hex	filename
  26800	    100	   2420	  29320	   7288	Embedded_Project.elf
Finished building: default.size.stdout
 
Finished building: Embedded_Project.list
 
20:57:41 **** Incremental Build of configuration Debug for project Embedded_Project ****
make -j4 all 
arm-none-eabi-size   Embedded_Project.elf 
   text	   data	    bss	    dec	    hex	filename
  26800	    100	   2420	  29320	   7288	Embedded_Project.elf
Finished building: default.size.stdout
 
20:59:44 **** Incremental Build of configuration Debug for project Embedded_Project ****
make -j4 all 
arm-none-eabi-gcc "../Core/Src/main.c" -mcpu=cortex-m4 -std=gnu11 -g3 -DDEBUG -DUSE_HAL_DRIVER -DSTM32F401xE -c -I../Core/Inc -I../Drivers/STM32F4xx_HAL_Driver/Inc -I../Drivers/STM32F4xx_HAL_Driver/Inc/Legacy -I../Drivers/CMSIS/Device/ST/STM32F4xx/Include -I../Drivers/CMSIS/Include -O0 -ffunction-sections -fdata-sections -Wall -fstack-usage -fcyclomatic-complexity -MMD -MP -MF"Core/Src/main.d" -MT"Core/Src/main.o" --specs=nano.specs -mfpu=fpv4-sp-d16 -mfloat-abi=hard -mthumb -o "Core/Src/main.o"
../Core/Src/main.c: In function 'main':
../Core/Src/main.c:295:17: warning: implicit declaration of function 'sprintf' [-Wimplicit-function-declaration]
  295 |                 sprintf((char*) txd_msg_buffer, "\r\nSETUP MODE\r\n");
      |                 ^~~~~~~
../Core/Src/main.c:21:1: note: include '<stdio.h>' or provide a declaration of 'sprintf'
   20 | #include "main.h"
  +++ |+#include <stdio.h>
   21 | 
../Core/Src/main.c:295:17: warning: incompatible implicit declaration of built-in function 'sprintf' [-Wbuiltin-declaration-mismatch]
  295 |                 sprintf((char*) txd_msg_buffer, "\r\nSETUP MODE\r\n");
      |                 ^~~~~~~
../Core/Src/main.c:295:17: note: include '<stdio.h>' or provide a declaration of 'sprintf'
../Core/Src/main.c:297:33: warning: implicit declaration of function 'strlen' [-Wimplicit-function-declaration]
  297 |                                 strlen((char*) txd_msg_buffer), 100);
      |                                 ^~~~~~
../Core/Src/main.c:21:1: note: include '<string.h>' or provide a declaration of 'strlen'
   20 | #include "main.h"
  +++ |+#include <string.h>
   21 | 
../Core/Src/main.c:297:33: warning: incompatible implicit declaration of built-in function 'strlen' [-Wbuiltin-declaration-mismatch]
  297 |                                 strlen((char*) txd_msg_buffer), 100);
      |                                 ^~~~~~
../Core/Src/main.c:297:33: note: include '<string.h>' or provide a declaration of 'strlen'
../Core/Src/main.c:284:13: warning: unused variable 'counter' [-Wunused-variable]
  284 |         int counter = 0;
      |             ^~~~~~~
../Core/Src/main.c:273:13: warning: unused variable 'TIM2_CH1_STEP' [-Wunused-variable]
  273 |         int TIM2_CH1_STEP = 20;
      |             ^~~~~~~~~~~~~
../Core/Src/main.c:210:18: warning: unused variable 'distance' [-Wunused-variable]
  210 |         uint16_t distance = 0;
      |                  ^~~~~~~~
../Core/Src/main.c:209:18: warning: unused variable 'time_diff' [-Wunused-variable]
  209 |         uint16_t time_diff = 0;
      |                  ^~~~~~~~~
At top level:
../Core/Src/main.c:73:6: warning: 'ADC_Select_CH' defined but not used [-Wunused-function]
   73 | void ADC_Select_CH(int CH) {
      |      ^~~~~~~~~~~~~
arm-none-eabi-gcc -o "Embedded_Project.elf" @"objects.list"   -mcpu=cortex-m4 -T"N:\ECE298\STM32_Workspace\Embedded_Project\STM32F401RETX_FLASH.ld" --specs=nosys.specs -Wl,-Map="Embedded_Project.map" -Wl,--gc-sections -static --specs=nano.specs -mfpu=fpv4-sp-d16 -mfloat-abi=hard -mthumb -Wl,--start-group -lc -lm -Wl,--end-group
Finished building target: Embedded_Project.elf
 
arm-none-eabi-size   Embedded_Project.elf 
arm-none-eabi-objdump -h -S  Embedded_Project.elf  > "Embedded_Project.list"
   text	   data	    bss	    dec	    hex	filename
  26848	    100	   2420	  29368	   72b8	Embedded_Project.elf
Finished building: default.size.stdout
 
Finished building: Embedded_Project.list
 
21:01:57 **** Incremental Build of configuration Debug for project Embedded_Project ****
make -j4 all 
arm-none-eabi-gcc "../Core/Src/main.c" -mcpu=cortex-m4 -std=gnu11 -g3 -DDEBUG -DUSE_HAL_DRIVER -DSTM32F401xE -c -I../Core/Inc -I../Drivers/STM32F4xx_HAL_Driver/Inc -I../Drivers/STM32F4xx_HAL_Driver/Inc/Legacy -I../Drivers/CMSIS/Device/ST/STM32F4xx/Include -I../Drivers/CMSIS/Include -O0 -ffunction-sections -fdata-sections -Wall -fstack-usage -fcyclomatic-complexity -MMD -MP -MF"Core/Src/main.d" -MT"Core/Src/main.o" --specs=nano.specs -mfpu=fpv4-sp-d16 -mfloat-abi=hard -mthumb -o "Core/Src/main.o"
../Core/Src/main.c: In function 'main':
../Core/Src/main.c:291:17: warning: implicit declaration of function 'sprintf' [-Wimplicit-function-declaration]
  291 |                 sprintf((char*) txd_msg_buffer, "\r\nSETUP MODE\r\n");
      |                 ^~~~~~~
../Core/Src/main.c:21:1: note: include '<stdio.h>' or provide a declaration of 'sprintf'
   20 | #include "main.h"
  +++ |+#include <stdio.h>
   21 | 
../Core/Src/main.c:291:17: warning: incompatible implicit declaration of built-in function 'sprintf' [-Wbuiltin-declaration-mismatch]
  291 |                 sprintf((char*) txd_msg_buffer, "\r\nSETUP MODE\r\n");
      |                 ^~~~~~~
../Core/Src/main.c:291:17: note: include '<stdio.h>' or provide a declaration of 'sprintf'
../Core/Src/main.c:293:33: warning: implicit declaration of function 'strlen' [-Wimplicit-function-declaration]
  293 |                                 strlen((char*) txd_msg_buffer), 100);
      |                                 ^~~~~~
../Core/Src/main.c:21:1: note: include '<string.h>' or provide a declaration of 'strlen'
   20 | #include "main.h"
  +++ |+#include <string.h>
   21 | 
../Core/Src/main.c:293:33: warning: incompatible implicit declaration of built-in function 'strlen' [-Wbuiltin-declaration-mismatch]
  293 |                                 strlen((char*) txd_msg_buffer), 100);
      |                                 ^~~~~~
../Core/Src/main.c:293:33: note: include '<string.h>' or provide a declaration of 'strlen'
../Core/Src/main.c:280:13: warning: unused variable 'counter' [-Wunused-variable]
  280 |         int counter = 0;
      |             ^~~~~~~
../Core/Src/main.c:269:13: warning: unused variable 'TIM2_CH1_STEP' [-Wunused-variable]
  269 |         int TIM2_CH1_STEP = 20;
      |             ^~~~~~~~~~~~~
../Core/Src/main.c:210:18: warning: unused variable 'distance' [-Wunused-variable]
  210 |         uint16_t distance = 0;
      |                  ^~~~~~~~
../Core/Src/main.c:209:18: warning: unused variable 'time_diff' [-Wunused-variable]
  209 |         uint16_t time_diff = 0;
      |                  ^~~~~~~~~
At top level:
../Core/Src/main.c:73:6: warning: 'ADC_Select_CH' defined but not used [-Wunused-function]
   73 | void ADC_Select_CH(int CH) {
      |      ^~~~~~~~~~~~~
arm-none-eabi-gcc -o "Embedded_Project.elf" @"objects.list"   -mcpu=cortex-m4 -T"N:\ECE298\STM32_Workspace\Embedded_Project\STM32F401RETX_FLASH.ld" --specs=nosys.specs -Wl,-Map="Embedded_Project.map" -Wl,--gc-sections -static --specs=nano.specs -mfpu=fpv4-sp-d16 -mfloat-abi=hard -mthumb -Wl,--start-group -lc -lm -Wl,--end-group
Finished building target: Embedded_Project.elf
 
arm-none-eabi-size   Embedded_Project.elf 
arm-none-eabi-objdump -h -S  Embedded_Project.elf  > "Embedded_Project.list"
   text	   data	    bss	    dec	    hex	filename
  26804	    100	   2420	  29324	   728c	Embedded_Project.elf
Finished building: default.size.stdout
 
Finished building: Embedded_Project.list
 
21:14:57 **** Incremental Build of configuration Debug for project Embedded_Project ****
make -j4 all 
arm-none-eabi-gcc "../Core/Src/main.c" -mcpu=cortex-m4 -std=gnu11 -g3 -DDEBUG -DUSE_HAL_DRIVER -DSTM32F401xE -c -I../Core/Inc -I../Drivers/STM32F4xx_HAL_Driver/Inc -I../Drivers/STM32F4xx_HAL_Driver/Inc/Legacy -I../Drivers/CMSIS/Device/ST/STM32F4xx/Include -I../Drivers/CMSIS/Include -O0 -ffunction-sections -fdata-sections -Wall -fstack-usage -fcyclomatic-complexity -MMD -MP -MF"Core/Src/main.d" -MT"Core/Src/main.o" --specs=nano.specs -mfpu=fpv4-sp-d16 -mfloat-abi=hard -mthumb -o "Core/Src/main.o"
../Core/Src/main.c: In function 'main':
../Core/Src/main.c:291:17: warning: implicit declaration of function 'sprintf' [-Wimplicit-function-declaration]
  291 |                 sprintf((char*) txd_msg_buffer, "\r\nSETUP MODE\r\n");
      |                 ^~~~~~~
../Core/Src/main.c:21:1: note: include '<stdio.h>' or provide a declaration of 'sprintf'
   20 | #include "main.h"
  +++ |+#include <stdio.h>
   21 | 
../Core/Src/main.c:291:17: warning: incompatible implicit declaration of built-in function 'sprintf' [-Wbuiltin-declaration-mismatch]
  291 |                 sprintf((char*) txd_msg_buffer, "\r\nSETUP MODE\r\n");
      |                 ^~~~~~~
../Core/Src/main.c:291:17: note: include '<stdio.h>' or provide a declaration of 'sprintf'
../Core/Src/main.c:293:33: warning: implicit declaration of function 'strlen' [-Wimplicit-function-declaration]
  293 |                                 strlen((char*) txd_msg_buffer), 100);
      |                                 ^~~~~~
../Core/Src/main.c:21:1: note: include '<string.h>' or provide a declaration of 'strlen'
   20 | #include "main.h"
  +++ |+#include <string.h>
   21 | 
../Core/Src/main.c:293:33: warning: incompatible implicit declaration of built-in function 'strlen' [-Wbuiltin-declaration-mismatch]
  293 |                                 strlen((char*) txd_msg_buffer), 100);
      |                                 ^~~~~~
../Core/Src/main.c:293:33: note: include '<string.h>' or provide a declaration of 'strlen'
../Core/Src/main.c:280:13: warning: unused variable 'counter' [-Wunused-variable]
  280 |         int counter = 0;
      |             ^~~~~~~
../Core/Src/main.c:269:13: warning: unused variable 'TIM2_CH1_STEP' [-Wunused-variable]
  269 |         int TIM2_CH1_STEP = 20;
      |             ^~~~~~~~~~~~~
../Core/Src/main.c:210:18: warning: unused variable 'distance' [-Wunused-variable]
  210 |         uint16_t distance = 0;
      |                  ^~~~~~~~
../Core/Src/main.c:209:18: warning: unused variable 'time_diff' [-Wunused-variable]
  209 |         uint16_t time_diff = 0;
      |                  ^~~~~~~~~
At top level:
../Core/Src/main.c:73:6: warning: 'ADC_Select_CH' defined but not used [-Wunused-function]
   73 | void ADC_Select_CH(int CH) {
      |      ^~~~~~~~~~~~~
arm-none-eabi-gcc -o "Embedded_Project.elf" @"objects.list"   -mcpu=cortex-m4 -T"N:\ECE298\STM32_Workspace\Embedded_Project\STM32F401RETX_FLASH.ld" --specs=nosys.specs -Wl,-Map="Embedded_Project.map" -Wl,--gc-sections -static --specs=nano.specs -mfpu=fpv4-sp-d16 -mfloat-abi=hard -mthumb -Wl,--start-group -lc -lm -Wl,--end-group
Finished building target: Embedded_Project.elf
 
arm-none-eabi-size   Embedded_Project.elf 
arm-none-eabi-objdump -h -S  Embedded_Project.elf  > "Embedded_Project.list"
   text	   data	    bss	    dec	    hex	filename
  26844	    100	   2420	  29364	   72b4	Embedded_Project.elf
Finished building: default.size.stdout
 
Finished building: Embedded_Project.list
 
21:21:19 **** Incremental Build of configuration Debug for project Embedded_Project ****
make -j4 all 
arm-none-eabi-size   Embedded_Project.elf 
   text	   data	    bss	    dec	    hex	filename
  26844	    100	   2420	  29364	   72b4	Embedded_Project.elf
Finished building: default.size.stdout
 
21:22:30 **** Incremental Build of configuration Debug for project Embedded_Project ****
make -j4 all 
arm-none-eabi-gcc "../Core/Src/main.c" -mcpu=cortex-m4 -std=gnu11 -g3 -DDEBUG -DUSE_HAL_DRIVER -DSTM32F401xE -c -I../Core/Inc -I../Drivers/STM32F4xx_HAL_Driver/Inc -I../Drivers/STM32F4xx_HAL_Driver/Inc/Legacy -I../Drivers/CMSIS/Device/ST/STM32F4xx/Include -I../Drivers/CMSIS/Include -O0 -ffunction-sections -fdata-sections -Wall -fstack-usage -fcyclomatic-complexity -MMD -MP -MF"Core/Src/main.d" -MT"Core/Src/main.o" --specs=nano.specs -mfpu=fpv4-sp-d16 -mfloat-abi=hard -mthumb -o "Core/Src/main.o"
../Core/Src/main.c: In function 'main':
../Core/Src/main.c:291:17: warning: implicit declaration of function 'sprintf' [-Wimplicit-function-declaration]
  291 |                 sprintf((char*) txd_msg_buffer, "\r\nSETUP MODE\r\n");
      |                 ^~~~~~~
../Core/Src/main.c:21:1: note: include '<stdio.h>' or provide a declaration of 'sprintf'
   20 | #include "main.h"
  +++ |+#include <stdio.h>
   21 | 
../Core/Src/main.c:291:17: warning: incompatible implicit declaration of built-in function 'sprintf' [-Wbuiltin-declaration-mismatch]
  291 |                 sprintf((char*) txd_msg_buffer, "\r\nSETUP MODE\r\n");
      |                 ^~~~~~~
../Core/Src/main.c:291:17: note: include '<stdio.h>' or provide a declaration of 'sprintf'
../Core/Src/main.c:293:33: warning: implicit declaration of function 'strlen' [-Wimplicit-function-declaration]
  293 |                                 strlen((char*) txd_msg_buffer), 100);
      |                                 ^~~~~~
../Core/Src/main.c:21:1: note: include '<string.h>' or provide a declaration of 'strlen'
   20 | #include "main.h"
  +++ |+#include <string.h>
   21 | 
../Core/Src/main.c:293:33: warning: incompatible implicit declaration of built-in function 'strlen' [-Wbuiltin-declaration-mismatch]
  293 |                                 strlen((char*) txd_msg_buffer), 100);
      |                                 ^~~~~~
../Core/Src/main.c:293:33: note: include '<string.h>' or provide a declaration of 'strlen'
../Core/Src/main.c:280:13: warning: unused variable 'counter' [-Wunused-variable]
  280 |         int counter = 0;
      |             ^~~~~~~
../Core/Src/main.c:269:13: warning: unused variable 'TIM2_CH1_STEP' [-Wunused-variable]
  269 |         int TIM2_CH1_STEP = 20;
      |             ^~~~~~~~~~~~~
../Core/Src/main.c:210:18: warning: unused variable 'distance' [-Wunused-variable]
  210 |         uint16_t distance = 0;
      |                  ^~~~~~~~
../Core/Src/main.c:209:18: warning: unused variable 'time_diff' [-Wunused-variable]
  209 |         uint16_t time_diff = 0;
      |                  ^~~~~~~~~
At top level:
../Core/Src/main.c:73:6: warning: 'ADC_Select_CH' defined but not used [-Wunused-function]
   73 | void ADC_Select_CH(int CH) {
      |      ^~~~~~~~~~~~~
arm-none-eabi-gcc -o "Embedded_Project.elf" @"objects.list"   -mcpu=cortex-m4 -T"N:\ECE298\STM32_Workspace\Embedded_Project\STM32F401RETX_FLASH.ld" --specs=nosys.specs -Wl,-Map="Embedded_Project.map" -Wl,--gc-sections -static --specs=nano.specs -mfpu=fpv4-sp-d16 -mfloat-abi=hard -mthumb -Wl,--start-group -lc -lm -Wl,--end-group
Finished building target: Embedded_Project.elf
 
arm-none-eabi-size   Embedded_Project.elf 
arm-none-eabi-objdump -h -S  Embedded_Project.elf  > "Embedded_Project.list"
   text	   data	    bss	    dec	    hex	filename
  26844	    100	   2420	  29364	   72b4	Embedded_Project.elf
Finished building: default.size.stdout
 
Finished building: Embedded_Project.list
 
21:23:41 **** Incremental Build of configuration Debug for project Embedded_Project ****
make -j4 all 
arm-none-eabi-gcc "../Core/Src/main.c" -mcpu=cortex-m4 -std=gnu11 -g3 -DDEBUG -DUSE_HAL_DRIVER -DSTM32F401xE -c -I../Core/Inc -I../Drivers/STM32F4xx_HAL_Driver/Inc -I../Drivers/STM32F4xx_HAL_Driver/Inc/Legacy -I../Drivers/CMSIS/Device/ST/STM32F4xx/Include -I../Drivers/CMSIS/Include -O0 -ffunction-sections -fdata-sections -Wall -fstack-usage -fcyclomatic-complexity -MMD -MP -MF"Core/Src/main.d" -MT"Core/Src/main.o" --specs=nano.specs -mfpu=fpv4-sp-d16 -mfloat-abi=hard -mthumb -o "Core/Src/main.o"
../Core/Src/main.c: In function 'main':
../Core/Src/main.c:291:17: warning: implicit declaration of function 'sprintf' [-Wimplicit-function-declaration]
  291 |                 sprintf((char*) txd_msg_buffer, "\r\nSETUP MODE\r\n");
      |                 ^~~~~~~
../Core/Src/main.c:21:1: note: include '<stdio.h>' or provide a declaration of 'sprintf'
   20 | #include "main.h"
  +++ |+#include <stdio.h>
   21 | 
../Core/Src/main.c:291:17: warning: incompatible implicit declaration of built-in function 'sprintf' [-Wbuiltin-declaration-mismatch]
  291 |                 sprintf((char*) txd_msg_buffer, "\r\nSETUP MODE\r\n");
      |                 ^~~~~~~
../Core/Src/main.c:291:17: note: include '<stdio.h>' or provide a declaration of 'sprintf'
../Core/Src/main.c:293:33: warning: implicit declaration of function 'strlen' [-Wimplicit-function-declaration]
  293 |                                 strlen((char*) txd_msg_buffer), 100);
      |                                 ^~~~~~
../Core/Src/main.c:21:1: note: include '<string.h>' or provide a declaration of 'strlen'
   20 | #include "main.h"
  +++ |+#include <string.h>
   21 | 
../Core/Src/main.c:293:33: warning: incompatible implicit declaration of built-in function 'strlen' [-Wbuiltin-declaration-mismatch]
  293 |                                 strlen((char*) txd_msg_buffer), 100);
      |                                 ^~~~~~
../Core/Src/main.c:293:33: note: include '<string.h>' or provide a declaration of 'strlen'
../Core/Src/main.c:280:13: warning: unused variable 'counter' [-Wunused-variable]
  280 |         int counter = 0;
      |             ^~~~~~~
../Core/Src/main.c:269:13: warning: unused variable 'TIM2_CH1_STEP' [-Wunused-variable]
  269 |         int TIM2_CH1_STEP = 20;
      |             ^~~~~~~~~~~~~
../Core/Src/main.c:210:18: warning: unused variable 'distance' [-Wunused-variable]
  210 |         uint16_t distance = 0;
      |                  ^~~~~~~~
../Core/Src/main.c:209:18: warning: unused variable 'time_diff' [-Wunused-variable]
  209 |         uint16_t time_diff = 0;
      |                  ^~~~~~~~~
At top level:
../Core/Src/main.c:73:6: warning: 'ADC_Select_CH' defined but not used [-Wunused-function]
   73 | void ADC_Select_CH(int CH) {
      |      ^~~~~~~~~~~~~
arm-none-eabi-gcc -o "Embedded_Project.elf" @"objects.list"   -mcpu=cortex-m4 -T"N:\ECE298\STM32_Workspace\Embedded_Project\STM32F401RETX_FLASH.ld" --specs=nosys.specs -Wl,-Map="Embedded_Project.map" -Wl,--gc-sections -static --specs=nano.specs -mfpu=fpv4-sp-d16 -mfloat-abi=hard -mthumb -Wl,--start-group -lc -lm -Wl,--end-group
Finished building target: Embedded_Project.elf
 
arm-none-eabi-size   Embedded_Project.elf 
arm-none-eabi-objdump -h -S  Embedded_Project.elf  > "Embedded_Project.list"
   text	   data	    bss	    dec	    hex	filename
  26844	    100	   2420	  29364	   72b4	Embedded_Project.elf
Finished building: default.size.stdout
 
Finished building: Embedded_Project.list
 
21:24:19 **** Incremental Build of configuration Debug for project Embedded_Project ****
make -j4 all 
arm-none-eabi-size   Embedded_Project.elf 
   text	   data	    bss	    dec	    hex	filename
  26844	    100	   2420	  29364	   72b4	Embedded_Project.elf
Finished building: default.size.stdout
 
21:24:55 **** Incremental Build of configuration Debug for project Embedded_Project ****
make -j4 all 
arm-none-eabi-gcc "../Core/Src/main.c" -mcpu=cortex-m4 -std=gnu11 -g3 -DDEBUG -DUSE_HAL_DRIVER -DSTM32F401xE -c -I../Core/Inc -I../Drivers/STM32F4xx_HAL_Driver/Inc -I../Drivers/STM32F4xx_HAL_Driver/Inc/Legacy -I../Drivers/CMSIS/Device/ST/STM32F4xx/Include -I../Drivers/CMSIS/Include -O0 -ffunction-sections -fdata-sections -Wall -fstack-usage -fcyclomatic-complexity -MMD -MP -MF"Core/Src/main.d" -MT"Core/Src/main.o" --specs=nano.specs -mfpu=fpv4-sp-d16 -mfloat-abi=hard -mthumb -o "Core/Src/main.o"
../Core/Src/main.c: In function 'main':
../Core/Src/main.c:291:17: warning: implicit declaration of function 'sprintf' [-Wimplicit-function-declaration]
  291 |                 sprintf((char*) txd_msg_buffer, "\r\nSETUP MODE\r\n");
      |                 ^~~~~~~
../Core/Src/main.c:21:1: note: include '<stdio.h>' or provide a declaration of 'sprintf'
   20 | #include "main.h"
  +++ |+#include <stdio.h>
   21 | 
../Core/Src/main.c:291:17: warning: incompatible implicit declaration of built-in function 'sprintf' [-Wbuiltin-declaration-mismatch]
  291 |                 sprintf((char*) txd_msg_buffer, "\r\nSETUP MODE\r\n");
      |                 ^~~~~~~
../Core/Src/main.c:291:17: note: include '<stdio.h>' or provide a declaration of 'sprintf'
../Core/Src/main.c:293:33: warning: implicit declaration of function 'strlen' [-Wimplicit-function-declaration]
  293 |                                 strlen((char*) txd_msg_buffer), 100);
      |                                 ^~~~~~
../Core/Src/main.c:21:1: note: include '<string.h>' or provide a declaration of 'strlen'
   20 | #include "main.h"
  +++ |+#include <string.h>
   21 | 
../Core/Src/main.c:293:33: warning: incompatible implicit declaration of built-in function 'strlen' [-Wbuiltin-declaration-mismatch]
  293 |                                 strlen((char*) txd_msg_buffer), 100);
      |                                 ^~~~~~
../Core/Src/main.c:293:33: note: include '<string.h>' or provide a declaration of 'strlen'
../Core/Src/main.c:280:13: warning: unused variable 'counter' [-Wunused-variable]
  280 |         int counter = 0;
      |             ^~~~~~~
../Core/Src/main.c:269:13: warning: unused variable 'TIM2_CH1_STEP' [-Wunused-variable]
  269 |         int TIM2_CH1_STEP = 20;
      |             ^~~~~~~~~~~~~
../Core/Src/main.c:210:18: warning: unused variable 'distance' [-Wunused-variable]
  210 |         uint16_t distance = 0;
      |                  ^~~~~~~~
../Core/Src/main.c:209:18: warning: unused variable 'time_diff' [-Wunused-variable]
  209 |         uint16_t time_diff = 0;
      |                  ^~~~~~~~~
At top level:
../Core/Src/main.c:73:6: warning: 'ADC_Select_CH' defined but not used [-Wunused-function]
   73 | void ADC_Select_CH(int CH) {
      |      ^~~~~~~~~~~~~
arm-none-eabi-gcc -o "Embedded_Project.elf" @"objects.list"   -mcpu=cortex-m4 -T"N:\ECE298\STM32_Workspace\Embedded_Project\STM32F401RETX_FLASH.ld" --specs=nosys.specs -Wl,-Map="Embedded_Project.map" -Wl,--gc-sections -static --specs=nano.specs -mfpu=fpv4-sp-d16 -mfloat-abi=hard -mthumb -Wl,--start-group -lc -lm -Wl,--end-group
Finished building target: Embedded_Project.elf
 
arm-none-eabi-size   Embedded_Project.elf 
arm-none-eabi-objdump -h -S  Embedded_Project.elf  > "Embedded_Project.list"
   text	   data	    bss	    dec	    hex	filename
  26844	    100	   2420	  29364	   72b4	Embedded_Project.elf
Finished building: default.size.stdout
 
Finished building: Embedded_Project.list
 
21:28:03 **** Incremental Build of configuration Debug for project Embedded_Project ****
make -j4 all 
arm-none-eabi-gcc "../Core/Src/main.c" -mcpu=cortex-m4 -std=gnu11 -g3 -DDEBUG -DUSE_HAL_DRIVER -DSTM32F401xE -c -I../Core/Inc -I../Drivers/STM32F4xx_HAL_Driver/Inc -I../Drivers/STM32F4xx_HAL_Driver/Inc/Legacy -I../Drivers/CMSIS/Device/ST/STM32F4xx/Include -I../Drivers/CMSIS/Include -O0 -ffunction-sections -fdata-sections -Wall -fstack-usage -fcyclomatic-complexity -MMD -MP -MF"Core/Src/main.d" -MT"Core/Src/main.o" --specs=nano.specs -mfpu=fpv4-sp-d16 -mfloat-abi=hard -mthumb -o "Core/Src/main.o"
../Core/Src/main.c: In function 'main':
../Core/Src/main.c:291:17: warning: implicit declaration of function 'sprintf' [-Wimplicit-function-declaration]
  291 |                 sprintf((char*) txd_msg_buffer, "\r\nSETUP MODE\r\n");
      |                 ^~~~~~~
../Core/Src/main.c:21:1: note: include '<stdio.h>' or provide a declaration of 'sprintf'
   20 | #include "main.h"
  +++ |+#include <stdio.h>
   21 | 
../Core/Src/main.c:291:17: warning: incompatible implicit declaration of built-in function 'sprintf' [-Wbuiltin-declaration-mismatch]
  291 |                 sprintf((char*) txd_msg_buffer, "\r\nSETUP MODE\r\n");
      |                 ^~~~~~~
../Core/Src/main.c:291:17: note: include '<stdio.h>' or provide a declaration of 'sprintf'
../Core/Src/main.c:293:33: warning: implicit declaration of function 'strlen' [-Wimplicit-function-declaration]
  293 |                                 strlen((char*) txd_msg_buffer), 100);
      |                                 ^~~~~~
../Core/Src/main.c:21:1: note: include '<string.h>' or provide a declaration of 'strlen'
   20 | #include "main.h"
  +++ |+#include <string.h>
   21 | 
../Core/Src/main.c:293:33: warning: incompatible implicit declaration of built-in function 'strlen' [-Wbuiltin-declaration-mismatch]
  293 |                                 strlen((char*) txd_msg_buffer), 100);
      |                                 ^~~~~~
../Core/Src/main.c:293:33: note: include '<string.h>' or provide a declaration of 'strlen'
../Core/Src/main.c:280:13: warning: unused variable 'counter' [-Wunused-variable]
  280 |         int counter = 0;
      |             ^~~~~~~
../Core/Src/main.c:269:13: warning: unused variable 'TIM2_CH1_STEP' [-Wunused-variable]
  269 |         int TIM2_CH1_STEP = 20;
      |             ^~~~~~~~~~~~~
../Core/Src/main.c:210:18: warning: unused variable 'distance' [-Wunused-variable]
  210 |         uint16_t distance = 0;
      |                  ^~~~~~~~
../Core/Src/main.c:209:18: warning: unused variable 'time_diff' [-Wunused-variable]
  209 |         uint16_t time_diff = 0;
      |                  ^~~~~~~~~
At top level:
../Core/Src/main.c:73:6: warning: 'ADC_Select_CH' defined but not used [-Wunused-function]
   73 | void ADC_Select_CH(int CH) {
      |      ^~~~~~~~~~~~~
arm-none-eabi-gcc -o "Embedded_Project.elf" @"objects.list"   -mcpu=cortex-m4 -T"N:\ECE298\STM32_Workspace\Embedded_Project\STM32F401RETX_FLASH.ld" --specs=nosys.specs -Wl,-Map="Embedded_Project.map" -Wl,--gc-sections -static --specs=nano.specs -mfpu=fpv4-sp-d16 -mfloat-abi=hard -mthumb -Wl,--start-group -lc -lm -Wl,--end-group
Finished building target: Embedded_Project.elf
 
arm-none-eabi-size   Embedded_Project.elf 
arm-none-eabi-objdump -h -S  Embedded_Project.elf  > "Embedded_Project.list"
   text	   data	    bss	    dec	    hex	filename
  26844	    100	   2420	  29364	   72b4	Embedded_Project.elf
Finished building: default.size.stdout
 
Finished building: Embedded_Project.list
 
21:29:16 **** Incremental Build of configuration Debug for project Embedded_Project ****
make -j4 all 
arm-none-eabi-gcc "../Core/Src/main.c" -mcpu=cortex-m4 -std=gnu11 -g3 -DDEBUG -DUSE_HAL_DRIVER -DSTM32F401xE -c -I../Core/Inc -I../Drivers/STM32F4xx_HAL_Driver/Inc -I../Drivers/STM32F4xx_HAL_Driver/Inc/Legacy -I../Drivers/CMSIS/Device/ST/STM32F4xx/Include -I../Drivers/CMSIS/Include -O0 -ffunction-sections -fdata-sections -Wall -fstack-usage -fcyclomatic-complexity -MMD -MP -MF"Core/Src/main.d" -MT"Core/Src/main.o" --specs=nano.specs -mfpu=fpv4-sp-d16 -mfloat-abi=hard -mthumb -o "Core/Src/main.o"
../Core/Src/main.c: In function 'main':
../Core/Src/main.c:291:17: warning: implicit declaration of function 'sprintf' [-Wimplicit-function-declaration]
  291 |                 sprintf((char*) txd_msg_buffer, "\r\nSETUP MODE\r\n");
      |                 ^~~~~~~
../Core/Src/main.c:21:1: note: include '<stdio.h>' or provide a declaration of 'sprintf'
   20 | #include "main.h"
  +++ |+#include <stdio.h>
   21 | 
../Core/Src/main.c:291:17: warning: incompatible implicit declaration of built-in function 'sprintf' [-Wbuiltin-declaration-mismatch]
  291 |                 sprintf((char*) txd_msg_buffer, "\r\nSETUP MODE\r\n");
      |                 ^~~~~~~
../Core/Src/main.c:291:17: note: include '<stdio.h>' or provide a declaration of 'sprintf'
../Core/Src/main.c:293:33: warning: implicit declaration of function 'strlen' [-Wimplicit-function-declaration]
  293 |                                 strlen((char*) txd_msg_buffer), 100);
      |                                 ^~~~~~
../Core/Src/main.c:21:1: note: include '<string.h>' or provide a declaration of 'strlen'
   20 | #include "main.h"
  +++ |+#include <string.h>
   21 | 
../Core/Src/main.c:293:33: warning: incompatible implicit declaration of built-in function 'strlen' [-Wbuiltin-declaration-mismatch]
  293 |                                 strlen((char*) txd_msg_buffer), 100);
      |                                 ^~~~~~
../Core/Src/main.c:293:33: note: include '<string.h>' or provide a declaration of 'strlen'
../Core/Src/main.c:280:13: warning: unused variable 'counter' [-Wunused-variable]
  280 |         int counter = 0;
      |             ^~~~~~~
../Core/Src/main.c:269:13: warning: unused variable 'TIM2_CH1_STEP' [-Wunused-variable]
  269 |         int TIM2_CH1_STEP = 20;
      |             ^~~~~~~~~~~~~
../Core/Src/main.c:210:18: warning: unused variable 'distance' [-Wunused-variable]
  210 |         uint16_t distance = 0;
      |                  ^~~~~~~~
../Core/Src/main.c:209:18: warning: unused variable 'time_diff' [-Wunused-variable]
  209 |         uint16_t time_diff = 0;
      |                  ^~~~~~~~~
At top level:
../Core/Src/main.c:73:6: warning: 'ADC_Select_CH' defined but not used [-Wunused-function]
   73 | void ADC_Select_CH(int CH) {
      |      ^~~~~~~~~~~~~
arm-none-eabi-gcc -o "Embedded_Project.elf" @"objects.list"   -mcpu=cortex-m4 -T"N:\ECE298\STM32_Workspace\Embedded_Project\STM32F401RETX_FLASH.ld" --specs=nosys.specs -Wl,-Map="Embedded_Project.map" -Wl,--gc-sections -static --specs=nano.specs -mfpu=fpv4-sp-d16 -mfloat-abi=hard -mthumb -Wl,--start-group -lc -lm -Wl,--end-group
Finished building target: Embedded_Project.elf
 
arm-none-eabi-size   Embedded_Project.elf 
arm-none-eabi-objdump -h -S  Embedded_Project.elf  > "Embedded_Project.list"
   text	   data	    bss	    dec	    hex	filename
  26872	    100	   2420	  29392	   72d0	Embedded_Project.elf
Finished building: default.size.stdout
 
Finished building: Embedded_Project.list
 
21:30:06 **** Incremental Build of configuration Debug for project Embedded_Project ****
make -j4 all 
arm-none-eabi-size   Embedded_Project.elf 
   text	   data	    bss	    dec	    hex	filename
  26872	    100	   2420	  29392	   72d0	Embedded_Project.elf
Finished building: default.size.stdout
 
21:30:57 **** Incremental Build of configuration Debug for project Embedded_Project ****
make -j4 all 
arm-none-eabi-gcc "../Core/Src/main.c" -mcpu=cortex-m4 -std=gnu11 -g3 -DDEBUG -DUSE_HAL_DRIVER -DSTM32F401xE -c -I../Core/Inc -I../Drivers/STM32F4xx_HAL_Driver/Inc -I../Drivers/STM32F4xx_HAL_Driver/Inc/Legacy -I../Drivers/CMSIS/Device/ST/STM32F4xx/Include -I../Drivers/CMSIS/Include -O0 -ffunction-sections -fdata-sections -Wall -fstack-usage -fcyclomatic-complexity -MMD -MP -MF"Core/Src/main.d" -MT"Core/Src/main.o" --specs=nano.specs -mfpu=fpv4-sp-d16 -mfloat-abi=hard -mthumb -o "Core/Src/main.o"
../Core/Src/main.c: In function 'main':
../Core/Src/main.c:291:17: warning: implicit declaration of function 'sprintf' [-Wimplicit-function-declaration]
  291 |                 sprintf((char*) txd_msg_buffer, "\r\nSETUP MODE\r\n");
      |                 ^~~~~~~
../Core/Src/main.c:21:1: note: include '<stdio.h>' or provide a declaration of 'sprintf'
   20 | #include "main.h"
  +++ |+#include <stdio.h>
   21 | 
../Core/Src/main.c:291:17: warning: incompatible implicit declaration of built-in function 'sprintf' [-Wbuiltin-declaration-mismatch]
  291 |                 sprintf((char*) txd_msg_buffer, "\r\nSETUP MODE\r\n");
      |                 ^~~~~~~
../Core/Src/main.c:291:17: note: include '<stdio.h>' or provide a declaration of 'sprintf'
../Core/Src/main.c:293:33: warning: implicit declaration of function 'strlen' [-Wimplicit-function-declaration]
  293 |                                 strlen((char*) txd_msg_buffer), 100);
      |                                 ^~~~~~
../Core/Src/main.c:21:1: note: include '<string.h>' or provide a declaration of 'strlen'
   20 | #include "main.h"
  +++ |+#include <string.h>
   21 | 
../Core/Src/main.c:293:33: warning: incompatible implicit declaration of built-in function 'strlen' [-Wbuiltin-declaration-mismatch]
  293 |                                 strlen((char*) txd_msg_buffer), 100);
      |                                 ^~~~~~
../Core/Src/main.c:293:33: note: include '<string.h>' or provide a declaration of 'strlen'
../Core/Src/main.c:280:13: warning: unused variable 'counter' [-Wunused-variable]
  280 |         int counter = 0;
      |             ^~~~~~~
../Core/Src/main.c:269:13: warning: unused variable 'TIM2_CH1_STEP' [-Wunused-variable]
  269 |         int TIM2_CH1_STEP = 20;
      |             ^~~~~~~~~~~~~
../Core/Src/main.c:210:18: warning: unused variable 'distance' [-Wunused-variable]
  210 |         uint16_t distance = 0;
      |                  ^~~~~~~~
../Core/Src/main.c:209:18: warning: unused variable 'time_diff' [-Wunused-variable]
  209 |         uint16_t time_diff = 0;
      |                  ^~~~~~~~~
At top level:
../Core/Src/main.c:73:6: warning: 'ADC_Select_CH' defined but not used [-Wunused-function]
   73 | void ADC_Select_CH(int CH) {
      |      ^~~~~~~~~~~~~
arm-none-eabi-gcc -o "Embedded_Project.elf" @"objects.list"   -mcpu=cortex-m4 -T"N:\ECE298\STM32_Workspace\Embedded_Project\STM32F401RETX_FLASH.ld" --specs=nosys.specs -Wl,-Map="Embedded_Project.map" -Wl,--gc-sections -static --specs=nano.specs -mfpu=fpv4-sp-d16 -mfloat-abi=hard -mthumb -Wl,--start-group -lc -lm -Wl,--end-group
Finished building target: Embedded_Project.elf
 
arm-none-eabi-size   Embedded_Project.elf 
arm-none-eabi-objdump -h -S  Embedded_Project.elf  > "Embedded_Project.list"
   text	   data	    bss	    dec	    hex	filename
  26880	    100	   2420	  29400	   72d8	Embedded_Project.elf
Finished building: default.size.stdout
 
Finished building: Embedded_Project.list
 
21:40:17 **** Incremental Build of configuration Debug for project Embedded_Project ****
make -j4 all 
arm-none-eabi-gcc "../Core/Src/main.c" -mcpu=cortex-m4 -std=gnu11 -g3 -DDEBUG -DUSE_HAL_DRIVER -DSTM32F401xE -c -I../Core/Inc -I../Drivers/STM32F4xx_HAL_Driver/Inc -I../Drivers/STM32F4xx_HAL_Driver/Inc/Legacy -I../Drivers/CMSIS/Device/ST/STM32F4xx/Include -I../Drivers/CMSIS/Include -O0 -ffunction-sections -fdata-sections -Wall -fstack-usage -fcyclomatic-complexity -MMD -MP -MF"Core/Src/main.d" -MT"Core/Src/main.o" --specs=nano.specs -mfpu=fpv4-sp-d16 -mfloat-abi=hard -mthumb -o "Core/Src/main.o"
../Core/Src/main.c: In function 'main':
../Core/Src/main.c:291:17: warning: implicit declaration of function 'sprintf' [-Wimplicit-function-declaration]
  291 |                 sprintf((char*) txd_msg_buffer, "\r\nSETUP MODE\r\n");
      |                 ^~~~~~~
../Core/Src/main.c:21:1: note: include '<stdio.h>' or provide a declaration of 'sprintf'
   20 | #include "main.h"
  +++ |+#include <stdio.h>
   21 | 
../Core/Src/main.c:291:17: warning: incompatible implicit declaration of built-in function 'sprintf' [-Wbuiltin-declaration-mismatch]
  291 |                 sprintf((char*) txd_msg_buffer, "\r\nSETUP MODE\r\n");
      |                 ^~~~~~~
../Core/Src/main.c:291:17: note: include '<stdio.h>' or provide a declaration of 'sprintf'
../Core/Src/main.c:293:33: warning: implicit declaration of function 'strlen' [-Wimplicit-function-declaration]
  293 |                                 strlen((char*) txd_msg_buffer), 100);
      |                                 ^~~~~~
../Core/Src/main.c:21:1: note: include '<string.h>' or provide a declaration of 'strlen'
   20 | #include "main.h"
  +++ |+#include <string.h>
   21 | 
../Core/Src/main.c:293:33: warning: incompatible implicit declaration of built-in function 'strlen' [-Wbuiltin-declaration-mismatch]
  293 |                                 strlen((char*) txd_msg_buffer), 100);
      |                                 ^~~~~~
../Core/Src/main.c:293:33: note: include '<string.h>' or provide a declaration of 'strlen'
../Core/Src/main.c:280:13: warning: unused variable 'counter' [-Wunused-variable]
  280 |         int counter = 0;
      |             ^~~~~~~
../Core/Src/main.c:269:13: warning: unused variable 'TIM2_CH1_STEP' [-Wunused-variable]
  269 |         int TIM2_CH1_STEP = 20;
      |             ^~~~~~~~~~~~~
../Core/Src/main.c:210:18: warning: unused variable 'distance' [-Wunused-variable]
  210 |         uint16_t distance = 0;
      |                  ^~~~~~~~
../Core/Src/main.c:209:18: warning: unused variable 'time_diff' [-Wunused-variable]
  209 |         uint16_t time_diff = 0;
      |                  ^~~~~~~~~
At top level:
../Core/Src/main.c:73:6: warning: 'ADC_Select_CH' defined but not used [-Wunused-function]
   73 | void ADC_Select_CH(int CH) {
      |      ^~~~~~~~~~~~~
arm-none-eabi-gcc -o "Embedded_Project.elf" @"objects.list"   -mcpu=cortex-m4 -T"N:\ECE298\STM32_Workspace\Embedded_Project\STM32F401RETX_FLASH.ld" --specs=nosys.specs -Wl,-Map="Embedded_Project.map" -Wl,--gc-sections -static --specs=nano.specs -mfpu=fpv4-sp-d16 -mfloat-abi=hard -mthumb -Wl,--start-group -lc -lm -Wl,--end-group
Finished building target: Embedded_Project.elf
 
arm-none-eabi-size   Embedded_Project.elf 
arm-none-eabi-objdump -h -S  Embedded_Project.elf  > "Embedded_Project.list"
   text	   data	    bss	    dec	    hex	filename
  26900	    100	   2420	  29420	   72ec	Embedded_Project.elf
Finished building: default.size.stdout
 
Finished building: Embedded_Project.list
 
21:42:59 **** Incremental Build of configuration Debug for project Embedded_Project ****
make -j4 all 
arm-none-eabi-gcc "../Core/Src/main.c" -mcpu=cortex-m4 -std=gnu11 -g3 -DDEBUG -DUSE_HAL_DRIVER -DSTM32F401xE -c -I../Core/Inc -I../Drivers/STM32F4xx_HAL_Driver/Inc -I../Drivers/STM32F4xx_HAL_Driver/Inc/Legacy -I../Drivers/CMSIS/Device/ST/STM32F4xx/Include -I../Drivers/CMSIS/Include -O0 -ffunction-sections -fdata-sections -Wall -fstack-usage -fcyclomatic-complexity -MMD -MP -MF"Core/Src/main.d" -MT"Core/Src/main.o" --specs=nano.specs -mfpu=fpv4-sp-d16 -mfloat-abi=hard -mthumb -o "Core/Src/main.o"
../Core/Src/main.c: In function 'main':
../Core/Src/main.c:291:17: warning: implicit declaration of function 'sprintf' [-Wimplicit-function-declaration]
  291 |                 sprintf((char*) txd_msg_buffer, "\r\nSETUP MODE\r\n");
      |                 ^~~~~~~
../Core/Src/main.c:21:1: note: include '<stdio.h>' or provide a declaration of 'sprintf'
   20 | #include "main.h"
  +++ |+#include <stdio.h>
   21 | 
../Core/Src/main.c:291:17: warning: incompatible implicit declaration of built-in function 'sprintf' [-Wbuiltin-declaration-mismatch]
  291 |                 sprintf((char*) txd_msg_buffer, "\r\nSETUP MODE\r\n");
      |                 ^~~~~~~
../Core/Src/main.c:291:17: note: include '<stdio.h>' or provide a declaration of 'sprintf'
../Core/Src/main.c:293:33: warning: implicit declaration of function 'strlen' [-Wimplicit-function-declaration]
  293 |                                 strlen((char*) txd_msg_buffer), 100);
      |                                 ^~~~~~
../Core/Src/main.c:21:1: note: include '<string.h>' or provide a declaration of 'strlen'
   20 | #include "main.h"
  +++ |+#include <string.h>
   21 | 
../Core/Src/main.c:293:33: warning: incompatible implicit declaration of built-in function 'strlen' [-Wbuiltin-declaration-mismatch]
  293 |                                 strlen((char*) txd_msg_buffer), 100);
      |                                 ^~~~~~
../Core/Src/main.c:293:33: note: include '<string.h>' or provide a declaration of 'strlen'
../Core/Src/main.c:280:13: warning: unused variable 'counter' [-Wunused-variable]
  280 |         int counter = 0;
      |             ^~~~~~~
../Core/Src/main.c:269:13: warning: unused variable 'TIM2_CH1_STEP' [-Wunused-variable]
  269 |         int TIM2_CH1_STEP = 20;
      |             ^~~~~~~~~~~~~
../Core/Src/main.c:210:18: warning: unused variable 'distance' [-Wunused-variable]
  210 |         uint16_t distance = 0;
      |                  ^~~~~~~~
../Core/Src/main.c:209:18: warning: unused variable 'time_diff' [-Wunused-variable]
  209 |         uint16_t time_diff = 0;
      |                  ^~~~~~~~~
At top level:
../Core/Src/main.c:73:6: warning: 'ADC_Select_CH' defined but not used [-Wunused-function]
   73 | void ADC_Select_CH(int CH) {
      |      ^~~~~~~~~~~~~
arm-none-eabi-gcc -o "Embedded_Project.elf" @"objects.list"   -mcpu=cortex-m4 -T"N:\ECE298\STM32_Workspace\Embedded_Project\STM32F401RETX_FLASH.ld" --specs=nosys.specs -Wl,-Map="Embedded_Project.map" -Wl,--gc-sections -static --specs=nano.specs -mfpu=fpv4-sp-d16 -mfloat-abi=hard -mthumb -Wl,--start-group -lc -lm -Wl,--end-group
Finished building target: Embedded_Project.elf
 
arm-none-eabi-size   Embedded_Project.elf 
arm-none-eabi-objdump -h -S  Embedded_Project.elf  > "Embedded_Project.list"
   text	   data	    bss	    dec	    hex	filename
  27336	    100	   2420	  29856	   74a0	Embedded_Project.elf
Finished building: default.size.stdout
 
Finished building: Embedded_Project.list
 
21:46:49 **** Incremental Build of configuration Debug for project Embedded_Project ****
make -j4 all 
arm-none-eabi-size   Embedded_Project.elf 
   text	   data	    bss	    dec	    hex	filename
  27336	    100	   2420	  29856	   74a0	Embedded_Project.elf
Finished building: default.size.stdout
 
22:02:51 **** Incremental Build of configuration Debug for project Embedded_Project ****
make -j4 all 
arm-none-eabi-gcc "../Core/Src/main.c" -mcpu=cortex-m4 -std=gnu11 -g3 -DDEBUG -DUSE_HAL_DRIVER -DSTM32F401xE -c -I../Core/Inc -I../Drivers/STM32F4xx_HAL_Driver/Inc -I../Drivers/STM32F4xx_HAL_Driver/Inc/Legacy -I../Drivers/CMSIS/Device/ST/STM32F4xx/Include -I../Drivers/CMSIS/Include -O0 -ffunction-sections -fdata-sections -Wall -fstack-usage -fcyclomatic-complexity -MMD -MP -MF"Core/Src/main.d" -MT"Core/Src/main.o" --specs=nano.specs -mfpu=fpv4-sp-d16 -mfloat-abi=hard -mthumb -o "Core/Src/main.o"
../Core/Src/main.c: In function 'main':
../Core/Src/main.c:291:17: warning: implicit declaration of function 'sprintf' [-Wimplicit-function-declaration]
  291 |                 sprintf((char*) txd_msg_buffer, "\r\nSETUP MODE\r\n");
      |                 ^~~~~~~
../Core/Src/main.c:21:1: note: include '<stdio.h>' or provide a declaration of 'sprintf'
   20 | #include "main.h"
  +++ |+#include <stdio.h>
   21 | 
../Core/Src/main.c:291:17: warning: incompatible implicit declaration of built-in function 'sprintf' [-Wbuiltin-declaration-mismatch]
  291 |                 sprintf((char*) txd_msg_buffer, "\r\nSETUP MODE\r\n");
      |                 ^~~~~~~
../Core/Src/main.c:291:17: note: include '<stdio.h>' or provide a declaration of 'sprintf'
../Core/Src/main.c:293:33: warning: implicit declaration of function 'strlen' [-Wimplicit-function-declaration]
  293 |                                 strlen((char*) txd_msg_buffer), 100);
      |                                 ^~~~~~
../Core/Src/main.c:21:1: note: include '<string.h>' or provide a declaration of 'strlen'
   20 | #include "main.h"
  +++ |+#include <string.h>
   21 | 
../Core/Src/main.c:293:33: warning: incompatible implicit declaration of built-in function 'strlen' [-Wbuiltin-declaration-mismatch]
  293 |                                 strlen((char*) txd_msg_buffer), 100);
      |                                 ^~~~~~
../Core/Src/main.c:293:33: note: include '<string.h>' or provide a declaration of 'strlen'
../Core/Src/main.c:472:21: warning: unused variable 'time_4' [-Wunused-variable]
  472 |                 int time_4 = (WallClkInputs[8] - WallClkInputs[7]) / 10;
      |                     ^~~~~~
../Core/Src/main.c:471:21: warning: unused variable 'time_3' [-Wunused-variable]
  471 |                 int time_3 = (WallClkInputs[6] - WallClkInputs[5]) / 10;
      |                     ^~~~~~
../Core/Src/main.c:470:21: warning: unused variable 'time_2' [-Wunused-variable]
  470 |                 int time_2 = (WallClkInputs[4] - WallClkInputs[3]) / 10;
      |                     ^~~~~~
../Core/Src/main.c:469:21: warning: unused variable 'time_1' [-Wunused-variable]
  469 |                 int time_1 = (WallClkInputs[2] - WallClkInputs[1]) / 10;
      |                     ^~~~~~
../Core/Src/main.c:280:13: warning: unused variable 'counter' [-Wunused-variable]
  280 |         int counter = 0;
      |             ^~~~~~~
../Core/Src/main.c:269:13: warning: unused variable 'TIM2_CH1_STEP' [-Wunused-variable]
  269 |         int TIM2_CH1_STEP = 20;
      |             ^~~~~~~~~~~~~
../Core/Src/main.c:210:18: warning: unused variable 'distance' [-Wunused-variable]
  210 |         uint16_t distance = 0;
      |                  ^~~~~~~~
../Core/Src/main.c:209:18: warning: unused variable 'time_diff' [-Wunused-variable]
  209 |         uint16_t time_diff = 0;
      |                  ^~~~~~~~~
At top level:
../Core/Src/main.c:73:6: warning: 'ADC_Select_CH' defined but not used [-Wunused-function]
   73 | void ADC_Select_CH(int CH) {
      |      ^~~~~~~~~~~~~
arm-none-eabi-gcc -o "Embedded_Project.elf" @"objects.list"   -mcpu=cortex-m4 -T"N:\ECE298\STM32_Workspace\Embedded_Project\STM32F401RETX_FLASH.ld" --specs=nosys.specs -Wl,-Map="Embedded_Project.map" -Wl,--gc-sections -static --specs=nano.specs -mfpu=fpv4-sp-d16 -mfloat-abi=hard -mthumb -Wl,--start-group -lc -lm -Wl,--end-group
Finished building target: Embedded_Project.elf
 
arm-none-eabi-size   Embedded_Project.elf 
arm-none-eabi-objdump -h -S  Embedded_Project.elf  > "Embedded_Project.list"
   text	   data	    bss	    dec	    hex	filename
  27488	    100	   2420	  30008	   7538	Embedded_Project.elf
Finished building: default.size.stdout
 
Finished building: Embedded_Project.list
 
22:33:07 **** Incremental Build of configuration Debug for project Embedded_Project ****
make -j4 all 
arm-none-eabi-gcc "../Drivers/STM32F4xx_HAL_Driver/Src/stm32f4xx_hal.c" -mcpu=cortex-m4 -std=gnu11 -g3 -DDEBUG -DUSE_HAL_DRIVER -DSTM32F401xE -c -I../Core/Inc -I../Drivers/STM32F4xx_HAL_Driver/Inc -I../Drivers/STM32F4xx_HAL_Driver/Inc/Legacy -I../Drivers/CMSIS/Device/ST/STM32F4xx/Include -I../Drivers/CMSIS/Include -O0 -ffunction-sections -fdata-sections -Wall -fstack-usage -fcyclomatic-complexity -MMD -MP -MF"Drivers/STM32F4xx_HAL_Driver/Src/stm32f4xx_hal.d" -MT"Drivers/STM32F4xx_HAL_Driver/Src/stm32f4xx_hal.o" --specs=nano.specs -mfpu=fpv4-sp-d16 -mfloat-abi=hard -mthumb -o "Drivers/STM32F4xx_HAL_Driver/Src/stm32f4xx_hal.o"
arm-none-eabi-gcc "../Drivers/STM32F4xx_HAL_Driver/Src/stm32f4xx_hal_adc.c" -mcpu=cortex-m4 -std=gnu11 -g3 -DDEBUG -DUSE_HAL_DRIVER -DSTM32F401xE -c -I../Core/Inc -I../Drivers/STM32F4xx_HAL_Driver/Inc -I../Drivers/STM32F4xx_HAL_Driver/Inc/Legacy -I../Drivers/CMSIS/Device/ST/STM32F4xx/Include -I../Drivers/CMSIS/Include -O0 -ffunction-sections -fdata-sections -Wall -fstack-usage -fcyclomatic-complexity -MMD -MP -MF"Drivers/STM32F4xx_HAL_Driver/Src/stm32f4xx_hal_adc.d" -MT"Drivers/STM32F4xx_HAL_Driver/Src/stm32f4xx_hal_adc.o" --specs=nano.specs -mfpu=fpv4-sp-d16 -mfloat-abi=hard -mthumb -o "Drivers/STM32F4xx_HAL_Driver/Src/stm32f4xx_hal_adc.o"
arm-none-eabi-gcc "../Drivers/STM32F4xx_HAL_Driver/Src/stm32f4xx_hal_adc_ex.c" -mcpu=cortex-m4 -std=gnu11 -g3 -DDEBUG -DUSE_HAL_DRIVER -DSTM32F401xE -c -I../Core/Inc -I../Drivers/STM32F4xx_HAL_Driver/Inc -I../Drivers/STM32F4xx_HAL_Driver/Inc/Legacy -I../Drivers/CMSIS/Device/ST/STM32F4xx/Include -I../Drivers/CMSIS/Include -O0 -ffunction-sections -fdata-sections -Wall -fstack-usage -fcyclomatic-complexity -MMD -MP -MF"Drivers/STM32F4xx_HAL_Driver/Src/stm32f4xx_hal_adc_ex.d" -MT"Drivers/STM32F4xx_HAL_Driver/Src/stm32f4xx_hal_adc_ex.o" --specs=nano.specs -mfpu=fpv4-sp-d16 -mfloat-abi=hard -mthumb -o "Drivers/STM32F4xx_HAL_Driver/Src/stm32f4xx_hal_adc_ex.o"
arm-none-eabi-gcc "../Drivers/STM32F4xx_HAL_Driver/Src/stm32f4xx_hal_cortex.c" -mcpu=cortex-m4 -std=gnu11 -g3 -DDEBUG -DUSE_HAL_DRIVER -DSTM32F401xE -c -I../Core/Inc -I../Drivers/STM32F4xx_HAL_Driver/Inc -I../Drivers/STM32F4xx_HAL_Driver/Inc/Legacy -I../Drivers/CMSIS/Device/ST/STM32F4xx/Include -I../Drivers/CMSIS/Include -O0 -ffunction-sections -fdata-sections -Wall -fstack-usage -fcyclomatic-complexity -MMD -MP -MF"Drivers/STM32F4xx_HAL_Driver/Src/stm32f4xx_hal_cortex.d" -MT"Drivers/STM32F4xx_HAL_Driver/Src/stm32f4xx_hal_cortex.o" --specs=nano.specs -mfpu=fpv4-sp-d16 -mfloat-abi=hard -mthumb -o "Drivers/STM32F4xx_HAL_Driver/Src/stm32f4xx_hal_cortex.o"
arm-none-eabi-gcc "../Drivers/STM32F4xx_HAL_Driver/Src/stm32f4xx_hal_dma.c" -mcpu=cortex-m4 -std=gnu11 -g3 -DDEBUG -DUSE_HAL_DRIVER -DSTM32F401xE -c -I../Core/Inc -I../Drivers/STM32F4xx_HAL_Driver/Inc -I../Drivers/STM32F4xx_HAL_Driver/Inc/Legacy -I../Drivers/CMSIS/Device/ST/STM32F4xx/Include -I../Drivers/CMSIS/Include -O0 -ffunction-sections -fdata-sections -Wall -fstack-usage -fcyclomatic-complexity -MMD -MP -MF"Drivers/STM32F4xx_HAL_Driver/Src/stm32f4xx_hal_dma.d" -MT"Drivers/STM32F4xx_HAL_Driver/Src/stm32f4xx_hal_dma.o" --specs=nano.specs -mfpu=fpv4-sp-d16 -mfloat-abi=hard -mthumb -o "Drivers/STM32F4xx_HAL_Driver/Src/stm32f4xx_hal_dma.o"
arm-none-eabi-gcc "../Drivers/STM32F4xx_HAL_Driver/Src/stm32f4xx_hal_dma_ex.c" -mcpu=cortex-m4 -std=gnu11 -g3 -DDEBUG -DUSE_HAL_DRIVER -DSTM32F401xE -c -I../Core/Inc -I../Drivers/STM32F4xx_HAL_Driver/Inc -I../Drivers/STM32F4xx_HAL_Driver/Inc/Legacy -I../Drivers/CMSIS/Device/ST/STM32F4xx/Include -I../Drivers/CMSIS/Include -O0 -ffunction-sections -fdata-sections -Wall -fstack-usage -fcyclomatic-complexity -MMD -MP -MF"Drivers/STM32F4xx_HAL_Driver/Src/stm32f4xx_hal_dma_ex.d" -MT"Drivers/STM32F4xx_HAL_Driver/Src/stm32f4xx_hal_dma_ex.o" --specs=nano.specs -mfpu=fpv4-sp-d16 -mfloat-abi=hard -mthumb -o "Drivers/STM32F4xx_HAL_Driver/Src/stm32f4xx_hal_dma_ex.o"
arm-none-eabi-gcc "../Drivers/STM32F4xx_HAL_Driver/Src/stm32f4xx_hal_exti.c" -mcpu=cortex-m4 -std=gnu11 -g3 -DDEBUG -DUSE_HAL_DRIVER -DSTM32F401xE -c -I../Core/Inc -I../Drivers/STM32F4xx_HAL_Driver/Inc -I../Drivers/STM32F4xx_HAL_Driver/Inc/Legacy -I../Drivers/CMSIS/Device/ST/STM32F4xx/Include -I../Drivers/CMSIS/Include -O0 -ffunction-sections -fdata-sections -Wall -fstack-usage -fcyclomatic-complexity -MMD -MP -MF"Drivers/STM32F4xx_HAL_Driver/Src/stm32f4xx_hal_exti.d" -MT"Drivers/STM32F4xx_HAL_Driver/Src/stm32f4xx_hal_exti.o" --specs=nano.specs -mfpu=fpv4-sp-d16 -mfloat-abi=hard -mthumb -o "Drivers/STM32F4xx_HAL_Driver/Src/stm32f4xx_hal_exti.o"
arm-none-eabi-gcc "../Drivers/STM32F4xx_HAL_Driver/Src/stm32f4xx_hal_flash.c" -mcpu=cortex-m4 -std=gnu11 -g3 -DDEBUG -DUSE_HAL_DRIVER -DSTM32F401xE -c -I../Core/Inc -I../Drivers/STM32F4xx_HAL_Driver/Inc -I../Drivers/STM32F4xx_HAL_Driver/Inc/Legacy -I../Drivers/CMSIS/Device/ST/STM32F4xx/Include -I../Drivers/CMSIS/Include -O0 -ffunction-sections -fdata-sections -Wall -fstack-usage -fcyclomatic-complexity -MMD -MP -MF"Drivers/STM32F4xx_HAL_Driver/Src/stm32f4xx_hal_flash.d" -MT"Drivers/STM32F4xx_HAL_Driver/Src/stm32f4xx_hal_flash.o" --specs=nano.specs -mfpu=fpv4-sp-d16 -mfloat-abi=hard -mthumb -o "Drivers/STM32F4xx_HAL_Driver/Src/stm32f4xx_hal_flash.o"
arm-none-eabi-gcc "../Drivers/STM32F4xx_HAL_Driver/Src/stm32f4xx_hal_flash_ex.c" -mcpu=cortex-m4 -std=gnu11 -g3 -DDEBUG -DUSE_HAL_DRIVER -DSTM32F401xE -c -I../Core/Inc -I../Drivers/STM32F4xx_HAL_Driver/Inc -I../Drivers/STM32F4xx_HAL_Driver/Inc/Legacy -I../Drivers/CMSIS/Device/ST/STM32F4xx/Include -I../Drivers/CMSIS/Include -O0 -ffunction-sections -fdata-sections -Wall -fstack-usage -fcyclomatic-complexity -MMD -MP -MF"Drivers/STM32F4xx_HAL_Driver/Src/stm32f4xx_hal_flash_ex.d" -MT"Drivers/STM32F4xx_HAL_Driver/Src/stm32f4xx_hal_flash_ex.o" --specs=nano.specs -mfpu=fpv4-sp-d16 -mfloat-abi=hard -mthumb -o "Drivers/STM32F4xx_HAL_Driver/Src/stm32f4xx_hal_flash_ex.o"
arm-none-eabi-gcc "../Drivers/STM32F4xx_HAL_Driver/Src/stm32f4xx_hal_flash_ramfunc.c" -mcpu=cortex-m4 -std=gnu11 -g3 -DDEBUG -DUSE_HAL_DRIVER -DSTM32F401xE -c -I../Core/Inc -I../Drivers/STM32F4xx_HAL_Driver/Inc -I../Drivers/STM32F4xx_HAL_Driver/Inc/Legacy -I../Drivers/CMSIS/Device/ST/STM32F4xx/Include -I../Drivers/CMSIS/Include -O0 -ffunction-sections -fdata-sections -Wall -fstack-usage -fcyclomatic-complexity -MMD -MP -MF"Drivers/STM32F4xx_HAL_Driver/Src/stm32f4xx_hal_flash_ramfunc.d" -MT"Drivers/STM32F4xx_HAL_Driver/Src/stm32f4xx_hal_flash_ramfunc.o" --specs=nano.specs -mfpu=fpv4-sp-d16 -mfloat-abi=hard -mthumb -o "Drivers/STM32F4xx_HAL_Driver/Src/stm32f4xx_hal_flash_ramfunc.o"
arm-none-eabi-gcc "../Drivers/STM32F4xx_HAL_Driver/Src/stm32f4xx_hal_gpio.c" -mcpu=cortex-m4 -std=gnu11 -g3 -DDEBUG -DUSE_HAL_DRIVER -DSTM32F401xE -c -I../Core/Inc -I../Drivers/STM32F4xx_HAL_Driver/Inc -I../Drivers/STM32F4xx_HAL_Driver/Inc/Legacy -I../Drivers/CMSIS/Device/ST/STM32F4xx/Include -I../Drivers/CMSIS/Include -O0 -ffunction-sections -fdata-sections -Wall -fstack-usage -fcyclomatic-complexity -MMD -MP -MF"Drivers/STM32F4xx_HAL_Driver/Src/stm32f4xx_hal_gpio.d" -MT"Drivers/STM32F4xx_HAL_Driver/Src/stm32f4xx_hal_gpio.o" --specs=nano.specs -mfpu=fpv4-sp-d16 -mfloat-abi=hard -mthumb -o "Drivers/STM32F4xx_HAL_Driver/Src/stm32f4xx_hal_gpio.o"
arm-none-eabi-gcc "../Drivers/STM32F4xx_HAL_Driver/Src/stm32f4xx_hal_pwr.c" -mcpu=cortex-m4 -std=gnu11 -g3 -DDEBUG -DUSE_HAL_DRIVER -DSTM32F401xE -c -I../Core/Inc -I../Drivers/STM32F4xx_HAL_Driver/Inc -I../Drivers/STM32F4xx_HAL_Driver/Inc/Legacy -I../Drivers/CMSIS/Device/ST/STM32F4xx/Include -I../Drivers/CMSIS/Include -O0 -ffunction-sections -fdata-sections -Wall -fstack-usage -fcyclomatic-complexity -MMD -MP -MF"Drivers/STM32F4xx_HAL_Driver/Src/stm32f4xx_hal_pwr.d" -MT"Drivers/STM32F4xx_HAL_Driver/Src/stm32f4xx_hal_pwr.o" --specs=nano.specs -mfpu=fpv4-sp-d16 -mfloat-abi=hard -mthumb -o "Drivers/STM32F4xx_HAL_Driver/Src/stm32f4xx_hal_pwr.o"
arm-none-eabi-gcc "../Drivers/STM32F4xx_HAL_Driver/Src/stm32f4xx_hal_pwr_ex.c" -mcpu=cortex-m4 -std=gnu11 -g3 -DDEBUG -DUSE_HAL_DRIVER -DSTM32F401xE -c -I../Core/Inc -I../Drivers/STM32F4xx_HAL_Driver/Inc -I../Drivers/STM32F4xx_HAL_Driver/Inc/Legacy -I../Drivers/CMSIS/Device/ST/STM32F4xx/Include -I../Drivers/CMSIS/Include -O0 -ffunction-sections -fdata-sections -Wall -fstack-usage -fcyclomatic-complexity -MMD -MP -MF"Drivers/STM32F4xx_HAL_Driver/Src/stm32f4xx_hal_pwr_ex.d" -MT"Drivers/STM32F4xx_HAL_Driver/Src/stm32f4xx_hal_pwr_ex.o" --specs=nano.specs -mfpu=fpv4-sp-d16 -mfloat-abi=hard -mthumb -o "Drivers/STM32F4xx_HAL_Driver/Src/stm32f4xx_hal_pwr_ex.o"
arm-none-eabi-gcc "../Drivers/STM32F4xx_HAL_Driver/Src/stm32f4xx_hal_rcc.c" -mcpu=cortex-m4 -std=gnu11 -g3 -DDEBUG -DUSE_HAL_DRIVER -DSTM32F401xE -c -I../Core/Inc -I../Drivers/STM32F4xx_HAL_Driver/Inc -I../Drivers/STM32F4xx_HAL_Driver/Inc/Legacy -I../Drivers/CMSIS/Device/ST/STM32F4xx/Include -I../Drivers/CMSIS/Include -O0 -ffunction-sections -fdata-sections -Wall -fstack-usage -fcyclomatic-complexity -MMD -MP -MF"Drivers/STM32F4xx_HAL_Driver/Src/stm32f4xx_hal_rcc.d" -MT"Drivers/STM32F4xx_HAL_Driver/Src/stm32f4xx_hal_rcc.o" --specs=nano.specs -mfpu=fpv4-sp-d16 -mfloat-abi=hard -mthumb -o "Drivers/STM32F4xx_HAL_Driver/Src/stm32f4xx_hal_rcc.o"
arm-none-eabi-gcc "../Drivers/STM32F4xx_HAL_Driver/Src/stm32f4xx_hal_rcc_ex.c" -mcpu=cortex-m4 -std=gnu11 -g3 -DDEBUG -DUSE_HAL_DRIVER -DSTM32F401xE -c -I../Core/Inc -I../Drivers/STM32F4xx_HAL_Driver/Inc -I../Drivers/STM32F4xx_HAL_Driver/Inc/Legacy -I../Drivers/CMSIS/Device/ST/STM32F4xx/Include -I../Drivers/CMSIS/Include -O0 -ffunction-sections -fdata-sections -Wall -fstack-usage -fcyclomatic-complexity -MMD -MP -MF"Drivers/STM32F4xx_HAL_Driver/Src/stm32f4xx_hal_rcc_ex.d" -MT"Drivers/STM32F4xx_HAL_Driver/Src/stm32f4xx_hal_rcc_ex.o" --specs=nano.specs -mfpu=fpv4-sp-d16 -mfloat-abi=hard -mthumb -o "Drivers/STM32F4xx_HAL_Driver/Src/stm32f4xx_hal_rcc_ex.o"
arm-none-eabi-gcc "../Drivers/STM32F4xx_HAL_Driver/Src/stm32f4xx_hal_tim.c" -mcpu=cortex-m4 -std=gnu11 -g3 -DDEBUG -DUSE_HAL_DRIVER -DSTM32F401xE -c -I../Core/Inc -I../Drivers/STM32F4xx_HAL_Driver/Inc -I../Drivers/STM32F4xx_HAL_Driver/Inc/Legacy -I../Drivers/CMSIS/Device/ST/STM32F4xx/Include -I../Drivers/CMSIS/Include -O0 -ffunction-sections -fdata-sections -Wall -fstack-usage -fcyclomatic-complexity -MMD -MP -MF"Drivers/STM32F4xx_HAL_Driver/Src/stm32f4xx_hal_tim.d" -MT"Drivers/STM32F4xx_HAL_Driver/Src/stm32f4xx_hal_tim.o" --specs=nano.specs -mfpu=fpv4-sp-d16 -mfloat-abi=hard -mthumb -o "Drivers/STM32F4xx_HAL_Driver/Src/stm32f4xx_hal_tim.o"
arm-none-eabi-gcc "../Drivers/STM32F4xx_HAL_Driver/Src/stm32f4xx_hal_tim_ex.c" -mcpu=cortex-m4 -std=gnu11 -g3 -DDEBUG -DUSE_HAL_DRIVER -DSTM32F401xE -c -I../Core/Inc -I../Drivers/STM32F4xx_HAL_Driver/Inc -I../Drivers/STM32F4xx_HAL_Driver/Inc/Legacy -I../Drivers/CMSIS/Device/ST/STM32F4xx/Include -I../Drivers/CMSIS/Include -O0 -ffunction-sections -fdata-sections -Wall -fstack-usage -fcyclomatic-complexity -MMD -MP -MF"Drivers/STM32F4xx_HAL_Driver/Src/stm32f4xx_hal_tim_ex.d" -MT"Drivers/STM32F4xx_HAL_Driver/Src/stm32f4xx_hal_tim_ex.o" --specs=nano.specs -mfpu=fpv4-sp-d16 -mfloat-abi=hard -mthumb -o "Drivers/STM32F4xx_HAL_Driver/Src/stm32f4xx_hal_tim_ex.o"
arm-none-eabi-gcc "../Drivers/STM32F4xx_HAL_Driver/Src/stm32f4xx_hal_uart.c" -mcpu=cortex-m4 -std=gnu11 -g3 -DDEBUG -DUSE_HAL_DRIVER -DSTM32F401xE -c -I../Core/Inc -I../Drivers/STM32F4xx_HAL_Driver/Inc -I../Drivers/STM32F4xx_HAL_Driver/Inc/Legacy -I../Drivers/CMSIS/Device/ST/STM32F4xx/Include -I../Drivers/CMSIS/Include -O0 -ffunction-sections -fdata-sections -Wall -fstack-usage -fcyclomatic-complexity -MMD -MP -MF"Drivers/STM32F4xx_HAL_Driver/Src/stm32f4xx_hal_uart.d" -MT"Drivers/STM32F4xx_HAL_Driver/Src/stm32f4xx_hal_uart.o" --specs=nano.specs -mfpu=fpv4-sp-d16 -mfloat-abi=hard -mthumb -o "Drivers/STM32F4xx_HAL_Driver/Src/stm32f4xx_hal_uart.o"
arm-none-eabi-gcc "../Drivers/STM32F4xx_HAL_Driver/Src/stm32f4xx_ll_adc.c" -mcpu=cortex-m4 -std=gnu11 -g3 -DDEBUG -DUSE_HAL_DRIVER -DSTM32F401xE -c -I../Core/Inc -I../Drivers/STM32F4xx_HAL_Driver/Inc -I../Drivers/STM32F4xx_HAL_Driver/Inc/Legacy -I../Drivers/CMSIS/Device/ST/STM32F4xx/Include -I../Drivers/CMSIS/Include -O0 -ffunction-sections -fdata-sections -Wall -fstack-usage -fcyclomatic-complexity -MMD -MP -MF"Drivers/STM32F4xx_HAL_Driver/Src/stm32f4xx_ll_adc.d" -MT"Drivers/STM32F4xx_HAL_Driver/Src/stm32f4xx_ll_adc.o" --specs=nano.specs -mfpu=fpv4-sp-d16 -mfloat-abi=hard -mthumb -o "Drivers/STM32F4xx_HAL_Driver/Src/stm32f4xx_ll_adc.o"
arm-none-eabi-gcc "../Core/Src/main.c" -mcpu=cortex-m4 -std=gnu11 -g3 -DDEBUG -DUSE_HAL_DRIVER -DSTM32F401xE -c -I../Core/Inc -I../Drivers/STM32F4xx_HAL_Driver/Inc -I../Drivers/STM32F4xx_HAL_Driver/Inc/Legacy -I../Drivers/CMSIS/Device/ST/STM32F4xx/Include -I../Drivers/CMSIS/Include -O0 -ffunction-sections -fdata-sections -Wall -fstack-usage -fcyclomatic-complexity -MMD -MP -MF"Core/Src/main.d" -MT"Core/Src/main.o" --specs=nano.specs -mfpu=fpv4-sp-d16 -mfloat-abi=hard -mthumb -o "Core/Src/main.o"
arm-none-eabi-gcc "../Core/Src/stm32f4xx_hal_msp.c" -mcpu=cortex-m4 -std=gnu11 -g3 -DDEBUG -DUSE_HAL_DRIVER -DSTM32F401xE -c -I../Core/Inc -I../Drivers/STM32F4xx_HAL_Driver/Inc -I../Drivers/STM32F4xx_HAL_Driver/Inc/Legacy -I../Drivers/CMSIS/Device/ST/STM32F4xx/Include -I../Drivers/CMSIS/Include -O0 -ffunction-sections -fdata-sections -Wall -fstack-usage -fcyclomatic-complexity -MMD -MP -MF"Core/Src/stm32f4xx_hal_msp.d" -MT"Core/Src/stm32f4xx_hal_msp.o" --specs=nano.specs -mfpu=fpv4-sp-d16 -mfloat-abi=hard -mthumb -o "Core/Src/stm32f4xx_hal_msp.o"
arm-none-eabi-gcc "../Core/Src/stm32f4xx_it.c" -mcpu=cortex-m4 -std=gnu11 -g3 -DDEBUG -DUSE_HAL_DRIVER -DSTM32F401xE -c -I../Core/Inc -I../Drivers/STM32F4xx_HAL_Driver/Inc -I../Drivers/STM32F4xx_HAL_Driver/Inc/Legacy -I../Drivers/CMSIS/Device/ST/STM32F4xx/Include -I../Drivers/CMSIS/Include -O0 -ffunction-sections -fdata-sections -Wall -fstack-usage -fcyclomatic-complexity -MMD -MP -MF"Core/Src/stm32f4xx_it.d" -MT"Core/Src/stm32f4xx_it.o" --specs=nano.specs -mfpu=fpv4-sp-d16 -mfloat-abi=hard -mthumb -o "Core/Src/stm32f4xx_it.o"
../Core/Src/main.c: In function 'main':
../Core/Src/main.c:292:17: warning: implicit declaration of function 'sprintf' [-Wimplicit-function-declaration]
  292 |                 sprintf((char*) txd_msg_buffer, "\r\nSETUP MODE\r\n");
      |                 ^~~~~~~
../Core/Src/main.c:21:1: note: include '<stdio.h>' or provide a declaration of 'sprintf'
   20 | #include "main.h"
  +++ |+#include <stdio.h>
   21 | 
../Core/Src/main.c:292:17: warning: incompatible implicit declaration of built-in function 'sprintf' [-Wbuiltin-declaration-mismatch]
  292 |                 sprintf((char*) txd_msg_buffer, "\r\nSETUP MODE\r\n");
      |                 ^~~~~~~
../Core/Src/main.c:292:17: note: include '<stdio.h>' or provide a declaration of 'sprintf'
../Core/Src/main.c:294:33: warning: implicit declaration of function 'strlen' [-Wimplicit-function-declaration]
  294 |                                 strlen((char*) txd_msg_buffer), 100);
      |                                 ^~~~~~
../Core/Src/main.c:21:1: note: include '<string.h>' or provide a declaration of 'strlen'
   20 | #include "main.h"
  +++ |+#include <string.h>
   21 | 
../Core/Src/main.c:294:33: warning: incompatible implicit declaration of built-in function 'strlen' [-Wbuiltin-declaration-mismatch]
  294 |                                 strlen((char*) txd_msg_buffer), 100);
      |                                 ^~~~~~
../Core/Src/main.c:294:33: note: include '<string.h>' or provide a declaration of 'strlen'
../Core/Src/main.c:475:102: warning: unknown conversion type character 'P' in format [-Wformat=]
  475 |                 sprintf((char*) txd_msg_buffer, "Wall Clock Time        Zone/Inlet      Motor Speed %PWM        Motor RPM       Water Reservoir Depth");
      |                                                                                                      ^
../Core/Src/main.c:473:21: warning: unused variable 'time_4' [-Wunused-variable]
  473 |                 int time_4 = (WallClkInputs[8] - WallClkInputs[7]) / 10;
      |                     ^~~~~~
../Core/Src/main.c:472:21: warning: unused variable 'time_3' [-Wunused-variable]
  472 |                 int time_3 = (WallClkInputs[6] - WallClkInputs[5]) / 10;
      |                     ^~~~~~
../Core/Src/main.c:471:21: warning: unused variable 'time_2' [-Wunused-variable]
  471 |                 int time_2 = (WallClkInputs[4] - WallClkInputs[3]) / 10;
      |                     ^~~~~~
../Core/Src/main.c:470:21: warning: unused variable 'time_1' [-Wunused-variable]
  470 |                 int time_1 = (WallClkInputs[2] - WallClkInputs[1]) / 10;
      |                     ^~~~~~
../Core/Src/main.c:281:13: warning: unused variable 'counter' [-Wunused-variable]
  281 |         int counter = 0;
      |             ^~~~~~~
../Core/Src/main.c:270:13: warning: unused variable 'TIM2_CH1_STEP' [-Wunused-variable]
  270 |         int TIM2_CH1_STEP = 20;
      |             ^~~~~~~~~~~~~
../Core/Src/main.c:211:18: warning: unused variable 'distance' [-Wunused-variable]
  211 |         uint16_t distance = 0;
      |                  ^~~~~~~~
../Core/Src/main.c:210:18: warning: unused variable 'time_diff' [-Wunused-variable]
  210 |         uint16_t time_diff = 0;
      |                  ^~~~~~~~~
At top level:
../Core/Src/main.c:73:6: warning: 'ADC_Select_CH' defined but not used [-Wunused-function]
   73 | void ADC_Select_CH(int CH) {
      |      ^~~~~~~~~~~~~
arm-none-eabi-gcc "../Core/Src/system_stm32f4xx.c" -mcpu=cortex-m4 -std=gnu11 -g3 -DDEBUG -DUSE_HAL_DRIVER -DSTM32F401xE -c -I../Core/Inc -I../Drivers/STM32F4xx_HAL_Driver/Inc -I../Drivers/STM32F4xx_HAL_Driver/Inc/Legacy -I../Drivers/CMSIS/Device/ST/STM32F4xx/Include -I../Drivers/CMSIS/Include -O0 -ffunction-sections -fdata-sections -Wall -fstack-usage -fcyclomatic-complexity -MMD -MP -MF"Core/Src/system_stm32f4xx.d" -MT"Core/Src/system_stm32f4xx.o" --specs=nano.specs -mfpu=fpv4-sp-d16 -mfloat-abi=hard -mthumb -o "Core/Src/system_stm32f4xx.o"
arm-none-eabi-gcc -o "Embedded_Project.elf" @"objects.list"   -mcpu=cortex-m4 -T"N:\ECE298\STM32_Workspace\Embedded_Project\STM32F401RETX_FLASH.ld" --specs=nosys.specs -Wl,-Map="Embedded_Project.map" -Wl,--gc-sections -static --specs=nano.specs -mfpu=fpv4-sp-d16 -mfloat-abi=hard -mthumb -Wl,--start-group -lc -lm -Wl,--end-group
Finished building target: Embedded_Project.elf
 
arm-none-eabi-size   Embedded_Project.elf 
arm-none-eabi-objdump -h -S  Embedded_Project.elf  > "Embedded_Project.list"
   text	   data	    bss	    dec	    hex	filename
  27768	    100	   2420	  30288	   7650	Embedded_Project.elf
Finished building: default.size.stdout
 
Finished building: Embedded_Project.list
 
22:43:14 **** Incremental Build of configuration Debug for project Embedded_Project ****
make -j4 all 
arm-none-eabi-gcc "../Core/Src/main.c" -mcpu=cortex-m4 -std=gnu11 -g3 -DDEBUG -DUSE_HAL_DRIVER -DSTM32F401xE -c -I../Core/Inc -I../Drivers/STM32F4xx_HAL_Driver/Inc -I../Drivers/STM32F4xx_HAL_Driver/Inc/Legacy -I../Drivers/CMSIS/Device/ST/STM32F4xx/Include -I../Drivers/CMSIS/Include -O0 -ffunction-sections -fdata-sections -Wall -fstack-usage -fcyclomatic-complexity -MMD -MP -MF"Core/Src/main.d" -MT"Core/Src/main.o" --specs=nano.specs -mfpu=fpv4-sp-d16 -mfloat-abi=hard -mthumb -o "Core/Src/main.o"
../Core/Src/main.c: In function 'main':
../Core/Src/main.c:291:17: warning: implicit declaration of function 'sprintf' [-Wimplicit-function-declaration]
  291 |                 sprintf((char*) txd_msg_buffer, "\r\nSETUP MODE\r\n");
      |                 ^~~~~~~
../Core/Src/main.c:21:1: note: include '<stdio.h>' or provide a declaration of 'sprintf'
   20 | #include "main.h"
  +++ |+#include <stdio.h>
   21 | 
../Core/Src/main.c:291:17: warning: incompatible implicit declaration of built-in function 'sprintf' [-Wbuiltin-declaration-mismatch]
  291 |                 sprintf((char*) txd_msg_buffer, "\r\nSETUP MODE\r\n");
      |                 ^~~~~~~
../Core/Src/main.c:291:17: note: include '<stdio.h>' or provide a declaration of 'sprintf'
../Core/Src/main.c:293:33: warning: implicit declaration of function 'strlen' [-Wimplicit-function-declaration]
  293 |                                 strlen((char*) txd_msg_buffer), 100);
      |                                 ^~~~~~
../Core/Src/main.c:21:1: note: include '<string.h>' or provide a declaration of 'strlen'
   20 | #include "main.h"
  +++ |+#include <string.h>
   21 | 
../Core/Src/main.c:293:33: warning: incompatible implicit declaration of built-in function 'strlen' [-Wbuiltin-declaration-mismatch]
  293 |                                 strlen((char*) txd_msg_buffer), 100);
      |                                 ^~~~~~
../Core/Src/main.c:293:33: note: include '<string.h>' or provide a declaration of 'strlen'
../Core/Src/main.c:476:102: warning: unknown conversion type character 'P' in format [-Wformat=]
  476 |                 sprintf((char*) txd_msg_buffer, "Wall Clock Time        Zone/Inlet      Motor Speed %PWM        Motor RPM       Water Reservoir Depth");
      |                                                                                                      ^
../Core/Src/main.c:474:21: warning: unused variable 'time_4' [-Wunused-variable]
  474 |                 int time_4 = (WallClkInputs[8] - WallClkInputs[7]) / 10;
      |                     ^~~~~~
../Core/Src/main.c:473:21: warning: unused variable 'time_3' [-Wunused-variable]
  473 |                 int time_3 = (WallClkInputs[6] - WallClkInputs[5]) / 10;
      |                     ^~~~~~
../Core/Src/main.c:472:21: warning: unused variable 'time_2' [-Wunused-variable]
  472 |                 int time_2 = (WallClkInputs[4] - WallClkInputs[3]) / 10;
      |                     ^~~~~~
../Core/Src/main.c:471:21: warning: unused variable 'time_1' [-Wunused-variable]
  471 |                 int time_1 = (WallClkInputs[2] - WallClkInputs[1]) / 10;
      |                     ^~~~~~
../Core/Src/main.c:280:13: warning: unused variable 'counter' [-Wunused-variable]
  280 |         int counter = 0;
      |             ^~~~~~~
../Core/Src/main.c:269:13: warning: unused variable 'TIM2_CH1_STEP' [-Wunused-variable]
  269 |         int TIM2_CH1_STEP = 20;
      |             ^~~~~~~~~~~~~
../Core/Src/main.c:211:18: warning: unused variable 'distance' [-Wunused-variable]
  211 |         uint16_t distance = 0;
      |                  ^~~~~~~~
../Core/Src/main.c:210:18: warning: unused variable 'time_diff' [-Wunused-variable]
  210 |         uint16_t time_diff = 0;
      |                  ^~~~~~~~~
At top level:
../Core/Src/main.c:73:6: warning: 'ADC_Select_CH' defined but not used [-Wunused-function]
   73 | void ADC_Select_CH(int CH) {
      |      ^~~~~~~~~~~~~
arm-none-eabi-gcc -o "Embedded_Project.elf" @"objects.list"   -mcpu=cortex-m4 -T"N:\ECE298\STM32_Workspace\Embedded_Project\STM32F401RETX_FLASH.ld" --specs=nosys.specs -Wl,-Map="Embedded_Project.map" -Wl,--gc-sections -static --specs=nano.specs -mfpu=fpv4-sp-d16 -mfloat-abi=hard -mthumb -Wl,--start-group -lc -lm -Wl,--end-group
Finished building target: Embedded_Project.elf
 
arm-none-eabi-size   Embedded_Project.elf 
arm-none-eabi-objdump -h -S  Embedded_Project.elf  > "Embedded_Project.list"
   text	   data	    bss	    dec	    hex	filename
  27684	    100	   2420	  30204	   75fc	Embedded_Project.elf
Finished building: default.size.stdout
 
Finished building: Embedded_Project.list
 
22:45:33 **** Incremental Build of configuration Debug for project Embedded_Project ****
make -j4 all 
arm-none-eabi-gcc "../Core/Src/main.c" -mcpu=cortex-m4 -std=gnu11 -g3 -DDEBUG -DUSE_HAL_DRIVER -DSTM32F401xE -c -I../Core/Inc -I../Drivers/STM32F4xx_HAL_Driver/Inc -I../Drivers/STM32F4xx_HAL_Driver/Inc/Legacy -I../Drivers/CMSIS/Device/ST/STM32F4xx/Include -I../Drivers/CMSIS/Include -O0 -ffunction-sections -fdata-sections -Wall -fstack-usage -fcyclomatic-complexity -MMD -MP -MF"Core/Src/main.d" -MT"Core/Src/main.o" --specs=nano.specs -mfpu=fpv4-sp-d16 -mfloat-abi=hard -mthumb -o "Core/Src/main.o"
../Core/Src/main.c: In function 'main':
../Core/Src/main.c:291:17: warning: implicit declaration of function 'sprintf' [-Wimplicit-function-declaration]
  291 |                 sprintf((char*) txd_msg_buffer, "\r\nSETUP MODE\r\n");
      |                 ^~~~~~~
../Core/Src/main.c:21:1: note: include '<stdio.h>' or provide a declaration of 'sprintf'
   20 | #include "main.h"
  +++ |+#include <stdio.h>
   21 | 
../Core/Src/main.c:291:17: warning: incompatible implicit declaration of built-in function 'sprintf' [-Wbuiltin-declaration-mismatch]
  291 |                 sprintf((char*) txd_msg_buffer, "\r\nSETUP MODE\r\n");
      |                 ^~~~~~~
../Core/Src/main.c:291:17: note: include '<stdio.h>' or provide a declaration of 'sprintf'
../Core/Src/main.c:293:33: warning: implicit declaration of function 'strlen' [-Wimplicit-function-declaration]
  293 |                                 strlen((char*) txd_msg_buffer), 100);
      |                                 ^~~~~~
../Core/Src/main.c:21:1: note: include '<string.h>' or provide a declaration of 'strlen'
   20 | #include "main.h"
  +++ |+#include <string.h>
   21 | 
../Core/Src/main.c:293:33: warning: incompatible implicit declaration of built-in function 'strlen' [-Wbuiltin-declaration-mismatch]
  293 |                                 strlen((char*) txd_msg_buffer), 100);
      |                                 ^~~~~~
../Core/Src/main.c:293:33: note: include '<string.h>' or provide a declaration of 'strlen'
../Core/Src/main.c:477:102: warning: unknown conversion type character 'P' in format [-Wformat=]
  477 |                 sprintf((char*) txd_msg_buffer, "Wall Clock Time        Zone/Inlet      Motor Speed %PWM        Motor RPM       Water Reservoir Depth");
      |                                                                                                      ^
../Core/Src/main.c:474:21: warning: unused variable 'time_4' [-Wunused-variable]
  474 |                 int time_4 = (WallClkInputs[8] - WallClkInputs[7]) / 10;
      |                     ^~~~~~
../Core/Src/main.c:473:21: warning: unused variable 'time_3' [-Wunused-variable]
  473 |                 int time_3 = (WallClkInputs[6] - WallClkInputs[5]) / 10;
      |                     ^~~~~~
../Core/Src/main.c:472:21: warning: unused variable 'time_2' [-Wunused-variable]
  472 |                 int time_2 = (WallClkInputs[4] - WallClkInputs[3]) / 10;
      |                     ^~~~~~
../Core/Src/main.c:471:21: warning: unused variable 'time_1' [-Wunused-variable]
  471 |                 int time_1 = (WallClkInputs[2] - WallClkInputs[1]) / 10;
      |                     ^~~~~~
../Core/Src/main.c:280:13: warning: unused variable 'counter' [-Wunused-variable]
  280 |         int counter = 0;
      |             ^~~~~~~
../Core/Src/main.c:269:13: warning: unused variable 'TIM2_CH1_STEP' [-Wunused-variable]
  269 |         int TIM2_CH1_STEP = 20;
      |             ^~~~~~~~~~~~~
../Core/Src/main.c:211:18: warning: unused variable 'distance' [-Wunused-variable]
  211 |         uint16_t distance = 0;
      |                  ^~~~~~~~
../Core/Src/main.c:210:18: warning: unused variable 'time_diff' [-Wunused-variable]
  210 |         uint16_t time_diff = 0;
      |                  ^~~~~~~~~
At top level:
../Core/Src/main.c:73:6: warning: 'ADC_Select_CH' defined but not used [-Wunused-function]
   73 | void ADC_Select_CH(int CH) {
      |      ^~~~~~~~~~~~~
arm-none-eabi-gcc -o "Embedded_Project.elf" @"objects.list"   -mcpu=cortex-m4 -T"N:\ECE298\STM32_Workspace\Embedded_Project\STM32F401RETX_FLASH.ld" --specs=nosys.specs -Wl,-Map="Embedded_Project.map" -Wl,--gc-sections -static --specs=nano.specs -mfpu=fpv4-sp-d16 -mfloat-abi=hard -mthumb -Wl,--start-group -lc -lm -Wl,--end-group
Finished building target: Embedded_Project.elf
 
arm-none-eabi-size   Embedded_Project.elf 
arm-none-eabi-objdump -h -S  Embedded_Project.elf  > "Embedded_Project.list"
   text	   data	    bss	    dec	    hex	filename
  27740	    100	   2420	  30260	   7634	Embedded_Project.elf
Finished building: default.size.stdout
 
Finished building: Embedded_Project.list
 
22:46:38 **** Incremental Build of configuration Debug for project Embedded_Project ****
make -j4 all 
arm-none-eabi-gcc "../Core/Src/main.c" -mcpu=cortex-m4 -std=gnu11 -g3 -DDEBUG -DUSE_HAL_DRIVER -DSTM32F401xE -c -I../Core/Inc -I../Drivers/STM32F4xx_HAL_Driver/Inc -I../Drivers/STM32F4xx_HAL_Driver/Inc/Legacy -I../Drivers/CMSIS/Device/ST/STM32F4xx/Include -I../Drivers/CMSIS/Include -O0 -ffunction-sections -fdata-sections -Wall -fstack-usage -fcyclomatic-complexity -MMD -MP -MF"Core/Src/main.d" -MT"Core/Src/main.o" --specs=nano.specs -mfpu=fpv4-sp-d16 -mfloat-abi=hard -mthumb -o "Core/Src/main.o"
../Core/Src/main.c: In function 'main':
../Core/Src/main.c:291:17: warning: implicit declaration of function 'sprintf' [-Wimplicit-function-declaration]
  291 |                 sprintf((char*) txd_msg_buffer, "\r\nSETUP MODE\r\n");
      |                 ^~~~~~~
../Core/Src/main.c:21:1: note: include '<stdio.h>' or provide a declaration of 'sprintf'
   20 | #include "main.h"
  +++ |+#include <stdio.h>
   21 | 
../Core/Src/main.c:291:17: warning: incompatible implicit declaration of built-in function 'sprintf' [-Wbuiltin-declaration-mismatch]
  291 |                 sprintf((char*) txd_msg_buffer, "\r\nSETUP MODE\r\n");
      |                 ^~~~~~~
../Core/Src/main.c:291:17: note: include '<stdio.h>' or provide a declaration of 'sprintf'
../Core/Src/main.c:293:33: warning: implicit declaration of function 'strlen' [-Wimplicit-function-declaration]
  293 |                                 strlen((char*) txd_msg_buffer), 100);
      |                                 ^~~~~~
../Core/Src/main.c:21:1: note: include '<string.h>' or provide a declaration of 'strlen'
   20 | #include "main.h"
  +++ |+#include <string.h>
   21 | 
../Core/Src/main.c:293:33: warning: incompatible implicit declaration of built-in function 'strlen' [-Wbuiltin-declaration-mismatch]
  293 |                                 strlen((char*) txd_msg_buffer), 100);
      |                                 ^~~~~~
../Core/Src/main.c:293:33: note: include '<string.h>' or provide a declaration of 'strlen'
../Core/Src/main.c:477:102: warning: unknown conversion type character 'P' in format [-Wformat=]
  477 |                 sprintf((char*) txd_msg_buffer, "Wall Clock Time        Zone/Inlet      Motor Speed %PWM        Motor RPM       Water Reservoir Depth\n");
      |                                                                                                      ^
../Core/Src/main.c:474:21: warning: unused variable 'time_4' [-Wunused-variable]
  474 |                 int time_4 = (WallClkInputs[8] - WallClkInputs[7]) / 10;
      |                     ^~~~~~
../Core/Src/main.c:473:21: warning: unused variable 'time_3' [-Wunused-variable]
  473 |                 int time_3 = (WallClkInputs[6] - WallClkInputs[5]) / 10;
      |                     ^~~~~~
../Core/Src/main.c:472:21: warning: unused variable 'time_2' [-Wunused-variable]
[...]
Finished building: default.size.stdout
 
Finished building: Embedded_Project.list
 
22:33:50 **** Incremental Build of configuration Debug for project Embedded_Project ****
make -j4 all 
arm-none-eabi-gcc "../Core/Src/main.c" -mcpu=cortex-m4 -std=gnu11 -g3 -DDEBUG -DUSE_HAL_DRIVER -DSTM32F401xE -c -I../Core/Inc -I../Drivers/STM32F4xx_HAL_Driver/Inc -I../Drivers/STM32F4xx_HAL_Driver/Inc/Legacy -I../Drivers/CMSIS/Device/ST/STM32F4xx/Include -I../Drivers/CMSIS/Include -O0 -ffunction-sections -fdata-sections -Wall -fstack-usage -fcyclomatic-complexity -MMD -MP -MF"Core/Src/main.d" -MT"Core/Src/main.o" --specs=nano.specs -mfpu=fpv4-sp-d16 -mfloat-abi=hard -mthumb -o "Core/Src/main.o"
../Core/Src/main.c: In function 'main':
../Core/Src/main.c:352:9: warning: implicit declaration of function 'sprintf' [-Wimplicit-function-declaration]
  352 |         sprintf((char*) txd_msg_buffer, "\r\nSETUP MODE\r\n");
      |         ^~~~~~~
../Core/Src/main.c:21:1: note: include '<stdio.h>' or provide a declaration of 'sprintf'
   20 | #include "main.h"
  +++ |+#include <stdio.h>
   21 | 
../Core/Src/main.c:352:9: warning: incompatible implicit declaration of built-in function 'sprintf' [-Wbuiltin-declaration-mismatch]
  352 |         sprintf((char*) txd_msg_buffer, "\r\nSETUP MODE\r\n");
      |         ^~~~~~~
../Core/Src/main.c:352:9: note: include '<stdio.h>' or provide a declaration of 'sprintf'
../Core/Src/main.c:353:52: warning: implicit declaration of function 'strlen' [-Wimplicit-function-declaration]
  353 |         HAL_UART_Transmit(&huart6, txd_msg_buffer, strlen((char*) txd_msg_buffer),
      |                                                    ^~~~~~
../Core/Src/main.c:21:1: note: include '<string.h>' or provide a declaration of 'strlen'
   20 | #include "main.h"
  +++ |+#include <string.h>
   21 | 
../Core/Src/main.c:353:52: warning: incompatible implicit declaration of built-in function 'strlen' [-Wbuiltin-declaration-mismatch]
  353 |         HAL_UART_Transmit(&huart6, txd_msg_buffer, strlen((char*) txd_msg_buffer),
      |                                                    ^~~~~~
../Core/Src/main.c:353:52: note: include '<string.h>' or provide a declaration of 'strlen'
../Core/Src/main.c:589:9: warning: implicit declaration of function 'strcpy' [-Wimplicit-function-declaration]
  589 |         strcpy(zone, "N/A");
      |         ^~~~~~
../Core/Src/main.c:589:9: note: include '<string.h>' or provide a declaration of 'strcpy'
../Core/Src/main.c:589:9: warning: incompatible implicit declaration of built-in function 'strcpy' [-Wbuiltin-declaration-mismatch]
../Core/Src/main.c:589:9: note: include '<string.h>' or provide a declaration of 'strcpy'
../Core/Src/main.c:618:43: error: invalid operands to binary & (have 'double' and 'int')
  618 |                 tens = (percentDist / 10) & 0x0F; // Mask to keep only 4 bits
      |                        ~~~~~~~~~~~~~~~~~~ ^
      |                                     |
      |                                     double
../Core/Src/main.c:619:37: error: invalid operands to binary % (have 'double' and 'int')
  619 |                 ones = (percentDist % 10) & 0x0F; // Mask to keep only 4 bits
      |                                     ^
../Core/Src/main.c:580:13: warning: unused variable 'rotations' [-Wunused-variable]
  580 |         int rotations = 0;
      |             ^~~~~~~~~
../Core/Src/main.c:576:13: warning: unused variable 'res_percent' [-Wunused-variable]
  576 |         int res_percent = 0;
      |             ^~~~~~~~~~~
../Core/Src/main.c:574:13: warning: unused variable 'time_4' [-Wunused-variable]
  574 |         int time_4 = (WallClkInputs[8] - WallClkInputs[7]) / 10;
      |             ^~~~~~
../Core/Src/main.c:573:13: warning: unused variable 'time_3' [-Wunused-variable]
  573 |         int time_3 = (WallClkInputs[6] - WallClkInputs[5]) / 10;
      |             ^~~~~~
../Core/Src/main.c:572:13: warning: unused variable 'time_2' [-Wunused-variable]
  572 |         int time_2 = (WallClkInputs[4] - WallClkInputs[3]) / 10;
      |             ^~~~~~
../Core/Src/main.c:571:13: warning: unused variable 'time_1' [-Wunused-variable]
  571 |         int time_1 = (WallClkInputs[2] - WallClkInputs[1]) / 10;
      |             ^~~~~~
../Core/Src/main.c:343:13: warning: unused variable 'counter' [-Wunused-variable]
  343 |         int counter = 0;
      |             ^~~~~~~
../Core/Src/main.c:332:13: warning: unused variable 'TIM1_CH2_STEP' [-Wunused-variable]
  332 |         int TIM1_CH2_STEP = 20;
      |             ^~~~~~~~~~~~~
../Core/Src/main.c:273:18: warning: variable 'time_diff' set but not used [-Wunused-but-set-variable]
  273 |         uint16_t time_diff = 0;
      |                  ^~~~~~~~~
make: *** [Core/Src/subdir.mk:34: Core/Src/main.o] Error 1
"make -j4 all" terminated with exit code 2. Build might be incomplete.
22:34:08 **** Incremental Build of configuration Debug for project Embedded_Project ****
make -j4 all 
arm-none-eabi-gcc "../Core/Src/main.c" -mcpu=cortex-m4 -std=gnu11 -g3 -DDEBUG -DUSE_HAL_DRIVER -DSTM32F401xE -c -I../Core/Inc -I../Drivers/STM32F4xx_HAL_Driver/Inc -I../Drivers/STM32F4xx_HAL_Driver/Inc/Legacy -I../Drivers/CMSIS/Device/ST/STM32F4xx/Include -I../Drivers/CMSIS/Include -O0 -ffunction-sections -fdata-sections -Wall -fstack-usage -fcyclomatic-complexity -MMD -MP -MF"Core/Src/main.d" -MT"Core/Src/main.o" --specs=nano.specs -mfpu=fpv4-sp-d16 -mfloat-abi=hard -mthumb -o "Core/Src/main.o"
../Core/Src/main.c: In function 'main':
../Core/Src/main.c:352:9: warning: implicit declaration of function 'sprintf' [-Wimplicit-function-declaration]
  352 |         sprintf((char*) txd_msg_buffer, "\r\nSETUP MODE\r\n");
      |         ^~~~~~~
../Core/Src/main.c:21:1: note: include '<stdio.h>' or provide a declaration of 'sprintf'
   20 | #include "main.h"
  +++ |+#include <stdio.h>
   21 | 
../Core/Src/main.c:352:9: warning: incompatible implicit declaration of built-in function 'sprintf' [-Wbuiltin-declaration-mismatch]
  352 |         sprintf((char*) txd_msg_buffer, "\r\nSETUP MODE\r\n");
      |         ^~~~~~~
../Core/Src/main.c:352:9: note: include '<stdio.h>' or provide a declaration of 'sprintf'
../Core/Src/main.c:353:52: warning: implicit declaration of function 'strlen' [-Wimplicit-function-declaration]
  353 |         HAL_UART_Transmit(&huart6, txd_msg_buffer, strlen((char*) txd_msg_buffer),
      |                                                    ^~~~~~
../Core/Src/main.c:21:1: note: include '<string.h>' or provide a declaration of 'strlen'
   20 | #include "main.h"
  +++ |+#include <string.h>
   21 | 
../Core/Src/main.c:353:52: warning: incompatible implicit declaration of built-in function 'strlen' [-Wbuiltin-declaration-mismatch]
  353 |         HAL_UART_Transmit(&huart6, txd_msg_buffer, strlen((char*) txd_msg_buffer),
      |                                                    ^~~~~~
../Core/Src/main.c:353:52: note: include '<string.h>' or provide a declaration of 'strlen'
../Core/Src/main.c:589:9: warning: implicit declaration of function 'strcpy' [-Wimplicit-function-declaration]
  589 |         strcpy(zone, "N/A");
      |         ^~~~~~
../Core/Src/main.c:589:9: note: include '<string.h>' or provide a declaration of 'strcpy'
../Core/Src/main.c:589:9: warning: incompatible implicit declaration of built-in function 'strcpy' [-Wbuiltin-declaration-mismatch]
../Core/Src/main.c:589:9: note: include '<string.h>' or provide a declaration of 'strcpy'
../Core/Src/main.c:580:13: warning: unused variable 'rotations' [-Wunused-variable]
  580 |         int rotations = 0;
      |             ^~~~~~~~~
../Core/Src/main.c:576:13: warning: unused variable 'res_percent' [-Wunused-variable]
  576 |         int res_percent = 0;
      |             ^~~~~~~~~~~
../Core/Src/main.c:574:13: warning: unused variable 'time_4' [-Wunused-variable]
  574 |         int time_4 = (WallClkInputs[8] - WallClkInputs[7]) / 10;
      |             ^~~~~~
../Core/Src/main.c:573:13: warning: unused variable 'time_3' [-Wunused-variable]
  573 |         int time_3 = (WallClkInputs[6] - WallClkInputs[5]) / 10;
      |             ^~~~~~
../Core/Src/main.c:572:13: warning: unused variable 'time_2' [-Wunused-variable]
  572 |         int time_2 = (WallClkInputs[4] - WallClkInputs[3]) / 10;
      |             ^~~~~~
../Core/Src/main.c:571:13: warning: unused variable 'time_1' [-Wunused-variable]
  571 |         int time_1 = (WallClkInputs[2] - WallClkInputs[1]) / 10;
      |             ^~~~~~
../Core/Src/main.c:343:13: warning: unused variable 'counter' [-Wunused-variable]
  343 |         int counter = 0;
      |             ^~~~~~~
../Core/Src/main.c:332:13: warning: unused variable 'TIM1_CH2_STEP' [-Wunused-variable]
  332 |         int TIM1_CH2_STEP = 20;
      |             ^~~~~~~~~~~~~
../Core/Src/main.c:273:18: warning: variable 'time_diff' set but not used [-Wunused-but-set-variable]
  273 |         uint16_t time_diff = 0;
      |                  ^~~~~~~~~
arm-none-eabi-gcc -o "Embedded_Project.elf" @"objects.list"   -mcpu=cortex-m4 -T"N:\ECE298\STM32_Workspace\Embedded_Project\STM32F401RETX_FLASH.ld" --specs=nosys.specs -Wl,-Map="Embedded_Project.map" -Wl,--gc-sections -static --specs=nano.specs -mfpu=fpv4-sp-d16 -mfloat-abi=hard -mthumb -Wl,--start-group -lc -lm -Wl,--end-group
Finished building target: Embedded_Project.elf
 
arm-none-eabi-size   Embedded_Project.elf 
arm-none-eabi-objdump -h -S  Embedded_Project.elf  > "Embedded_Project.list"
   text	   data	    bss	    dec	    hex	filename
  34076	    100	   2428	  36604	   8efc	Embedded_Project.elf
Finished building: default.size.stdout
 
Finished building: Embedded_Project.list
 
22:36:30 **** Incremental Build of configuration Debug for project Embedded_Project ****
make -j4 all 
arm-none-eabi-gcc "../Core/Src/main.c" -mcpu=cortex-m4 -std=gnu11 -g3 -DDEBUG -DUSE_HAL_DRIVER -DSTM32F401xE -c -I../Core/Inc -I../Drivers/STM32F4xx_HAL_Driver/Inc -I../Drivers/STM32F4xx_HAL_Driver/Inc/Legacy -I../Drivers/CMSIS/Device/ST/STM32F4xx/Include -I../Drivers/CMSIS/Include -O0 -ffunction-sections -fdata-sections -Wall -fstack-usage -fcyclomatic-complexity -MMD -MP -MF"Core/Src/main.d" -MT"Core/Src/main.o" --specs=nano.specs -mfpu=fpv4-sp-d16 -mfloat-abi=hard -mthumb -o "Core/Src/main.o"
../Core/Src/main.c: In function 'main':
../Core/Src/main.c:352:9: warning: implicit declaration of function 'sprintf' [-Wimplicit-function-declaration]
  352 |         sprintf((char*) txd_msg_buffer, "\r\nSETUP MODE\r\n");
      |         ^~~~~~~
../Core/Src/main.c:21:1: note: include '<stdio.h>' or provide a declaration of 'sprintf'
   20 | #include "main.h"
  +++ |+#include <stdio.h>
   21 | 
../Core/Src/main.c:352:9: warning: incompatible implicit declaration of built-in function 'sprintf' [-Wbuiltin-declaration-mismatch]
  352 |         sprintf((char*) txd_msg_buffer, "\r\nSETUP MODE\r\n");
      |         ^~~~~~~
../Core/Src/main.c:352:9: note: include '<stdio.h>' or provide a declaration of 'sprintf'
../Core/Src/main.c:353:52: warning: implicit declaration of function 'strlen' [-Wimplicit-function-declaration]
  353 |         HAL_UART_Transmit(&huart6, txd_msg_buffer, strlen((char*) txd_msg_buffer),
      |                                                    ^~~~~~
../Core/Src/main.c:21:1: note: include '<string.h>' or provide a declaration of 'strlen'
   20 | #include "main.h"
  +++ |+#include <string.h>
   21 | 
../Core/Src/main.c:353:52: warning: incompatible implicit declaration of built-in function 'strlen' [-Wbuiltin-declaration-mismatch]
  353 |         HAL_UART_Transmit(&huart6, txd_msg_buffer, strlen((char*) txd_msg_buffer),
      |                                                    ^~~~~~
../Core/Src/main.c:353:52: note: include '<string.h>' or provide a declaration of 'strlen'
../Core/Src/main.c:589:9: warning: implicit declaration of function 'strcpy' [-Wimplicit-function-declaration]
  589 |         strcpy(zone, "N/A");
      |         ^~~~~~
../Core/Src/main.c:589:9: note: include '<string.h>' or provide a declaration of 'strcpy'
../Core/Src/main.c:589:9: warning: incompatible implicit declaration of built-in function 'strcpy' [-Wbuiltin-declaration-mismatch]
../Core/Src/main.c:589:9: note: include '<string.h>' or provide a declaration of 'strcpy'
../Core/Src/main.c:580:13: warning: unused variable 'rotations' [-Wunused-variable]
  580 |         int rotations = 0;
      |             ^~~~~~~~~
../Core/Src/main.c:578:17: warning: variable 'ones' set but not used [-Wunused-but-set-variable]
  578 |         uint8_t ones = 0; // Mask to keep only 4 bits
      |                 ^~~~
../Core/Src/main.c:577:17: warning: variable 'tens' set but not used [-Wunused-but-set-variable]
  577 |         uint8_t tens = 0; // Mask to keep only 4 bits
      |                 ^~~~
../Core/Src/main.c:576:13: warning: unused variable 'res_percent' [-Wunused-variable]
  576 |         int res_percent = 0;
      |             ^~~~~~~~~~~
../Core/Src/main.c:574:13: warning: unused variable 'time_4' [-Wunused-variable]
  574 |         int time_4 = (WallClkInputs[8] - WallClkInputs[7]) / 10;
      |             ^~~~~~
../Core/Src/main.c:573:13: warning: unused variable 'time_3' [-Wunused-variable]
  573 |         int time_3 = (WallClkInputs[6] - WallClkInputs[5]) / 10;
      |             ^~~~~~
../Core/Src/main.c:572:13: warning: unused variable 'time_2' [-Wunused-variable]
  572 |         int time_2 = (WallClkInputs[4] - WallClkInputs[3]) / 10;
      |             ^~~~~~
../Core/Src/main.c:571:13: warning: unused variable 'time_1' [-Wunused-variable]
  571 |         int time_1 = (WallClkInputs[2] - WallClkInputs[1]) / 10;
      |             ^~~~~~
../Core/Src/main.c:343:13: warning: unused variable 'counter' [-Wunused-variable]
  343 |         int counter = 0;
      |             ^~~~~~~
../Core/Src/main.c:332:13: warning: unused variable 'TIM1_CH2_STEP' [-Wunused-variable]
  332 |         int TIM1_CH2_STEP = 20;
      |             ^~~~~~~~~~~~~
../Core/Src/main.c:273:18: warning: variable 'time_diff' set but not used [-Wunused-but-set-variable]
  273 |         uint16_t time_diff = 0;
      |                  ^~~~~~~~~
arm-none-eabi-gcc -o "Embedded_Project.elf" @"objects.list"   -mcpu=cortex-m4 -T"N:\ECE298\STM32_Workspace\Embedded_Project\STM32F401RETX_FLASH.ld" --specs=nosys.specs -Wl,-Map="Embedded_Project.map" -Wl,--gc-sections -static --specs=nano.specs -mfpu=fpv4-sp-d16 -mfloat-abi=hard -mthumb -Wl,--start-group -lc -lm -Wl,--end-group
Finished building target: Embedded_Project.elf
 
arm-none-eabi-size   Embedded_Project.elf 
arm-none-eabi-objdump -h -S  Embedded_Project.elf  > "Embedded_Project.list"
   text	   data	    bss	    dec	    hex	filename
  34068	    100	   2428	  36596	   8ef4	Embedded_Project.elf
Finished building: default.size.stdout
 
Finished building: Embedded_Project.list
 
22:47:43 **** Incremental Build of configuration Debug for project Embedded_Project ****
make -j4 all 
arm-none-eabi-gcc "../Core/Src/main.c" -mcpu=cortex-m4 -std=gnu11 -g3 -DDEBUG -DUSE_HAL_DRIVER -DSTM32F401xE -c -I../Core/Inc -I../Drivers/STM32F4xx_HAL_Driver/Inc -I../Drivers/STM32F4xx_HAL_Driver/Inc/Legacy -I../Drivers/CMSIS/Device/ST/STM32F4xx/Include -I../Drivers/CMSIS/Include -O0 -ffunction-sections -fdata-sections -Wall -fstack-usage -fcyclomatic-complexity -MMD -MP -MF"Core/Src/main.d" -MT"Core/Src/main.o" --specs=nano.specs -mfpu=fpv4-sp-d16 -mfloat-abi=hard -mthumb -o "Core/Src/main.o"
../Core/Src/main.c: In function 'main':
../Core/Src/main.c:352:9: warning: implicit declaration of function 'sprintf' [-Wimplicit-function-declaration]
  352 |         sprintf((char*) txd_msg_buffer, "\r\nSETUP MODE\r\n");
      |         ^~~~~~~
../Core/Src/main.c:21:1: note: include '<stdio.h>' or provide a declaration of 'sprintf'
   20 | #include "main.h"
  +++ |+#include <stdio.h>
   21 | 
../Core/Src/main.c:352:9: warning: incompatible implicit declaration of built-in function 'sprintf' [-Wbuiltin-declaration-mismatch]
  352 |         sprintf((char*) txd_msg_buffer, "\r\nSETUP MODE\r\n");
      |         ^~~~~~~
../Core/Src/main.c:352:9: note: include '<stdio.h>' or provide a declaration of 'sprintf'
../Core/Src/main.c:353:52: warning: implicit declaration of function 'strlen' [-Wimplicit-function-declaration]
  353 |         HAL_UART_Transmit(&huart6, txd_msg_buffer, strlen((char*) txd_msg_buffer),
      |                                                    ^~~~~~
../Core/Src/main.c:21:1: note: include '<string.h>' or provide a declaration of 'strlen'
   20 | #include "main.h"
  +++ |+#include <string.h>
   21 | 
../Core/Src/main.c:353:52: warning: incompatible implicit declaration of built-in function 'strlen' [-Wbuiltin-declaration-mismatch]
  353 |         HAL_UART_Transmit(&huart6, txd_msg_buffer, strlen((char*) txd_msg_buffer),
      |                                                    ^~~~~~
../Core/Src/main.c:353:52: note: include '<string.h>' or provide a declaration of 'strlen'
../Core/Src/main.c:589:9: warning: implicit declaration of function 'strcpy' [-Wimplicit-function-declaration]
  589 |         strcpy(zone, "N/A");
      |         ^~~~~~
../Core/Src/main.c:589:9: note: include '<string.h>' or provide a declaration of 'strcpy'
../Core/Src/main.c:589:9: warning: incompatible implicit declaration of built-in function 'strcpy' [-Wbuiltin-declaration-mismatch]
../Core/Src/main.c:589:9: note: include '<string.h>' or provide a declaration of 'strcpy'
../Core/Src/main.c:580:13: warning: unused variable 'rotations' [-Wunused-variable]
  580 |         int rotations = 0;
      |             ^~~~~~~~~
../Core/Src/main.c:576:13: warning: unused variable 'res_percent' [-Wunused-variable]
  576 |         int res_percent = 0;
      |             ^~~~~~~~~~~
../Core/Src/main.c:574:13: warning: unused variable 'time_4' [-Wunused-variable]
  574 |         int time_4 = (WallClkInputs[8] - WallClkInputs[7]) / 10;
      |             ^~~~~~
../Core/Src/main.c:573:13: warning: unused variable 'time_3' [-Wunused-variable]
  573 |         int time_3 = (WallClkInputs[6] - WallClkInputs[5]) / 10;
      |             ^~~~~~
../Core/Src/main.c:572:13: warning: unused variable 'time_2' [-Wunused-variable]
  572 |         int time_2 = (WallClkInputs[4] - WallClkInputs[3]) / 10;
      |             ^~~~~~
../Core/Src/main.c:571:13: warning: unused variable 'time_1' [-Wunused-variable]
  571 |         int time_1 = (WallClkInputs[2] - WallClkInputs[1]) / 10;
      |             ^~~~~~
../Core/Src/main.c:343:13: warning: unused variable 'counter' [-Wunused-variable]
  343 |         int counter = 0;
      |             ^~~~~~~
../Core/Src/main.c:332:13: warning: unused variable 'TIM1_CH2_STEP' [-Wunused-variable]
  332 |         int TIM1_CH2_STEP = 20;
      |             ^~~~~~~~~~~~~
../Core/Src/main.c:273:18: warning: variable 'time_diff' set but not used [-Wunused-but-set-variable]
  273 |         uint16_t time_diff = 0;
      |                  ^~~~~~~~~
arm-none-eabi-gcc -o "Embedded_Project.elf" @"objects.list"   -mcpu=cortex-m4 -T"N:\ECE298\STM32_Workspace\Embedded_Project\STM32F401RETX_FLASH.ld" --specs=nosys.specs -Wl,-Map="Embedded_Project.map" -Wl,--gc-sections -static --specs=nano.specs -mfpu=fpv4-sp-d16 -mfloat-abi=hard -mthumb -Wl,--start-group -lc -lm -Wl,--end-group
Finished building target: Embedded_Project.elf
 
arm-none-eabi-size   Embedded_Project.elf 
arm-none-eabi-objdump -h -S  Embedded_Project.elf  > "Embedded_Project.list"
   text	   data	    bss	    dec	    hex	filename
  34080	    100	   2428	  36608	   8f00	Embedded_Project.elf
Finished building: default.size.stdout
 
Finished building: Embedded_Project.list
 
22:51:24 **** Incremental Build of configuration Debug for project Embedded_Project ****
make -j4 all 
arm-none-eabi-size   Embedded_Project.elf 
   text	   data	    bss	    dec	    hex	filename
  34080	    100	   2428	  36608	   8f00	Embedded_Project.elf
Finished building: default.size.stdout
 
