../Core/Src/main.c:73:6:DIGITS_Display	56	static
../Core/Src/main.c:136:6:ADC_Select_CH	32	static
../Core/Src/main.c:276:7:HCSR04_TRIG_PULSE	24	static
../Core/Src/main.c:269:5:main	424	static
../Core/Src/main.c:818:6:SystemClock_Config	88	static
../Core/Src/main.c:857:13:MX_ADC1_Init	24	static
../Core/Src/main.c:906:13:MX_TIM1_Init	80	static
../Core/Src/main.c:969:13:MX_TIM2_Init	48	static
../Core/Src/main.c:1022:13:MX_TIM3_Init	64	static
../Core/Src/main.c:1082:13:MX_TIM5_Init	32	static
../Core/Src/main.c:1124:13:MX_USART2_UART_Init	8	static
../Core/Src/main.c:1155:13:MX_USART6_UART_Init	8	static
../Core/Src/main.c:1186:13:MX_GPIO_Init	48	static
../Core/Src/main.c:1262:6:HAL_GPIO_EXTI_Callback	16	static
../Core/Src/main.c:1268:6:HAL_TIM_IC_CaptureCallback	16	static
../Core/Src/main.c:1285:6:HAL_TIM_PeriodElapsedCallback	16	static
../Core/Src/main.c:1299:6:Error_Handler	4	static,ignoring_inline_asm
